Archive member included to satisfy reference by file (symbol)

C:/Program Files (x86)/ARM/arm-gnu-toolchain-15.2.rel1-mingw-w64-i686-arm-none-eabi/bin/../lib/gcc/arm-none-eabi/15.2.1/../../../../arm-none-eabi/lib/thumb/v7e-m+dp/hard\libc_nano.a(libc_a-exit.o)
                              C:/Program Files (x86)/ARM/arm-gnu-toolchain-15.2.rel1-mingw-w64-i686-arm-none-eabi/bin/../lib/gcc/arm-none-eabi/15.2.1/../../../../arm-none-eabi/lib/thumb/v7e-m+dp/hard/crt0.o (exit)
C:/Program Files (x86)/ARM/arm-gnu-toolchain-15.2.rel1-mingw-w64-i686-arm-none-eabi/bin/../lib/gcc/arm-none-eabi/15.2.1/../../../../arm-none-eabi/lib/thumb/v7e-m+dp/hard\libc_nano.a(libc_a-strtoul.o)
                              build/fault_command.o (strtoul)
C:/Program Files (x86)/ARM/arm-gnu-toolchain-15.2.rel1-mingw-w64-i686-arm-none-eabi/bin/../lib/gcc/arm-none-eabi/15.2.1/../../../../arm-none-eabi/lib/thumb/v7e-m+dp/hard\libc_nano.a(libc_a-ctype_.o)
                              C:/Program Files (x86)/ARM/arm-gnu-toolchain-15.2.rel1-mingw-w64-i686-arm-none-eabi/bin/../lib/gcc/arm-none-eabi/15.2.1/../../../../arm-none-eabi/lib/thumb/v7e-m+dp/hard\libc_nano.a(libc_a-strtoul.o) (_ctype_)
C:/Program Files (x86)/ARM/arm-gnu-toolchain-15.2.rel1-mingw-w64-i686-arm-none-eabi/bin/../lib/gcc/arm-none-eabi/15.2.1/../../../../arm-none-eabi/lib/thumb/v7e-m+dp/hard\libc_nano.a(libc_a-findfp.o)
                              C:/Program Files (x86)/ARM/arm-gnu-toolchain-15.2.rel1-mingw-w64-i686-arm-none-eabi/bin/../lib/gcc/arm-none-eabi/15.2.1/../../../../arm-none-eabi/lib/thumb/v7e-m+dp/hard\libc_nano.a(libc_a-exit.o) (__stdio_exit_handler)
C:/Program Files (x86)/ARM/arm-gnu-toolchain-15.2.rel1-mingw-w64-i686-arm-none-eabi/bin/../lib/gcc/arm-none-eabi/15.2.1/../../../../arm-none-eabi/lib/thumb/v7e-m+dp/hard\libc_nano.a(libc_a-fwalk.o)
                              C:/Program Files (x86)/ARM/arm-gnu-toolchain-15.2.rel1-mingw-w64-i686-arm-none-eabi/bin/../lib/gcc/arm-none-eabi/15.2.1/../../../../arm-none-eabi/lib/thumb/v7e-m+dp/hard\libc_nano.a(libc_a-findfp.o) (_fwalk_sglue)
C:/Program Files (x86)/ARM/arm-gnu-toolchain-15.2.rel1-mingw-w64-i686-arm-none-eabi/bin/../lib/gcc/arm-none-eabi/15.2.1/../../../../arm-none-eabi/lib/thumb/v7e-m+dp/hard\libc_nano.a(libc_a-printf.o)
                              build/main.o (printf)
C:/Program Files (x86)/ARM/arm-gnu-toolchain-15.2.rel1-mingw-w64-i686-arm-none-eabi/bin/../lib/gcc/arm-none-eabi/15.2.1/../../../../arm-none-eabi/lib/thumb/v7e-m+dp/hard\libc_nano.a(libc_a-puts.o)
                              build/main.o (puts)
C:/Program Files (x86)/ARM/arm-gnu-toolchain-15.2.rel1-mingw-w64-i686-arm-none-eabi/bin/../lib/gcc/arm-none-eabi/15.2.1/../../../../arm-none-eabi/lib/thumb/v7e-m+dp/hard\libc_nano.a(libc_a-setvbuf.o)
                              build/main.o (setvbuf)
C:/Program Files (x86)/ARM/arm-gnu-toolchain-15.2.rel1-mingw-w64-i686-arm-none-eabi/bin/../lib/gcc/arm-none-eabi/15.2.1/../../../../arm-none-eabi/lib/thumb/v7e-m+dp/hard\libc_nano.a(libc_a-snprintf.o)
                              build/fault_command.o (snprintf)
C:/Program Files (x86)/ARM/arm-gnu-toolchain-15.2.rel1-mingw-w64-i686-arm-none-eabi/bin/../lib/gcc/arm-none-eabi/15.2.1/../../../../arm-none-eabi/lib/thumb/v7e-m+dp/hard\libc_nano.a(libc_a-sscanf.o)
                              build/fault_command.o (sscanf)
C:/Program Files (x86)/ARM/arm-gnu-toolchain-15.2.rel1-mingw-w64-i686-arm-none-eabi/bin/../lib/gcc/arm-none-eabi/15.2.1/../../../../arm-none-eabi/lib/thumb/v7e-m+dp/hard\libc_nano.a(libc_a-stdio.o)
                              C:/Program Files (x86)/ARM/arm-gnu-toolchain-15.2.rel1-mingw-w64-i686-arm-none-eabi/bin/../lib/gcc/arm-none-eabi/15.2.1/../../../../arm-none-eabi/lib/thumb/v7e-m+dp/hard\libc_nano.a(libc_a-findfp.o) (__sread)
C:/Program Files (x86)/ARM/arm-gnu-toolchain-15.2.rel1-mingw-w64-i686-arm-none-eabi/bin/../lib/gcc/arm-none-eabi/15.2.1/../../../../arm-none-eabi/lib/thumb/v7e-m+dp/hard\libc_nano.a(libc_a-vsnprintf.o)
                              build/fault_command.o (vsnprintf)
C:/Program Files (x86)/ARM/arm-gnu-toolchain-15.2.rel1-mingw-w64-i686-arm-none-eabi/bin/../lib/gcc/arm-none-eabi/15.2.1/../../../../arm-none-eabi/lib/thumb/v7e-m+dp/hard\libc_nano.a(libc_a-wbuf.o)
                              C:/Program Files (x86)/ARM/arm-gnu-toolchain-15.2.rel1-mingw-w64-i686-arm-none-eabi/bin/../lib/gcc/arm-none-eabi/15.2.1/../../../../arm-none-eabi/lib/thumb/v7e-m+dp/hard\libc_nano.a(libc_a-puts.o) (__swbuf_r)
C:/Program Files (x86)/ARM/arm-gnu-toolchain-15.2.rel1-mingw-w64-i686-arm-none-eabi/bin/../lib/gcc/arm-none-eabi/15.2.1/../../../../arm-none-eabi/lib/thumb/v7e-m+dp/hard\libc_nano.a(libc_a-wsetup.o)
                              C:/Program Files (x86)/ARM/arm-gnu-toolchain-15.2.rel1-mingw-w64-i686-arm-none-eabi/bin/../lib/gcc/arm-none-eabi/15.2.1/../../../../arm-none-eabi/lib/thumb/v7e-m+dp/hard\libc_nano.a(libc_a-puts.o) (__swsetup_r)
[...]
Memory Configuration

Name             Origin             Length             Attributes
DTCMRAM          0x20000000         0x00020000         xrw
RAM              0x24000000         0x00080000         xrw
RAM_D2           0x30000000         0x00048000         xrw
RAM_D3           0x38000000         0x00010000         xrw
ITCMRAM          0x00000000         0x00010000         xrw
FLASH            0x08000000         0x00200000         xr
*default*        0x00000000         0xffffffff

Linker script and memory map

LOAD C:/Program Files (x86)/ARM/arm-gnu-toolchain-15.2.rel1-mingw-w64-i686-arm-none-eabi/bin/../lib/gcc/arm-none-eabi/15.2.1/thumb/v7e-m+dp/hard/crti.o
LOAD C:/Program Files (x86)/ARM/arm-gnu-toolchain-15.2.rel1-mingw-w64-i686-arm-none-eabi/bin/../lib/gcc/arm-none-eabi/15.2.1/thumb/v7e-m+dp/hard/crtbegin.o
LOAD C:/Program Files (x86)/ARM/arm-gnu-toolchain-15.2.rel1-mingw-w64-i686-arm-none-eabi/bin/../lib/gcc/arm-none-eabi/15.2.1/../../../../arm-none-eabi/lib/thumb/v7e-m+dp/hard/crt0.o
LOAD build/main.o
LOAD build/gpio.o
LOAD build/freertos.o
LOAD build/eth.o
LOAD build/fmc.o
LOAD build/spi.o
LOAD build/usart.o
LOAD build/stm32h7xx_it.o
LOAD build/stm32h7xx_hal_msp.o
LOAD build/fault_command.o
LOAD build/fault_console.o
LOAD build/voltage_sim.o
LOAD build/bsp_dac81416.o
LOAD build/dac81416.o
LOAD build/stm32h7xx_hal_cortex.o
LOAD build/stm32h7xx_hal_rcc.o
LOAD build/stm32h7xx_hal_rcc_ex.o
LOAD build/stm32h7xx_hal_flash.o
LOAD build/stm32h7xx_hal_flash_ex.o
LOAD build/stm32h7xx_hal_gpio.o
LOAD build/stm32h7xx_hal_hsem.o
LOAD build/stm32h7xx_hal_dma.o
LOAD build/stm32h7xx_hal_dma_ex.o
LOAD build/stm32h7xx_hal_mdma.o
LOAD build/stm32h7xx_hal_pwr.o
LOAD build/stm32h7xx_hal_pwr_ex.o
LOAD build/stm32h7xx_hal.o
LOAD build/stm32h7xx_hal_i2c.o
LOAD build/stm32h7xx_hal_i2c_ex.o
LOAD build/stm32h7xx_hal_exti.o
LOAD build/stm32h7xx_hal_eth.o
LOAD build/stm32h7xx_hal_eth_ex.o
LOAD build/stm32h7xx_ll_fmc.o
LOAD build/stm32h7xx_hal_nor.o
LOAD build/stm32h7xx_hal_sram.o
LOAD build/stm32h7xx_hal_nand.o
LOAD build/stm32h7xx_hal_sdram.o
LOAD build/stm32h7xx_hal_spi.o
LOAD build/stm32h7xx_hal_spi_ex.o
LOAD build/stm32h7xx_hal_tim.o
LOAD build/stm32h7xx_hal_tim_ex.o
LOAD build/stm32h7xx_hal_uart.o
LOAD build/stm32h7xx_hal_uart_ex.o
LOAD build/system_stm32h7xx.o
LOAD build/mpu_wrappers_v2.o
LOAD build/croutine.o
LOAD build/event_groups.o
LOAD build/list.o
LOAD build/queue.o
LOAD build/stream_buffer.o
LOAD build/tasks.o
LOAD build/timers.o
LOAD build/cmsis_os2.o
LOAD build/heap_4.o
LOAD build/port.o
LOAD build/sysmem.o
LOAD build/syscalls.o
LOAD build/stm32h7xx_hal_timebase_tim.o
LOAD build/startup_stm32h743xx.o
LOAD C:/Program Files (x86)/ARM/arm-gnu-toolchain-15.2.rel1-mingw-w64-i686-arm-none-eabi/bin/../lib/gcc/arm-none-eabi/15.2.1/../../../../arm-none-eabi/lib/thumb/v7e-m+dp/hard\libc_nano.a
LOAD C:/Program Files (x86)/ARM/arm-gnu-toolchain-15.2.rel1-mingw-w64-i686-arm-none-eabi/bin/../lib/gcc/arm-none-eabi/15.2.1/../../../../arm-none-eabi/lib/thumb/v7e-m+dp/hard\libm.a
LOAD C:/Program Files (x86)/ARM/arm-gnu-toolchain-15.2.rel1-mingw-w64-i686-arm-none-eabi/bin/../lib/gcc/arm-none-eabi/15.2.1/../../../../arm-none-eabi/lib/thumb/v7e-m+dp/hard\libnosys.a
START GROUP
LOAD C:/Program Files (x86)/ARM/arm-gnu-toolchain-15.2.rel1-mingw-w64-i686-arm-none-eabi/bin/../lib/gcc/arm-none-eabi/15.2.1/thumb/v7e-m+dp/hard\libgcc.a
LOAD C:/Program Files (x86)/ARM/arm-gnu-toolchain-15.2.rel1-mingw-w64-i686-arm-none-eabi/bin/../lib/gcc/arm-none-eabi/15.2.1/../../../../arm-none-eabi/lib/thumb/v7e-m+dp/hard\libc_nano.a
END GROUP
START GROUP
LOAD C:/Program Files (x86)/ARM/arm-gnu-toolchain-15.2.rel1-mingw-w64-i686-arm-none-eabi/bin/../lib/gcc/arm-none-eabi/15.2.1/thumb/v7e-m+dp/hard\libgcc.a
LOAD C:/Program Files (x86)/ARM/arm-gnu-toolchain-15.2.rel1-mingw-w64-i686-arm-none-eabi/bin/../lib/gcc/arm-none-eabi/15.2.1/../../../../arm-none-eabi/lib/thumb/v7e-m+dp/hard\libc_nano.a
END GROUP
LOAD C:/Program Files (x86)/ARM/arm-gnu-toolchain-15.2.rel1-mingw-w64-i686-arm-none-eabi/bin/../lib/gcc/arm-none-eabi/15.2.1/thumb/v7e-m+dp/hard/crtend.o
LOAD C:/Program Files (x86)/ARM/arm-gnu-toolchain-15.2.rel1-mingw-w64-i686-arm-none-eabi/bin/../lib/gcc/arm-none-eabi/15.2.1/thumb/v7e-m+dp/hard/crtn.o
                0x20020000                        _estack = (ORIGIN (DTCMRAM) + LENGTH (DTCMRAM))
                0x2001fc00                        _sstack = (_estack - _Min_Stack_Size)
                0x00000200                        _Min_Heap_Size = 0x200
                0x00000400                        _Min_Stack_Size = 0x400

.isr_vector     0x08000000      0x298
                0x08000000                        . = ALIGN (0x4)
 *(.isr_vector)
 .isr_vector    0x08000000      0x298 build/startup_stm32h743xx.o
                0x08000000                g_pfnVectors
                0x08000298                        . = ALIGN (0x4)

.text           0x080002a0     0xa8c8
                0x080002a0                        . = ALIGN (0x4)
 *(.text)
 .text          0x080002a0       0x14 C:/Program Files (x86)/ARM/arm-gnu-toolchain-15.2.rel1-mingw-w64-i686-arm-none-eabi/bin/../lib/gcc/arm-none-eabi/15.2.1/../../../../arm-none-eabi/lib/thumb/v7e-m+dp/hard\libc_nano.a(libc_a-strcmp.o)
                0x080002a0                strcmp
 .text          0x080002b4       0x10 C:/Program Files (x86)/ARM/arm-gnu-toolchain-15.2.rel1-mingw-w64-i686-arm-none-eabi/bin/../lib/gcc/arm-none-eabi/15.2.1/../../../../arm-none-eabi/lib/thumb/v7e-m+dp/hard\libc_nano.a(libc_a-strlen.o)
                0x080002b4                strlen
 *fill*         0x080002c4        0xc 
 .text          0x080002d0       0xa0 C:/Program Files (x86)/ARM/arm-gnu-toolchain-15.2.rel1-mingw-w64-i686-arm-none-eabi/bin/../lib/gcc/arm-none-eabi/15.2.1/../../../../arm-none-eabi/lib/thumb/v7e-m+dp/hard\libc_nano.a(libc_a-memchr.o)
                0x080002d0                memchr
 .text          0x08000370       0x30 C:/Program Files (x86)/ARM/arm-gnu-toolchain-15.2.rel1-mingw-w64-i686-arm-none-eabi/bin/../lib/gcc/arm-none-eabi/15.2.1/thumb/v7e-m+dp/hard\libgcc.a(_aeabi_uldivmod.o)
                0x08000370                __aeabi_uldivmod
 .text          0x080003a0        0x4 C:/Program Files (x86)/ARM/arm-gnu-toolchain-15.2.rel1-mingw-w64-i686-arm-none-eabi/bin/../lib/gcc/arm-none-eabi/15.2.1/thumb/v7e-m+dp/hard\libgcc.a(_dvmd_tls.o)
                0x080003a0                __aeabi_idiv0
                0x080003a0                __aeabi_ldiv0
 *(.text*)
 .text.deregister_tm_clones
                0x080003a4       0x1c C:/Program Files (x86)/ARM/arm-gnu-toolchain-15.2.rel1-mingw-w64-i686-arm-none-eabi/bin/../lib/gcc/arm-none-eabi/15.2.1/thumb/v7e-m+dp/hard/crtbegin.o
 .text.register_tm_clones
                0x080003c0       0x24 C:/Program Files (x86)/ARM/arm-gnu-toolchain-15.2.rel1-mingw-w64-i686-arm-none-eabi/bin/../lib/gcc/arm-none-eabi/15.2.1/thumb/v7e-m+dp/hard/crtbegin.o
 .text.__do_global_dtors_aux
                0x080003e4       0x28 C:/Program Files (x86)/ARM/arm-gnu-toolchain-15.2.rel1-mingw-w64-i686-arm-none-eabi/bin/../lib/gcc/arm-none-eabi/15.2.1/thumb/v7e-m+dp/hard/crtbegin.o
 .text.frame_dummy
                0x0800040c       0x24 C:/Program Files (x86)/ARM/arm-gnu-toolchain-15.2.rel1-mingw-w64-i686-arm-none-eabi/bin/../lib/gcc/arm-none-eabi/15.2.1/thumb/v7e-m+dp/hard/crtbegin.o
 .text.MPU_Config
                0x08000430       0x52 build/main.o
 *fill*         0x08000482        0x2 
 .text.__io_putchar
                0x08000484       0x24 build/main.o
                0x08000484                __io_putchar
 .text.HAL_TIM_PeriodElapsedCallback
                0x080004a8       0x18 build/main.o
                0x080004a8                HAL_TIM_PeriodElapsedCallback
 .text.Error_Handler
                0x080004c0        0x4 build/main.o
                0x080004c0                Error_Handler
 .text.SystemClock_Config
                0x080004c4       0xbc build/main.o
                0x080004c4                SystemClock_Config
 .text.main     0x08000580       0xc0 build/main.o
                0x08000580                main
 .text.MX_GPIO_Init
                0x08000640      0x1e0 build/gpio.o
                0x08000640                MX_GPIO_Init
 .text.StartDefaultTask
                0x08000820       0x68 build/freertos.o
                0x08000820                StartDefaultTask
 .text.MX_FREERTOS_Init
                0x08000888       0x20 build/freertos.o
                0x08000888                MX_FREERTOS_Init
 .text.MX_ETH_Init
                0x080008a8       0x54 build/eth.o
                0x080008a8                MX_ETH_Init
 .text.HAL_ETH_MspInit
                0x080008fc      0x108 build/eth.o
                0x080008fc                HAL_ETH_MspInit
 .text.HAL_FMC_MspInit
                0x08000a04       0xfc build/fmc.o
 .text.MX_FMC_Init
                0x08000b00       0x78 build/fmc.o
                0x08000b00                MX_FMC_Init
 .text.HAL_SRAM_MspInit
                0x08000b78        0x8 build/fmc.o
                0x08000b78                HAL_SRAM_MspInit
 .text.MX_SPI1_Init
                0x08000b80       0x5c build/spi.o
                0x08000b80                MX_SPI1_Init
 .text.HAL_SPI_MspInit
                0x08000bdc       0xcc build/spi.o
                0x08000bdc                HAL_SPI_MspInit
 .text.MX_USART1_UART_Init
                0x08000ca8       0x68 build/usart.o
                0x08000ca8                MX_USART1_UART_Init
 .text.HAL_UART_MspInit
                0x08000d10       0x98 build/usart.o
                0x08000d10                HAL_UART_MspInit
 .text.NMI_Handler
                0x08000da8        0x2 build/stm32h7xx_it.o
                0x08000da8                NMI_Handler
 .text.HardFault_Handler
                0x08000daa        0x2 build/stm32h7xx_it.o
                0x08000daa                HardFault_Handler
 .text.MemManage_Handler
                0x08000dac        0x2 build/stm32h7xx_it.o
                0x08000dac                MemManage_Handler
 .text.BusFault_Handler
                0x08000dae        0x2 build/stm32h7xx_it.o
                0x08000dae                BusFault_Handler
 .text.UsageFault_Handler
                0x08000db0        0x2 build/stm32h7xx_it.o
                0x08000db0                UsageFault_Handler
 .text.DebugMon_Handler
                0x08000db2        0x2 build/stm32h7xx_it.o
                0x08000db2                DebugMon_Handler
 .text.TIM1_UP_IRQHandler
                0x08000db4       0x10 build/stm32h7xx_it.o
                0x08000db4                TIM1_UP_IRQHandler
 .text.HAL_MspInit
                0x08000dc4       0x34 build/stm32h7xx_hal_msp.o
                0x08000dc4                HAL_MspInit
 .text.FaultCommand_Write
                0x08000df8       0x14 build/fault_command.o
 .text.FaultCommand_SkipSpaces
                0x08000e0c        0xe build/fault_command.o
 *fill*         0x08000e1a        0x2 
 .text.FaultCommand_WriteTextHelp
                0x08000e1c       0x90 build/fault_command.o
 .text.FaultCommand_FindJsonKey
                0x08000eac       0x24 build/fault_command.o
 .text.FaultCommand_JsonGetString
                0x08000ed0       0x70 build/fault_command.o
 .text.FaultCommand_WriteFormat
                0x08000f40       0x30 build/fault_command.o
 .text.FaultCommand_WriteJsonStatus
                0x08000f70       0x98 build/fault_command.o
 .text.FaultCommand_WriteJsonResult
                0x08001008       0x24 build/fault_command.o
 .text.FaultCommand_WriteTextStatus
                0x0800102c       0x90 build/fault_command.o
 .text.FaultCommand_WriteTextResult
                0x080010bc       0x28 build/fault_command.o
 .text.FaultCommand_RunNormal
                0x080010e4        0x8 build/fault_command.o
 .text.FaultCommand_RunSet
                0x080010ec        0x8 build/fault_command.o
 .text.FaultCommand_RunOverVoltage
                0x080010f4        0x8 build/fault_command.o
 .text.FaultCommand_RunUnderVoltage
                0x080010fc        0x8 build/fault_command.o
 .text.FaultCommand_RunDiff
                0x08001104       0x18 build/fault_command.o
 .text.FaultCommand_JsonGetUint
                0x0800111c       0x36 build/fault_command.o
 .text.FaultCommand_JsonGetUintDefault
                0x08001152       0x12 build/fault_command.o
 .text.FaultCommand_ExecuteJson
                0x08001164      0x288 build/fault_command.o
 .text.FaultCommand_ExecuteText
                0x080013ec      0x27c build/fault_command.o
 .text.FaultCommand_ExecuteLine
                0x08001668       0x26 build/fault_command.o
                0x08001668                FaultCommand_ExecuteLine
 *fill*         0x0800168e        0x2 
 .text.FaultConsole_Write
                0x08001690       0x10 build/fault_console.o
 .text.FaultConsole_Init
                0x080016a0       0x18 build/fault_console.o
                0x080016a0                FaultConsole_Init
 .text.FaultConsole_Process
                0x080016b8       0x80 build/fault_console.o
                0x080016b8                FaultConsole_Process
 .text.VoltageSim_IsValidCell
                0x08001738       0x10 build/voltage_sim.o
 .text.VoltageSim_IsValidVoltage
                0x08001748       0x16 build/voltage_sim.o
 *fill*         0x0800175e        0x2 
 .text.VoltageSim_ClearFaultRecord
                0x08001760       0x40 build/voltage_sim.o
 .text.VoltageSim_CalculateNextVoltage
                0x080017a0       0x28 build/voltage_sim.o
 .text.VoltageSim_MillivoltsToDacCode
                0x080017c8       0x28 build/voltage_sim.o
                0x080017c8                VoltageSim_MillivoltsToDacCode
 .text.VoltageSim_WriteCellVoltageMv
                0x080017f0       0x50 build/voltage_sim.o
 .text.VoltageSim_SetCellVoltageMv
                0x08001840       0x1a build/voltage_sim.o
                0x08001840                VoltageSim_SetCellVoltageMv
 .text.VoltageSim_SetAllCellsVoltageMv
                0x0800185a       0x38 build/voltage_sim.o
                0x0800185a                VoltageSim_SetAllCellsVoltageMv
 .text.VoltageSim_Init
                0x08001892        0x8 build/voltage_sim.o
                0x08001892                VoltageSim_Init
 *fill*         0x0800189a        0x2 
 .text.VoltageSim_InjectCellFault
                0x0800189c       0xdc build/voltage_sim.o
 .text.VoltageSim_InjectCellOverVoltageRamp
                0x08001978       0x12 build/voltage_sim.o
                0x08001978                VoltageSim_InjectCellOverVoltageRamp
 .text.VoltageSim_InjectCellUnderVoltageRamp
                0x0800198a       0x12 build/voltage_sim.o
                0x0800198a                VoltageSim_InjectCellUnderVoltageRamp
 .text.VoltageSim_ClearCellFault
                0x0800199c       0x3c build/voltage_sim.o
                0x0800199c                VoltageSim_ClearCellFault
 .text.VoltageSim_InjectVoltageDifference
                0x080019d8       0x48 build/voltage_sim.o
                0x080019d8                VoltageSim_InjectVoltageDifference
 .text.VoltageSim_ClearAllFaults
                0x08001a20       0x1e build/voltage_sim.o
                0x08001a20                VoltageSim_ClearAllFaults
 *fill*         0x08001a3e        0x2 
 .text.VoltageSim_Process
                0x08001a40      0x13c build/voltage_sim.o
                0x08001a40                VoltageSim_Process
 .text.VoltageSim_GetLastCellVoltageMv
                0x08001b7c       0x18 build/voltage_sim.o
                0x08001b7c                VoltageSim_GetLastCellVoltageMv
 .text.VoltageSim_GetCellFaultInfo
                0x08001b94       0x3c build/voltage_sim.o
                0x08001b94                VoltageSim_GetCellFaultInfo
 .text.VoltageSim_GetActiveFaultCount
                0x08001bd0       0x24 build/voltage_sim.o
                0x08001bd0                VoltageSim_GetActiveFaultCount
 .text.VoltageSim_GetFaultTypeName
                0x08001bf4       0x20 build/voltage_sim.o
                0x08001bf4                VoltageSim_GetFaultTypeName
 .text.DAC_SPI_EnsureMutex
                0x08001c14       0x30 build/bsp_dac81416.o
 .text.DAC_SPI_Lock
                0x08001c44       0x30 build/bsp_dac81416.o
 .text.DAC_SPI_Unlock
                0x08001c74       0x20 build/bsp_dac81416.o
 .text.DAC_SPI_Transmit
                0x08001c94       0x58 build/bsp_dac81416.o
                0x08001c94                DAC_SPI_Transmit
 .text.DAC_SPI_TransmitReceive
                0x08001cec       0x68 build/bsp_dac81416.o
                0x08001cec                DAC_SPI_TransmitReceive
 .text.DAC_SetResetPin
                0x08001d54       0x14 build/bsp_dac81416.o
                0x08001d54                DAC_SetResetPin
 .text.DAC_ResetHardware
                0x08001d68       0x1c build/bsp_dac81416.o
                0x08001d68                DAC_ResetHardware
 .text.DAC_SetLDACPin
                0x08001d84       0x14 build/bsp_dac81416.o
                0x08001d84                DAC_SetLDACPin
 .text.BSP_DAC81416_Init
                0x08001d98       0x20 build/bsp_dac81416.o
                0x08001d98                BSP_DAC81416_Init
 .text.DAC_LDAC_Update
                0x08001db8       0x16 build/bsp_dac81416.o
                0x08001db8                DAC_LDAC_Update
 .text.DAC81416_IsValidRange
                0x08001dce       0x34 build/dac81416.o
 .text.DAC81416_BuildRangeRegister
                0x08001e02       0x12 build/dac81416.o
 .text.DAC81416_BuildFrame
                0x08001e14       0x14 build/dac81416.o
 .text.DAC_WriteRegister
                0x08001e28       0x24 build/dac81416.o
                0x08001e28                DAC_WriteRegister
 .text.DAC_ReadRegister
                0x08001e4c       0x6c build/dac81416.o
                0x08001e4c                DAC_ReadRegister
 .text.DAC_WriteChannel
                0x08001eb8       0x24 build/dac81416.o
                0x08001eb8                DAC_WriteChannel
 .text.DAC_EnableInternalRef
                0x08001edc       0x38 build/dac81416.o
                0x08001edc                DAC_EnableInternalRef
 .text.DAC_SetAllChannelsRange
                0x08001f14       0x44 build/dac81416.o
                0x08001f14                DAC_SetAllChannelsRange
 .text.DAC_ConfigAllChannels0To5V
                0x08001f58        0xa build/dac81416.o
                0x08001f58                DAC_ConfigAllChannels0To5V
 *fill*         0x08001f62        0x2 
 .text.DAC_PowerDownChannels
                0x08001f64       0x18 build/dac81416.o
                0x08001f64                DAC_PowerDownChannels
 .text.DAC81416_Init
                0x08001f7c       0x4c build/dac81416.o
                0x08001f7c                DAC81416_Init
 .text.__NVIC_EnableIRQ
                0x08001fc8       0x1c build/stm32h7xx_hal_cortex.o
 .text.__NVIC_SetPriority
                0x08001fe4       0x24 build/stm32h7xx_hal_cortex.o
 .text.NVIC_EncodePriority
                0x08002008       0x46 build/stm32h7xx_hal_cortex.o
 *fill*         0x0800204e        0x2 
 .text.HAL_NVIC_SetPriorityGrouping
                0x08002050       0x24 build/stm32h7xx_hal_cortex.o
                0x08002050                HAL_NVIC_SetPriorityGrouping
 .text.HAL_NVIC_SetPriority
                0x08002074       0x20 build/stm32h7xx_hal_cortex.o
                0x08002074                HAL_NVIC_SetPriority
 .text.HAL_NVIC_EnableIRQ
                0x08002094        0x8 build/stm32h7xx_hal_cortex.o
                0x08002094                HAL_NVIC_EnableIRQ
 .text.HAL_MPU_Disable
                0x0800209c       0x1c build/stm32h7xx_hal_cortex.o
                0x0800209c                HAL_MPU_Disable
 .text.HAL_MPU_Enable
                0x080020b8       0x20 build/stm32h7xx_hal_cortex.o
                0x080020b8                HAL_MPU_Enable
 .text.HAL_MPU_ConfigRegion
                0x080020d8       0x58 build/stm32h7xx_hal_cortex.o
                0x080020d8                HAL_MPU_ConfigRegion
 .text.HAL_RCC_OscConfig
                0x08002130      0x6b4 build/stm32h7xx_hal_rcc.o
                0x08002130                HAL_RCC_OscConfig
 .text.HAL_RCC_GetSysClockFreq
                0x080027e4      0x1f4 build/stm32h7xx_hal_rcc.o
                0x080027e4                HAL_RCC_GetSysClockFreq
 .text.HAL_RCC_ClockConfig
                0x080029d8      0x294 build/stm32h7xx_hal_rcc.o
                0x080029d8                HAL_RCC_ClockConfig
 .text.HAL_RCC_GetHCLKFreq
                0x08002c6c       0x44 build/stm32h7xx_hal_rcc.o
                0x08002c6c                HAL_RCC_GetHCLKFreq
 .text.HAL_RCC_GetPCLK1Freq
                0x08002cb0       0x24 build/stm32h7xx_hal_rcc.o
                0x08002cb0                HAL_RCC_GetPCLK1Freq
 .text.HAL_RCC_GetPCLK2Freq
                0x08002cd4       0x24 build/stm32h7xx_hal_rcc.o
                0x08002cd4                HAL_RCC_GetPCLK2Freq
 .text.HAL_RCC_GetClockConfig
                0x08002cf8       0x54 build/stm32h7xx_hal_rcc.o
                0x08002cf8                HAL_RCC_GetClockConfig
 .text.RCCEx_PLL2_Config
                0x08002d4c      0x108 build/stm32h7xx_hal_rcc_ex.o
 .text.RCCEx_PLL3_Config
                0x08002e54      0x108 build/stm32h7xx_hal_rcc_ex.o
 .text.HAL_RCCEx_PeriphCLKConfig
                0x08002f5c      0xaf0 build/stm32h7xx_hal_rcc_ex.o
                0x08002f5c                HAL_RCCEx_PeriphCLKConfig
 .text.HAL_RCCEx_GetD3PCLK1Freq
                0x08003a4c       0x24 build/stm32h7xx_hal_rcc_ex.o
                0x08003a4c                HAL_RCCEx_GetD3PCLK1Freq
 .text.HAL_RCCEx_GetPLL2ClockFreq
                0x08003a70      0x200 build/stm32h7xx_hal_rcc_ex.o
                0x08003a70                HAL_RCCEx_GetPLL2ClockFreq
 .text.HAL_RCCEx_GetPLL3ClockFreq
                0x08003c70      0x200 build/stm32h7xx_hal_rcc_ex.o
                0x08003c70                HAL_RCCEx_GetPLL3ClockFreq
 .text.HAL_GPIO_Init
                0x08003e70      0x240 build/stm32h7xx_hal_gpio.o
                0x08003e70                HAL_GPIO_Init
 .text.HAL_GPIO_WritePin
                0x080040b0        0xc build/stm32h7xx_hal_gpio.o
                0x080040b0                HAL_GPIO_WritePin
 .text.HAL_GPIO_TogglePin
                0x080040bc       0x12 build/stm32h7xx_hal_gpio.o
                0x080040bc                HAL_GPIO_TogglePin
 *fill*         0x080040ce        0x2 
 .text.HAL_PWREx_ConfigSupply
                0x080040d0       0x54 build/stm32h7xx_hal_pwr_ex.o
                0x080040d0                HAL_PWREx_ConfigSupply
 .text.HAL_Init
                0x08004124       0x60 build/stm32h7xx_hal.o
                0x08004124                HAL_Init
 .text.HAL_IncTick
                0x08004184       0x18 build/stm32h7xx_hal.o
                0x08004184                HAL_IncTick
 .text.HAL_GetTick
                0x0800419c        0xc build/stm32h7xx_hal.o
                0x0800419c                HAL_GetTick
 .text.HAL_Delay
                0x080041a8       0x28 build/stm32h7xx_hal.o
                0x080041a8                HAL_Delay
 .text.HAL_GetREVID
                0x080041d0        0xc build/stm32h7xx_hal.o
                0x080041d0                HAL_GetREVID
 .text.HAL_SYSCFG_ETHInterfaceSelect
                0x080041dc       0x14 build/stm32h7xx_hal.o
                0x080041dc                HAL_SYSCFG_ETHInterfaceSelect
 .text.HAL_I2CEx_EnableFastModePlus
                0x080041f0       0x30 build/stm32h7xx_hal_i2c_ex.o
                0x080041f0                HAL_I2CEx_EnableFastModePlus
 .text.ETH_SetMACConfig
                0x08004220      0x1c8 build/stm32h7xx_hal_eth.o
 .text.ETH_SetDMAConfig
                0x080043e8       0xb4 build/stm32h7xx_hal_eth.o
 .text.ETH_MACDMAConfig
                0x0800449c       0xdc build/stm32h7xx_hal_eth.o
 .text.ETH_DMATxDescListInit
                0x08004578       0x58 build/stm32h7xx_hal_eth.o
 .text.ETH_DMARxDescListInit
                0x080045d0       0x6a build/stm32h7xx_hal_eth.o
 *fill*         0x0800463a        0x2 
 .text.HAL_ETH_SetMDIOClockRange
                0x0800463c       0x68 build/stm32h7xx_hal_eth.o
                0x0800463c                HAL_ETH_SetMDIOClockRange
 .text.HAL_ETH_Init
                0x080046a4      0x16c build/stm32h7xx_hal_eth.o
                0x080046a4                HAL_ETH_Init
 .text.FMC_NORSRAM_Init
                0x08004810       0x9c build/stm32h7xx_ll_fmc.o
                0x08004810                FMC_NORSRAM_Init
 .text.FMC_NORSRAM_Timing_Init
                0x080048ac       0x5a build/stm32h7xx_ll_fmc.o
                0x080048ac                FMC_NORSRAM_Timing_Init
 *fill*         0x08004906        0x2 
 .text.FMC_NORSRAM_Extended_Timing_Init
                0x08004908       0x48 build/stm32h7xx_ll_fmc.o
                0x08004908                FMC_NORSRAM_Extended_Timing_Init
 .text.HAL_SRAM_Init
                0x08004950       0x68 build/stm32h7xx_hal_sram.o
                0x08004950                HAL_SRAM_Init
 .text.SPI_CloseTransfer
                0x080049b8       0xc8 build/stm32h7xx_hal_spi.o
 .text.SPI_GetPacketSize
                0x08004a80       0x10 build/stm32h7xx_hal_spi.o
 .text.SPI_WaitOnFlagUntilTimeout
                0x08004a90       0x46 build/stm32h7xx_hal_spi.o
 *fill*         0x08004ad6        0x2 
 .text.HAL_SPI_Init
                0x08004ad8      0x190 build/stm32h7xx_hal_spi.o
                0x08004ad8                HAL_SPI_Init
 .text.HAL_SPI_Transmit
                0x08004c68      0x2c0 build/stm32h7xx_hal_spi.o
                0x08004c68                HAL_SPI_Transmit
 .text.HAL_SPI_TransmitReceive
                0x08004f28      0x490 build/stm32h7xx_hal_spi.o
                0x08004f28                HAL_SPI_TransmitReceive
 .text.HAL_TIM_Base_MspInit
                0x080053b8        0x2 build/stm32h7xx_hal_tim.o
                0x080053b8                HAL_TIM_Base_MspInit
 *fill*         0x080053ba        0x2 
 .text.HAL_TIM_Base_Start_IT
                0x080053bc       0x90 build/stm32h7xx_hal_tim.o
                0x080053bc                HAL_TIM_Base_Start_IT
 .text.HAL_TIM_OC_DelayElapsedCallback
                0x0800544c        0x2 build/stm32h7xx_hal_tim.o
                0x0800544c                HAL_TIM_OC_DelayElapsedCallback
 .text.HAL_TIM_IC_CaptureCallback
                0x0800544e        0x2 build/stm32h7xx_hal_tim.o
                0x0800544e                HAL_TIM_IC_CaptureCallback
 .text.HAL_TIM_PWM_PulseFinishedCallback
                0x08005450        0x2 build/stm32h7xx_hal_tim.o
                0x08005450                HAL_TIM_PWM_PulseFinishedCallback
 .text.HAL_TIM_TriggerCallback
                0x08005452        0x2 build/stm32h7xx_hal_tim.o
                0x08005452                HAL_TIM_TriggerCallback
 .text.HAL_TIM_IRQHandler
                0x08005454      0x180 build/stm32h7xx_hal_tim.o
                0x08005454                HAL_TIM_IRQHandler
 .text.TIM_Base_SetConfig
                0x080055d4      0x124 build/stm32h7xx_hal_tim.o
                0x080055d4                TIM_Base_SetConfig
 .text.HAL_TIM_Base_Init
                0x080056f8       0x60 build/stm32h7xx_hal_tim.o
                0x080056f8                HAL_TIM_Base_Init
 .text.HAL_TIMEx_CommutCallback
                0x08005758        0x2 build/stm32h7xx_hal_tim_ex.o
                0x08005758                HAL_TIMEx_CommutCallback
 .text.HAL_TIMEx_BreakCallback
                0x0800575a        0x2 build/stm32h7xx_hal_tim_ex.o
                0x0800575a                HAL_TIMEx_BreakCallback
 .text.HAL_TIMEx_Break2Callback
                0x0800575c        0x2 build/stm32h7xx_hal_tim_ex.o
                0x0800575c                HAL_TIMEx_Break2Callback
 *fill*         0x0800575e        0x2 
 .text.UART_EndRxTransfer
                0x08005760       0x58 build/stm32h7xx_hal_uart.o
 .text.UART_SetConfig
                0x080057b8      0x5c4 build/stm32h7xx_hal_uart.o
                0x080057b8                UART_SetConfig
 .text.UART_AdvFeatureConfig
                0x08005d7c       0xca build/stm32h7xx_hal_uart.o
                0x08005d7c                UART_AdvFeatureConfig
 .text.UART_WaitOnFlagUntilTimeout
                0x08005e46       0xa4 build/stm32h7xx_hal_uart.o
                0x08005e46                UART_WaitOnFlagUntilTimeout
 .text.HAL_UART_Transmit
                0x08005eea       0xe6 build/stm32h7xx_hal_uart.o
                0x08005eea                HAL_UART_Transmit
 .text.HAL_UART_Receive
                0x08005fd0      0x12c build/stm32h7xx_hal_uart.o
                0x08005fd0                HAL_UART_Receive
 .text.UART_CheckIdleState
                0x080060fc       0xc6 build/stm32h7xx_hal_uart.o
                0x080060fc                UART_CheckIdleState
 .text.HAL_UART_Init
                0x080061c2       0x66 build/stm32h7xx_hal_uart.o
                0x080061c2                HAL_UART_Init
 .text.UARTEx_SetNbDataToProcess
                0x08006228       0x54 build/stm32h7xx_hal_uart_ex.o
 .text.HAL_UARTEx_DisableFifoMode
                0x0800627c       0x3e build/stm32h7xx_hal_uart_ex.o
                0x0800627c                HAL_UARTEx_DisableFifoMode
 .text.HAL_UARTEx_SetTxFifoThreshold
                0x080062ba       0x4a build/stm32h7xx_hal_uart_ex.o
                0x080062ba                HAL_UARTEx_SetTxFifoThreshold
 .text.HAL_UARTEx_SetRxFifoThreshold
                0x08006304       0x4a build/stm32h7xx_hal_uart_ex.o
                0x08006304                HAL_UARTEx_SetRxFifoThreshold
 *fill*         0x0800634e        0x2 
 .text.SystemInit
                0x08006350       0xf0 build/system_stm32h7xx.o
                0x08006350                SystemInit
 .text.ExitRun0Mode
                0x08006440       0x18 build/system_stm32h7xx.o
                0x08006440                ExitRun0Mode
 .text.vListInitialise
                0x08006458       0x16 build/list.o
                0x08006458                vListInitialise
 .text.vListInitialiseItem
                0x0800646e        0x6 build/list.o
                0x0800646e                vListInitialiseItem
 .text.vListInsert
                0x08006474       0x38 build/list.o
                0x08006474                vListInsert
 .text.uxListRemove
                0x080064ac       0x26 build/list.o
                0x080064ac                uxListRemove
 .text.prvGetDisinheritPriorityAfterTimeout
                0x080064d2       0x10 build/queue.o
 .text.prvIsQueueFull
                0x080064e2       0x1e build/queue.o
 .text.prvIsQueueEmpty
                0x08006500       0x1e build/queue.o
 .text.prvCopyDataToQueue
                0x0800651e       0x76 build/queue.o
 .text.prvCopyDataFromQueue
                0x08006594       0x24 build/queue.o
 .text.prvUnlockQueue
                0x080065b8       0x6e build/queue.o
 .text.xQueueGenericReset
                0x08006626       0xaa build/queue.o
                0x08006626                xQueueGenericReset
 .text.prvInitialiseNewQueue
                0x080066d0       0x22 build/queue.o
 .text.xQueueGenericCreateStatic
                0x080066f2       0x82 build/queue.o
                0x080066f2                xQueueGenericCreateStatic
 .text.xQueueGenericCreate
                0x08006774       0x5c build/queue.o
                0x08006774                xQueueGenericCreate
 .text.xQueueGenericSend
                0x080067d0      0x188 build/queue.o
                0x080067d0                xQueueGenericSend
 .text.prvInitialiseMutex
                0x08006958       0x18 build/queue.o
 .text.xQueueCreateMutex
                0x08006970       0x16 build/queue.o
                0x08006970                xQueueCreateMutex
 .text.xQueueCreateMutexStatic
                0x08006986       0x1e build/queue.o
                0x08006986                xQueueCreateMutexStatic
 .text.xQueueGiveMutexRecursive
                0x080069a4       0x42 build/queue.o
                0x080069a4                xQueueGiveMutexRecursive
 .text.xQueueReceive
                0x080069e6      0x15e build/queue.o
                0x080069e6                xQueueReceive
 .text.xQueueSemaphoreTake
                0x08006b44      0x194 build/queue.o
                0x08006b44                xQueueSemaphoreTake
 .text.xQueueTakeMutexRecursive
                0x08006cd8       0x42 build/queue.o
                0x08006cd8                xQueueTakeMutexRecursive
 *fill*         0x08006d1a        0x2 
 .text.vQueueAddToRegistry
                0x08006d1c       0x60 build/queue.o
                0x08006d1c                vQueueAddToRegistry
 .text.vQueueWaitForMessageRestricted
                0x08006d7c       0x52 build/queue.o
                0x08006d7c                vQueueWaitForMessageRestricted
 *fill*         0x08006dce        0x2 
 .text.prvResetNextTaskUnblockTime
                0x08006dd0       0x28 build/tasks.o
 .text.prvInitialiseNewTask
                0x08006df8       0x92 build/tasks.o
 *fill*         0x08006e8a        0x2 
 .text.prvInitialiseTaskLists
                0x08006e8c       0x68 build/tasks.o
 .text.prvAddNewTaskToReadyList
                0x08006ef4       0xc8 build/tasks.o
 .text.prvDeleteTCB
                0x08006fbc       0x38 build/tasks.o
 .text.prvCheckTasksWaitingTermination
                0x08006ff4       0x4c build/tasks.o
 .text.prvIdleTask
                0x08007040       0x28 build/tasks.o
 .text.prvAddCurrentTaskToDelayedList
                0x08007068       0xa4 build/tasks.o
 .text.xTaskCreateStatic
                0x0800710c       0x94 build/tasks.o
                0x0800710c                xTaskCreateStatic
 .text.xTaskCreate
                0x080071a0       0x66 build/tasks.o
                0x080071a0                xTaskCreate
 *fill*         0x08007206        0x2 
 .text.vTaskStartScheduler
                0x08007208       0xa0 build/tasks.o
                0x08007208                vTaskStartScheduler
 .text.vTaskSuspendAll
                0x080072a8       0x10 build/tasks.o
                0x080072a8                vTaskSuspendAll
 .text.xTaskGetTickCount
                0x080072b8        0xc build/tasks.o
                0x080072b8                xTaskGetTickCount
 .text.xTaskIncrementTick
                0x080072c4      0x180 build/tasks.o
                0x080072c4                xTaskIncrementTick
 .text.xTaskResumeAll
                0x08007444      0x164 build/tasks.o
                0x08007444                xTaskResumeAll
 .text.vTaskDelay
                0x080075a8       0x4c build/tasks.o
                0x080075a8                vTaskDelay
 .text.vTaskSwitchContext
                0x080075f4       0x94 build/tasks.o
                0x080075f4                vTaskSwitchContext
 .text.vTaskPlaceOnEventList
                0x08007688       0x30 build/tasks.o
                0x08007688                vTaskPlaceOnEventList
 .text.vTaskPlaceOnEventListRestricted
                0x080076b8       0x58 build/tasks.o
                0x080076b8                vTaskPlaceOnEventListRestricted
 .text.xTaskRemoveFromEventList
                0x08007710      0x100 build/tasks.o
                0x08007710                xTaskRemoveFromEventList
 .text.vTaskInternalSetTimeOutState
                0x08007810       0x18 build/tasks.o
                0x08007810                vTaskInternalSetTimeOutState
 .text.xTaskCheckForTimeOut
                0x08007828       0x8c build/tasks.o
                0x08007828                xTaskCheckForTimeOut
 .text.vTaskMissedYield
                0x080078b4        0xc build/tasks.o
                0x080078b4                vTaskMissedYield
 .text.xTaskGetCurrentTaskHandle
                0x080078c0        0xc build/tasks.o
                0x080078c0                xTaskGetCurrentTaskHandle
 .text.xTaskGetSchedulerState
                0x080078cc       0x20 build/tasks.o
                0x080078cc                xTaskGetSchedulerState
 .text.xTaskPriorityInherit
                0x080078ec       0xb0 build/tasks.o
                0x080078ec                xTaskPriorityInherit
 .text.xTaskPriorityDisinherit
                0x0800799c       0xac build/tasks.o
                0x0800799c                xTaskPriorityDisinherit
 .text.vTaskPriorityDisinheritAfterTimeout
                0x08007a48       0xbc build/tasks.o
                0x08007a48                vTaskPriorityDisinheritAfterTimeout
 .text.pvTaskIncrementMutexHeldCount
                0x08007b04       0x1c build/tasks.o
                0x08007b04                pvTaskIncrementMutexHeldCount
 .text.prvGetNextExpireTime
                0x08007b20       0x20 build/timers.o
 .text.prvInsertTimerInActiveList
                0x08007b40       0x50 build/timers.o
 .text.prvReloadTimer
                0x08007b90       0x28 build/timers.o
 .text.prvProcessExpiredTimer
                0x08007bb8       0x40 build/timers.o
 .text.prvSwitchTimerLists
                0x08007bf8       0x30 build/timers.o
 .text.prvSampleTimeNow
                0x08007c28       0x2c build/timers.o
 .text.prvProcessTimerOrBlockTask
                0x08007c54       0x78 build/timers.o
 .text.prvProcessReceivedCommands
                0x08007ccc      0x118 build/timers.o
 .text.prvTimerTask
                0x08007de4       0x16 build/timers.o
 *fill*         0x08007dfa        0x2 
 .text.prvCheckForValidListAndQueue
                0x08007dfc       0x70 build/timers.o
 .text.xTimerCreateTimerTask
                0x08007e6c       0x64 build/timers.o
                0x08007e6c                xTimerCreateTimerTask
 .text.IRQ_Context
                0x08007ed0       0x2c build/cmsis_os2.o
 .text.SysTick_Handler
                0x08007efc       0x18 build/cmsis_os2.o
                0x08007efc                SysTick_Handler
 .text.osKernelInitialize
                0x08007f14       0x34 build/cmsis_os2.o
                0x08007f14                osKernelInitialize
 .text.osKernelGetState
                0x08007f48       0x24 build/cmsis_os2.o
                0x08007f48                osKernelGetState
 .text.osKernelStart
                0x08007f6c       0x48 build/cmsis_os2.o
                0x08007f6c                osKernelStart
 .text.osKernelLock
                0x08007fb4       0x2a build/cmsis_os2.o
                0x08007fb4                osKernelLock
 .text.osKernelRestoreLock
                0x08007fde       0x4c build/cmsis_os2.o
                0x08007fde                osKernelRestoreLock
 .text.osThreadNew
                0x0800802a       0xc2 build/cmsis_os2.o
                0x0800802a                osThreadNew
 .text.osDelay  0x080080ec       0x20 build/cmsis_os2.o
                0x080080ec                osDelay
 .text.osMutexNew
                0x0800810c       0xa0 build/cmsis_os2.o
                0x0800810c                osMutexNew
 .text.osMutexAcquire
                0x080081ac       0x62 build/cmsis_os2.o
                0x080081ac                osMutexAcquire
 .text.osMutexRelease
                0x0800820e       0x52 build/cmsis_os2.o
                0x0800820e                osMutexRelease
 .text.vApplicationGetIdleTaskMemory
                0x08008260       0x18 build/cmsis_os2.o
                0x08008260                vApplicationGetIdleTaskMemory
 .text.vApplicationGetTimerTaskMemory
                0x08008278       0x18 build/cmsis_os2.o
                0x08008278                vApplicationGetTimerTaskMemory
 .text.prvHeapInit
                0x08008290       0x58 build/heap_4.o
 .text.prvInsertBlockIntoFreeList
                0x080082e8       0x5c build/heap_4.o
 .text.pvPortMalloc
                0x08008344      0x104 build/heap_4.o
                0x08008344                pvPortMalloc
 .text.vPortFree
                0x08008448       0x74 build/heap_4.o
                0x08008448                vPortFree
 .text.prvTaskExitError
                0x080084bc       0x40 build/port.o
 .text.prvPortStartFirstTask
                0x080084fc       0x28 build/port.o
 .text.vPortEnableVFP
                0x08008524       0x14 build/port.o
 .text.pxPortInitialiseStack
                0x08008538       0x2c build/port.o
                0x08008538                pxPortInitialiseStack
 *fill*         0x08008564        0xc 
 .text.SVC_Handler
                0x08008570       0x24 build/port.o
                0x08008570                SVC_Handler
 .text.vPortEnterCritical
                0x08008594       0x44 build/port.o
                0x08008594                vPortEnterCritical
 .text.vPortExitCritical
                0x080085d8       0x2c build/port.o
                0x080085d8                vPortExitCritical
 *fill*         0x08008604        0xc 
 .text.PendSV_Handler
                0x08008610       0x64 build/port.o
                0x08008610                PendSV_Handler
 .text.xPortSysTickHandler
                0x08008674       0x2c build/port.o
                0x08008674                xPortSysTickHandler
 .text.vPortSetupTimerInterrupt
                0x080086a0       0x28 build/port.o
                0x080086a0                vPortSetupTimerInterrupt
 .text.xPortStartScheduler
                0x080086c8      0x14c build/port.o
                0x080086c8                xPortStartScheduler
 .text._sbrk    0x08008814       0x4c build/sysmem.o
                0x08008814                _sbrk
 .text._read    0x08008860       0x20 build/syscalls.o
                0x08008860                _read
 .text._write   0x08008880       0x1c build/syscalls.o
                0x08008880                _write
 .text._close   0x0800889c        0x6 build/syscalls.o
                0x0800889c                _close
 .text._fstat   0x080088a2        0xa build/syscalls.o
                0x080088a2                _fstat
 .text._isatty  0x080088ac        0x4 build/syscalls.o
                0x080088ac                _isatty
 .text._lseek   0x080088b0        0x4 build/syscalls.o
                0x080088b0                _lseek
 .text.HAL_InitTick
                0x080088b4       0x90 build/stm32h7xx_hal_timebase_tim.o
                0x080088b4                HAL_InitTick
 .text.Reset_Handler
                0x08008944       0x54 build/startup_stm32h743xx.o
                0x08008944                Reset_Handler
 .text.Default_Handler
                0x08008998        0x2 build/startup_stm32h743xx.o
                0x08008998                RTC_Alarm_IRQHandler
                0x08008998                EXTI2_IRQHandler
                0x08008998                TIM8_CC_IRQHandler
                0x08008998                HRTIM1_Master_IRQHandler
                0x08008998                UART8_IRQHandler
                0x08008998                SPI4_IRQHandler
                0x08008998                TIM1_CC_IRQHandler
                0x08008998                BDMA_Channel6_IRQHandler
                0x08008998                DMA2_Stream5_IRQHandler
                0x08008998                HRTIM1_FLT_IRQHandler
                0x08008998                JPEG_IRQHandler
                0x08008998                DMA1_Stream5_IRQHandler
                0x08008998                BDMA_Channel1_IRQHandler
                0x08008998                HRTIM1_TIMD_IRQHandler
                0x08008998                TAMP_STAMP_IRQHandler
                0x08008998                EXTI3_IRQHandler
                0x08008998                LPTIM4_IRQHandler
                0x08008998                TIM8_TRG_COM_TIM14_IRQHandler
                0x08008998                LPTIM2_IRQHandler
                0x08008998                DFSDM1_FLT1_IRQHandler
                0x08008998                DMAMUX2_OVR_IRQHandler
                0x08008998                TIM8_UP_TIM13_IRQHandler
                0x08008998                I2C3_ER_IRQHandler
                0x08008998                DFSDM1_FLT2_IRQHandler
                0x08008998                MDMA_IRQHandler
                0x08008998                LPTIM3_IRQHandler
                0x08008998                HSEM1_IRQHandler
                0x08008998                EXTI0_IRQHandler
                0x08008998                I2C2_EV_IRQHandler
                0x08008998                DMA1_Stream2_IRQHandler
                0x08008998                FPU_IRQHandler
                0x08008998                OTG_HS_WKUP_IRQHandler
                0x08008998                FDCAN1_IT1_IRQHandler
                0x08008998                LTDC_ER_IRQHandler
                0x08008998                DMA2_Stream2_IRQHandler
                0x08008998                HRTIM1_TIME_IRQHandler
                0x08008998                SPI1_IRQHandler
                0x08008998                TIM6_DAC_IRQHandler
                0x08008998                DCMI_IRQHandler
                0x08008998                HRTIM1_TIMC_IRQHandler
                0x08008998                DMA2_Stream3_IRQHandler
                0x08008998                SAI2_IRQHandler
                0x08008998                DFSDM1_FLT3_IRQHandler
                0x08008998                USART6_IRQHandler
                0x08008998                TIM17_IRQHandler
                0x08008998                USART3_IRQHandler
                0x08008998                BDMA_Channel7_IRQHandler
                0x08008998                LPTIM5_IRQHandler
                0x08008998                UART5_IRQHandler
                0x08008998                ADC3_IRQHandler
                0x08008998                DMA2_Stream0_IRQHandler
                0x08008998                TIM4_IRQHandler
                0x08008998                BDMA_Channel2_IRQHandler
                0x08008998                QUADSPI_IRQHandler
                0x08008998                I2C1_EV_IRQHandler
                0x08008998                DMA1_Stream6_IRQHandler
                0x08008998                DMAMUX1_OVR_IRQHandler
                0x08008998                DMA1_Stream1_IRQHandler
                0x08008998                TIM16_IRQHandler
                0x08008998                UART4_IRQHandler
                0x08008998                BDMA_Channel5_IRQHandler
                0x08008998                TIM3_IRQHandler
                0x08008998                RCC_IRQHandler
                0x08008998                TIM8_BRK_TIM12_IRQHandler
                0x08008998                TIM1_TRG_COM_IRQHandler
                0x08008998                Default_Handler
                0x08008998                ECC_IRQHandler
                0x08008998                CEC_IRQHandler
                0x08008998                EXTI15_10_IRQHandler
                0x08008998                BDMA_Channel0_IRQHandler
                0x08008998                ADC_IRQHandler
                0x08008998                DMA1_Stream7_IRQHandler
                0x08008998                HRTIM1_TIMA_IRQHandler
                0x08008998                SPI5_IRQHandler
                0x08008998                TIM7_IRQHandler
                0x08008998                SDMMC1_IRQHandler
                0x08008998                TIM5_IRQHandler
                0x08008998                DMA2_Stream7_IRQHandler
                0x08008998                TIM15_IRQHandler
                0x08008998                PVD_AVD_IRQHandler
                0x08008998                I2C3_EV_IRQHandler
                0x08008998                EXTI9_5_IRQHandler
                0x08008998                RTC_WKUP_IRQHandler
                0x08008998                LTDC_IRQHandler
                0x08008998                SAI3_IRQHandler
                0x08008998                ETH_WKUP_IRQHandler
                0x08008998                SPDIF_RX_IRQHandler
                0x08008998                SPI2_IRQHandler
                0x08008998                OTG_HS_EP1_IN_IRQHandler
                0x08008998                DMA1_Stream0_IRQHandler
                0x08008998                CRS_IRQHandler
                0x08008998                EXTI4_IRQHandler
                0x08008998                RNG_IRQHandler
                0x08008998                HRTIM1_TIMB_IRQHandler
                0x08008998                FDCAN2_IT1_IRQHandler
                0x08008998                ETH_IRQHandler
                0x08008998                BDMA_Channel4_IRQHandler
                0x08008998                OTG_HS_EP1_OUT_IRQHandler
                0x08008998                WWDG_IRQHandler
                0x08008998                SPI6_IRQHandler
                0x08008998                MDIOS_IRQHandler
                0x08008998                I2C4_EV_IRQHandler
                0x08008998                FDCAN2_IT0_IRQHandler
                0x08008998                LPUART1_IRQHandler
                0x08008998                FDCAN1_IT0_IRQHandler
                0x08008998                TIM2_IRQHandler
                0x08008998                OTG_FS_WKUP_IRQHandler
                0x08008998                OTG_HS_IRQHandler
                0x08008998                DMA2D_IRQHandler
                0x08008998                TIM1_BRK_IRQHandler
                0x08008998                EXTI1_IRQHandler
                0x08008998                SDMMC2_IRQHandler
                0x08008998                OTG_FS_EP1_OUT_IRQHandler
                0x08008998                BDMA_Channel3_IRQHandler
                0x08008998                UART7_IRQHandler
                0x08008998                MDIOS_WKUP_IRQHandler
                0x08008998                USART2_IRQHandler
                0x08008998                DFSDM1_FLT0_IRQHandler
                0x08008998                SAI4_IRQHandler
                0x08008998                I2C2_ER_IRQHandler
                0x08008998                DMA2_Stream1_IRQHandler
                0x08008998                FLASH_IRQHandler
                0x08008998                DMA2_Stream4_IRQHandler
                0x08008998                USART1_IRQHandler
                0x08008998                OTG_FS_IRQHandler
                0x08008998                SPI3_IRQHandler
                0x08008998                WAKEUP_PIN_IRQHandler
                0x08008998                DMA1_Stream4_IRQHandler
                0x08008998                OTG_FS_EP1_IN_IRQHandler
                0x08008998                I2C1_ER_IRQHandler
                0x08008998                FMC_IRQHandler
                0x08008998                FDCAN_CAL_IRQHandler
                0x08008998                SWPMI1_IRQHandler
                0x08008998                COMP1_IRQHandler
                0x08008998                LPTIM1_IRQHandler
                0x08008998                I2C4_ER_IRQHandler
                0x08008998                DMA2_Stream6_IRQHandler
                0x08008998                SAI1_IRQHandler
                0x08008998                DMA1_Stream3_IRQHandler
 *fill*         0x0800899a        0x2 
 .text._strtoul_l.isra.0
                0x0800899c       0xdc C:/Program Files (x86)/ARM/arm-gnu-toolchain-15.2.rel1-mingw-w64-i686-arm-none-eabi/bin/../lib/gcc/arm-none-eabi/15.2.1/../../../../arm-none-eabi/lib/thumb/v7e-m+dp/hard\libc_nano.a(libc_a-strtoul.o)
 .text._strtoul_r
                0x08008a78        0x4 C:/Program Files (x86)/ARM/arm-gnu-toolchain-15.2.rel1-mingw-w64-i686-arm-none-eabi/bin/../lib/gcc/arm-none-eabi/15.2.1/../../../../arm-none-eabi/lib/thumb/v7e-m+dp/hard\libc_nano.a(libc_a-strtoul.o)
                0x08008a78                _strtoul_r
 .text.strtoul  0x08008a7c       0x14 C:/Program Files (x86)/ARM/arm-gnu-toolchain-15.2.rel1-mingw-w64-i686-arm-none-eabi/bin/../lib/gcc/arm-none-eabi/15.2.1/../../../../arm-none-eabi/lib/thumb/v7e-m+dp/hard\libc_nano.a(libc_a-strtoul.o)
                0x08008a7c                strtoul
 .text.std      0x08008a90       0x6c C:/Program Files (x86)/ARM/arm-gnu-toolchain-15.2.rel1-mingw-w64-i686-arm-none-eabi/bin/../lib/gcc/arm-none-eabi/15.2.1/../../../../arm-none-eabi/lib/thumb/v7e-m+dp/hard\libc_nano.a(libc_a-findfp.o)
 .text.stdio_exit_handler
                0x08008afc       0x18 C:/Program Files (x86)/ARM/arm-gnu-toolchain-15.2.rel1-mingw-w64-i686-arm-none-eabi/bin/../lib/gcc/arm-none-eabi/15.2.1/../../../../arm-none-eabi/lib/thumb/v7e-m+dp/hard\libc_nano.a(libc_a-findfp.o)
 .text.cleanup_stdio
                0x08008b14       0x40 C:/Program Files (x86)/ARM/arm-gnu-toolchain-15.2.rel1-mingw-w64-i686-arm-none-eabi/bin/../lib/gcc/arm-none-eabi/15.2.1/../../../../arm-none-eabi/lib/thumb/v7e-m+dp/hard\libc_nano.a(libc_a-findfp.o)
 .text.global_stdio_init.part.0
                0x08008b54       0x40 C:/Program Files (x86)/ARM/arm-gnu-toolchain-15.2.rel1-mingw-w64-i686-arm-none-eabi/bin/../lib/gcc/arm-none-eabi/15.2.1/../../../../arm-none-eabi/lib/thumb/v7e-m+dp/hard\libc_nano.a(libc_a-findfp.o)
 .text.__sfp_lock_acquire
                0x08008b94        0xc C:/Program Files (x86)/ARM/arm-gnu-toolchain-15.2.rel1-mingw-w64-i686-arm-none-eabi/bin/../lib/gcc/arm-none-eabi/15.2.1/../../../../arm-none-eabi/lib/thumb/v7e-m+dp/hard\libc_nano.a(libc_a-findfp.o)
                0x08008b94                __sfp_lock_acquire
 .text.__sfp_lock_release
                0x08008ba0        0xc C:/Program Files (x86)/ARM/arm-gnu-toolchain-15.2.rel1-mingw-w64-i686-arm-none-eabi/bin/../lib/gcc/arm-none-eabi/15.2.1/../../../../arm-none-eabi/lib/thumb/v7e-m+dp/hard\libc_nano.a(libc_a-findfp.o)
                0x08008ba0                __sfp_lock_release
 .text.__sinit  0x08008bac       0x30 C:/Program Files (x86)/ARM/arm-gnu-toolchain-15.2.rel1-mingw-w64-i686-arm-none-eabi/bin/../lib/gcc/arm-none-eabi/15.2.1/../../../../arm-none-eabi/lib/thumb/v7e-m+dp/hard\libc_nano.a(libc_a-findfp.o)
                0x08008bac                __sinit
 .text._fwalk_sglue
                0x08008bdc       0x3a C:/Program Files (x86)/ARM/arm-gnu-toolchain-15.2.rel1-mingw-w64-i686-arm-none-eabi/bin/../lib/gcc/arm-none-eabi/15.2.1/../../../../arm-none-eabi/lib/thumb/v7e-m+dp/hard\libc_nano.a(libc_a-fwalk.o)
                0x08008bdc                _fwalk_sglue
 *fill*         0x08008c16        0x2 
 .text.printf   0x08008c18       0x24 C:/Program Files (x86)/ARM/arm-gnu-toolchain-15.2.rel1-mingw-w64-i686-arm-none-eabi/bin/../lib/gcc/arm-none-eabi/15.2.1/../../../../arm-none-eabi/lib/thumb/v7e-m+dp/hard\libc_nano.a(libc_a-printf.o)
                0x08008c18                iprintf
                0x08008c18                printf
 .text._puts_r  0x08008c3c       0xaa C:/Program Files (x86)/ARM/arm-gnu-toolchain-15.2.rel1-mingw-w64-i686-arm-none-eabi/bin/../lib/gcc/arm-none-eabi/15.2.1/../../../../arm-none-eabi/lib/thumb/v7e-m+dp/hard\libc_nano.a(libc_a-puts.o)
                0x08008c3c                _puts_r
 *fill*         0x08008ce6        0x2 
 .text.puts     0x08008ce8       0x10 C:/Program Files (x86)/ARM/arm-gnu-toolchain-15.2.rel1-mingw-w64-i686-arm-none-eabi/bin/../lib/gcc/arm-none-eabi/15.2.1/../../../../arm-none-eabi/lib/thumb/v7e-m+dp/hard\libc_nano.a(libc_a-puts.o)
                0x08008ce8                puts
 .text.setvbuf  0x08008cf8      0x168 C:/Program Files (x86)/ARM/arm-gnu-toolchain-15.2.rel1-mingw-w64-i686-arm-none-eabi/bin/../lib/gcc/arm-none-eabi/15.2.1/../../../../arm-none-eabi/lib/thumb/v7e-m+dp/hard\libc_nano.a(libc_a-setvbuf.o)
                0x08008cf8                setvbuf
 .text.snprintf
                0x08008e60       0x64 C:/Program Files (x86)/ARM/arm-gnu-toolchain-15.2.rel1-mingw-w64-i686-arm-none-eabi/bin/../lib/gcc/arm-none-eabi/15.2.1/../../../../arm-none-eabi/lib/thumb/v7e-m+dp/hard\libc_nano.a(libc_a-snprintf.o)
                0x08008e60                sniprintf
                0x08008e60                snprintf
 .text.sscanf   0x08008ec4       0x58 C:/Program Files (x86)/ARM/arm-gnu-toolchain-15.2.rel1-mingw-w64-i686-arm-none-eabi/bin/../lib/gcc/arm-none-eabi/15.2.1/../../../../arm-none-eabi/lib/thumb/v7e-m+dp/hard\libc_nano.a(libc_a-sscanf.o)
                0x08008ec4                siscanf
                0x08008ec4                sscanf
 .text.__sread  0x08008f1c       0x22 C:/Program Files (x86)/ARM/arm-gnu-toolchain-15.2.rel1-mingw-w64-i686-arm-none-eabi/bin/../lib/gcc/arm-none-eabi/15.2.1/../../../../arm-none-eabi/lib/thumb/v7e-m+dp/hard\libc_nano.a(libc_a-stdio.o)
                0x08008f1c                __sread
 .text.__seofread
                0x08008f3e        0x4 C:/Program Files (x86)/ARM/arm-gnu-toolchain-15.2.rel1-mingw-w64-i686-arm-none-eabi/bin/../lib/gcc/arm-none-eabi/15.2.1/../../../../arm-none-eabi/lib/thumb/v7e-m+dp/hard\libc_nano.a(libc_a-stdio.o)
                0x08008f3e                __seofread
 .text.__swrite
                0x08008f42       0x38 C:/Program Files (x86)/ARM/arm-gnu-toolchain-15.2.rel1-mingw-w64-i686-arm-none-eabi/bin/../lib/gcc/arm-none-eabi/15.2.1/../../../../arm-none-eabi/lib/thumb/v7e-m+dp/hard\libc_nano.a(libc_a-stdio.o)
                0x08008f42                __swrite
 .text.__sseek  0x08008f7a       0x26 C:/Program Files (x86)/ARM/arm-gnu-toolchain-15.2.rel1-mingw-w64-i686-arm-none-eabi/bin/../lib/gcc/arm-none-eabi/15.2.1/../../../../arm-none-eabi/lib/thumb/v7e-m+dp/hard\libc_nano.a(libc_a-stdio.o)
                0x08008f7a                __sseek
 .text.__sclose
                0x08008fa0        0x8 C:/Program Files (x86)/ARM/arm-gnu-toolchain-15.2.rel1-mingw-w64-i686-arm-none-eabi/bin/../lib/gcc/arm-none-eabi/15.2.1/../../../../arm-none-eabi/lib/thumb/v7e-m+dp/hard\libc_nano.a(libc_a-stdio.o)
                0x08008fa0                __sclose
 .text._vsnprintf_r
                0x08008fa8       0x50 C:/Program Files (x86)/ARM/arm-gnu-toolchain-15.2.rel1-mingw-w64-i686-arm-none-eabi/bin/../lib/gcc/arm-none-eabi/15.2.1/../../../../arm-none-eabi/lib/thumb/v7e-m+dp/hard\libc_nano.a(libc_a-vsnprintf.o)
                0x08008fa8                _vsniprintf_r
                0x08008fa8                _vsnprintf_r
 .text.vsnprintf
                0x08008ff8       0x1c C:/Program Files (x86)/ARM/arm-gnu-toolchain-15.2.rel1-mingw-w64-i686-arm-none-eabi/bin/../lib/gcc/arm-none-eabi/15.2.1/../../../../arm-none-eabi/lib/thumb/v7e-m+dp/hard\libc_nano.a(libc_a-vsnprintf.o)
                0x08008ff8                vsniprintf
                0x08008ff8                vsnprintf
 .text.__swbuf_r
                0x08009014       0x7a C:/Program Files (x86)/ARM/arm-gnu-toolchain-15.2.rel1-mingw-w64-i686-arm-none-eabi/bin/../lib/gcc/arm-none-eabi/15.2.1/../../../../arm-none-eabi/lib/thumb/v7e-m+dp/hard\libc_nano.a(libc_a-wbuf.o)
                0x08009014                __swbuf_r
 *fill*         0x0800908e        0x2 
 .text.__swsetup_r
                0x08009090       0xa8 C:/Program Files (x86)/ARM/arm-gnu-toolchain-15.2.rel1-mingw-w64-i686-arm-none-eabi/bin/../lib/gcc/arm-none-eabi/15.2.1/../../../../arm-none-eabi/lib/thumb/v7e-m+dp/hard\libc_nano.a(libc_a-wsetup.o)
                0x08009090                __swsetup_r
 .text.memset   0x08009138       0x10 C:/Program Files (x86)/ARM/arm-gnu-toolchain-15.2.rel1-mingw-w64-i686-arm-none-eabi/bin/../lib/gcc/arm-none-eabi/15.2.1/../../../../arm-none-eabi/lib/thumb/v7e-m+dp/hard\libc_nano.a(libc_a-memset.o)
                0x08009138                memset
 .text.strchr   0x08009148       0x1c C:/Program Files (x86)/ARM/arm-gnu-toolchain-15.2.rel1-mingw-w64-i686-arm-none-eabi/bin/../lib/gcc/arm-none-eabi/15.2.1/../../../../arm-none-eabi/lib/thumb/v7e-m+dp/hard\libc_nano.a(libc_a-strchr.o)
                0x08009148                strchr
 .text.strncmp  0x08009164       0x24 C:/Program Files (x86)/ARM/arm-gnu-toolchain-15.2.rel1-mingw-w64-i686-arm-none-eabi/bin/../lib/gcc/arm-none-eabi/15.2.1/../../../../arm-none-eabi/lib/thumb/v7e-m+dp/hard\libc_nano.a(libc_a-strncmp.o)
                0x08009164                strncmp
 .text.strstr   0x08009188       0x2c C:/Program Files (x86)/ARM/arm-gnu-toolchain-15.2.rel1-mingw-w64-i686-arm-none-eabi/bin/../lib/gcc/arm-none-eabi/15.2.1/../../../../arm-none-eabi/lib/thumb/v7e-m+dp/hard\libc_nano.a(libc_a-strstr.o)
                0x08009188                strstr
 .text._close_r
                0x080091b4       0x20 C:/Program Files (x86)/ARM/arm-gnu-toolchain-15.2.rel1-mingw-w64-i686-arm-none-eabi/bin/../lib/gcc/arm-none-eabi/15.2.1/../../../../arm-none-eabi/lib/thumb/v7e-m+dp/hard\libc_nano.a(libc_a-closer.o)
                0x080091b4                _close_r
 .text._lseek_r
                0x080091d4       0x24 C:/Program Files (x86)/ARM/arm-gnu-toolchain-15.2.rel1-mingw-w64-i686-arm-none-eabi/bin/../lib/gcc/arm-none-eabi/15.2.1/../../../../arm-none-eabi/lib/thumb/v7e-m+dp/hard\libc_nano.a(libc_a-lseekr.o)
                0x080091d4                _lseek_r
 .text._read_r  0x080091f8       0x24 C:/Program Files (x86)/ARM/arm-gnu-toolchain-15.2.rel1-mingw-w64-i686-arm-none-eabi/bin/../lib/gcc/arm-none-eabi/15.2.1/../../../../arm-none-eabi/lib/thumb/v7e-m+dp/hard\libc_nano.a(libc_a-readr.o)
                0x080091f8                _read_r
 .text._write_r
                0x0800921c       0x24 C:/Program Files (x86)/ARM/arm-gnu-toolchain-15.2.rel1-mingw-w64-i686-arm-none-eabi/bin/../lib/gcc/arm-none-eabi/15.2.1/../../../../arm-none-eabi/lib/thumb/v7e-m+dp/hard\libc_nano.a(libc_a-writer.o)
                0x0800921c                _write_r
 .text.__errno  0x08009240        0xc C:/Program Files (x86)/ARM/arm-gnu-toolchain-15.2.rel1-mingw-w64-i686-arm-none-eabi/bin/../lib/gcc/arm-none-eabi/15.2.1/../../../../arm-none-eabi/lib/thumb/v7e-m+dp/hard\libc_nano.a(libc_a-errno.o)
                0x08009240                __errno
 .text.__libc_init_array
                0x0800924c       0x48 C:/Program Files (x86)/ARM/arm-gnu-toolchain-15.2.rel1-mingw-w64-i686-arm-none-eabi/bin/../lib/gcc/arm-none-eabi/15.2.1/../../../../arm-none-eabi/lib/thumb/v7e-m+dp/hard\libc_nano.a(libc_a-init.o)
                0x0800924c                __libc_init_array
 .text.__retarget_lock_init_recursive
                0x08009294        0x2 C:/Program Files (x86)/ARM/arm-gnu-toolchain-15.2.rel1-mingw-w64-i686-arm-none-eabi/bin/../lib/gcc/arm-none-eabi/15.2.1/../../../../arm-none-eabi/lib/thumb/v7e-m+dp/hard\libc_nano.a(libc_a-lock.o)
                0x08009294                __retarget_lock_init_recursive
 .text.__retarget_lock_acquire_recursive
                0x08009296        0x2 C:/Program Files (x86)/ARM/arm-gnu-toolchain-15.2.rel1-mingw-w64-i686-arm-none-eabi/bin/../lib/gcc/arm-none-eabi/15.2.1/../../../../arm-none-eabi/lib/thumb/v7e-m+dp/hard\libc_nano.a(libc_a-lock.o)
                0x08009296                __retarget_lock_acquire_recursive
 .text.__retarget_lock_release_recursive
                0x08009298        0x2 C:/Program Files (x86)/ARM/arm-gnu-toolchain-15.2.rel1-mingw-w64-i686-arm-none-eabi/bin/../lib/gcc/arm-none-eabi/15.2.1/../../../../arm-none-eabi/lib/thumb/v7e-m+dp/hard\libc_nano.a(libc_a-lock.o)
                0x08009298                __retarget_lock_release_recursive
 .text.memcpy   0x0800929a       0x1c C:/Program Files (x86)/ARM/arm-gnu-toolchain-15.2.rel1-mingw-w64-i686-arm-none-eabi/bin/../lib/gcc/arm-none-eabi/15.2.1/../../../../arm-none-eabi/lib/thumb/v7e-m+dp/hard\libc_nano.a(libc_a-memcpy-stub.o)
                0x0800929a                memcpy
 *fill*         0x080092b6        0x2 
 .text._free_r  0x080092b8       0x98 C:/Program Files (x86)/ARM/arm-gnu-toolchain-15.2.rel1-mingw-w64-i686-arm-none-eabi/bin/../lib/gcc/arm-none-eabi/15.2.1/../../../../arm-none-eabi/lib/thumb/v7e-m+dp/hard\libc_nano.a(libc_a-freer.o)
                0x080092b8                _free_r
 .text.malloc   0x08009350       0x10 C:/Program Files (x86)/ARM/arm-gnu-toolchain-15.2.rel1-mingw-w64-i686-arm-none-eabi/bin/../lib/gcc/arm-none-eabi/15.2.1/../../../../arm-none-eabi/lib/thumb/v7e-m+dp/hard\libc_nano.a(libc_a-malloc.o)
                0x08009350                malloc
 .text.sbrk_aligned
                0x08009360       0x44 C:/Program Files (x86)/ARM/arm-gnu-toolchain-15.2.rel1-mingw-w64-i686-arm-none-eabi/bin/../lib/gcc/arm-none-eabi/15.2.1/../../../../arm-none-eabi/lib/thumb/v7e-m+dp/hard\libc_nano.a(libc_a-mallocr.o)
 .text._malloc_r
                0x080093a4       0xf8 C:/Program Files (x86)/ARM/arm-gnu-toolchain-15.2.rel1-mingw-w64-i686-arm-none-eabi/bin/../lib/gcc/arm-none-eabi/15.2.1/../../../../arm-none-eabi/lib/thumb/v7e-m+dp/hard\libc_nano.a(libc_a-mallocr.o)
                0x080093a4                _malloc_r
 .text.__malloc_lock
                0x0800949c        0xc C:/Program Files (x86)/ARM/arm-gnu-toolchain-15.2.rel1-mingw-w64-i686-arm-none-eabi/bin/../lib/gcc/arm-none-eabi/15.2.1/../../../../arm-none-eabi/lib/thumb/v7e-m+dp/hard\libc_nano.a(libc_a-mlock.o)
                0x0800949c                __malloc_lock
 .text.__malloc_unlock
                0x080094a8        0xc C:/Program Files (x86)/ARM/arm-gnu-toolchain-15.2.rel1-mingw-w64-i686-arm-none-eabi/bin/../lib/gcc/arm-none-eabi/15.2.1/../../../../arm-none-eabi/lib/thumb/v7e-m+dp/hard\libc_nano.a(libc_a-mlock.o)
                0x080094a8                __malloc_unlock
 .text.__ssputs_r
                0x080094b4       0xc0 C:/Program Files (x86)/ARM/arm-gnu-toolchain-15.2.rel1-mingw-w64-i686-arm-none-eabi/bin/../lib/gcc/arm-none-eabi/15.2.1/../../../../arm-none-eabi/lib/thumb/v7e-m+dp/hard\libc_nano.a(libc_a-nano-svfprintf.o)
                0x080094b4                __ssputs_r
 .text._svfprintf_r
                0x08009574      0x1f0 C:/Program Files (x86)/ARM/arm-gnu-toolchain-15.2.rel1-mingw-w64-i686-arm-none-eabi/bin/../lib/gcc/arm-none-eabi/15.2.1/../../../../arm-none-eabi/lib/thumb/v7e-m+dp/hard\libc_nano.a(libc_a-nano-svfprintf.o)
                0x08009574                _svfiprintf_r
                0x08009574                _svfprintf_r
 .text._sungetc_r
                0x08009764       0x7a C:/Program Files (x86)/ARM/arm-gnu-toolchain-15.2.rel1-mingw-w64-i686-arm-none-eabi/bin/../lib/gcc/arm-none-eabi/15.2.1/../../../../arm-none-eabi/lib/thumb/v7e-m+dp/hard\libc_nano.a(libc_a-nano-svfscanf.o)
                0x08009764                _sungetc_r
 .text.__ssrefill_r
                0x080097de       0x3a C:/Program Files (x86)/ARM/arm-gnu-toolchain-15.2.rel1-mingw-w64-i686-arm-none-eabi/bin/../lib/gcc/arm-none-eabi/15.2.1/../../../../arm-none-eabi/lib/thumb/v7e-m+dp/hard\libc_nano.a(libc_a-nano-svfscanf.o)
                0x080097de                __ssrefill_r
 .text.__ssvfscanf_r
                0x08009818      0x2e8 C:/Program Files (x86)/ARM/arm-gnu-toolchain-15.2.rel1-mingw-w64-i686-arm-none-eabi/bin/../lib/gcc/arm-none-eabi/15.2.1/../../../../arm-none-eabi/lib/thumb/v7e-m+dp/hard\libc_nano.a(libc_a-nano-svfscanf.o)
                0x08009818                __ssvfiscanf_r
                0x08009818                __ssvfscanf_r
 .text.__sfputc_r
                0x08009b00       0x2a C:/Program Files (x86)/ARM/arm-gnu-toolchain-15.2.rel1-mingw-w64-i686-arm-none-eabi/bin/../lib/gcc/arm-none-eabi/15.2.1/../../../../arm-none-eabi/lib/thumb/v7e-m+dp/hard\libc_nano.a(libc_a-nano-vfprintf.o)
 .text.__sfputs_r
                0x08009b2a       0x24 C:/Program Files (x86)/ARM/arm-gnu-toolchain-15.2.rel1-mingw-w64-i686-arm-none-eabi/bin/../lib/gcc/arm-none-eabi/15.2.1/../../../../arm-none-eabi/lib/thumb/v7e-m+dp/hard\libc_nano.a(libc_a-nano-vfprintf.o)
                0x08009b2a                __sfputs_r
 *fill*         0x08009b4e        0x2 
 .text._vfprintf_r
                0x08009b50      0x228 C:/Program Files (x86)/ARM/arm-gnu-toolchain-15.2.rel1-mingw-w64-i686-arm-none-eabi/bin/../lib/gcc/arm-none-eabi/15.2.1/../../../../arm-none-eabi/lib/thumb/v7e-m+dp/hard\libc_nano.a(libc_a-nano-vfprintf.o)
                0x08009b50                _vfprintf_r
                0x08009b50                _vfiprintf_r
 .text._printf_common
                0x08009d78       0xea C:/Program Files (x86)/ARM/arm-gnu-toolchain-15.2.rel1-mingw-w64-i686-arm-none-eabi/bin/../lib/gcc/arm-none-eabi/15.2.1/../../../../arm-none-eabi/lib/thumb/v7e-m+dp/hard\libc_nano.a(libc_a-nano-vfprintf_i.o)
                0x08009d78                _printf_common
 *fill*         0x08009e62        0x2 
 .text._printf_i
                0x08009e64      0x254 C:/Program Files (x86)/ARM/arm-gnu-toolchain-15.2.rel1-mingw-w64-i686-arm-none-eabi/bin/../lib/gcc/arm-none-eabi/15.2.1/../../../../arm-none-eabi/lib/thumb/v7e-m+dp/hard\libc_nano.a(libc_a-nano-vfprintf_i.o)
                0x08009e64                _printf_i
 .text._scanf_chars
                0x0800a0b8       0xb4 C:/Program Files (x86)/ARM/arm-gnu-toolchain-15.2.rel1-mingw-w64-i686-arm-none-eabi/bin/../lib/gcc/arm-none-eabi/15.2.1/../../../../arm-none-eabi/lib/thumb/v7e-m+dp/hard\libc_nano.a(libc_a-nano-vfscanf_i.o)
                0x0800a0b8                _scanf_chars
 .text._scanf_i
                0x0800a16c      0x1d8 C:/Program Files (x86)/ARM/arm-gnu-toolchain-15.2.rel1-mingw-w64-i686-arm-none-eabi/bin/../lib/gcc/arm-none-eabi/15.2.1/../../../../arm-none-eabi/lib/thumb/v7e-m+dp/hard\libc_nano.a(libc_a-nano-vfscanf_i.o)
                0x0800a16c                _scanf_i
 .text.__sflush_r
                0x0800a344      0x100 C:/Program Files (x86)/ARM/arm-gnu-toolchain-15.2.rel1-mingw-w64-i686-arm-none-eabi/bin/../lib/gcc/arm-none-eabi/15.2.1/../../../../arm-none-eabi/lib/thumb/v7e-m+dp/hard\libc_nano.a(libc_a-fflush.o)
                0x0800a344                __sflush_r
 .text._fflush_r
                0x0800a444       0x50 C:/Program Files (x86)/ARM/arm-gnu-toolchain-15.2.rel1-mingw-w64-i686-arm-none-eabi/bin/../lib/gcc/arm-none-eabi/15.2.1/../../../../arm-none-eabi/lib/thumb/v7e-m+dp/hard\libc_nano.a(libc_a-fflush.o)
                0x0800a444                _fflush_r
 .text.__swhatbuf_r
                0x0800a494       0x48 C:/Program Files (x86)/ARM/arm-gnu-toolchain-15.2.rel1-mingw-w64-i686-arm-none-eabi/bin/../lib/gcc/arm-none-eabi/15.2.1/../../../../arm-none-eabi/lib/thumb/v7e-m+dp/hard\libc_nano.a(libc_a-makebuf.o)
                0x0800a494                __swhatbuf_r
 .text.__smakebuf_r
                0x0800a4dc       0x72 C:/Program Files (x86)/ARM/arm-gnu-toolchain-15.2.rel1-mingw-w64-i686-arm-none-eabi/bin/../lib/gcc/arm-none-eabi/15.2.1/../../../../arm-none-eabi/lib/thumb/v7e-m+dp/hard\libc_nano.a(libc_a-makebuf.o)
                0x0800a4dc                __smakebuf_r
 .text.__sccl   0x0800a54e       0x72 C:/Program Files (x86)/ARM/arm-gnu-toolchain-15.2.rel1-mingw-w64-i686-arm-none-eabi/bin/../lib/gcc/arm-none-eabi/15.2.1/../../../../arm-none-eabi/lib/thumb/v7e-m+dp/hard\libc_nano.a(libc_a-sccl.o)
                0x0800a54e                __sccl
 .text.__submore
                0x0800a5c0       0x74 C:/Program Files (x86)/ARM/arm-gnu-toolchain-15.2.rel1-mingw-w64-i686-arm-none-eabi/bin/../lib/gcc/arm-none-eabi/15.2.1/../../../../arm-none-eabi/lib/thumb/v7e-m+dp/hard\libc_nano.a(libc_a-ungetc.o)
                0x0800a5c0                __submore
 .text.memmove  0x0800a634       0x32 C:/Program Files (x86)/ARM/arm-gnu-toolchain-15.2.rel1-mingw-w64-i686-arm-none-eabi/bin/../lib/gcc/arm-none-eabi/15.2.1/../../../../arm-none-eabi/lib/thumb/v7e-m+dp/hard\libc_nano.a(libc_a-memmove.o)
                0x0800a634                memmove
 *fill*         0x0800a666        0x2 
 .text._fstat_r
                0x0800a668       0x24 C:/Program Files (x86)/ARM/arm-gnu-toolchain-15.2.rel1-mingw-w64-i686-arm-none-eabi/bin/../lib/gcc/arm-none-eabi/15.2.1/../../../../arm-none-eabi/lib/thumb/v7e-m+dp/hard\libc_nano.a(libc_a-fstatr.o)
                0x0800a668                _fstat_r
 .text._isatty_r
                0x0800a68c       0x20 C:/Program Files (x86)/ARM/arm-gnu-toolchain-15.2.rel1-mingw-w64-i686-arm-none-eabi/bin/../lib/gcc/arm-none-eabi/15.2.1/../../../../arm-none-eabi/lib/thumb/v7e-m+dp/hard\libc_nano.a(libc_a-isattyr.o)
                0x0800a68c                _isatty_r
 .text._sbrk_r  0x0800a6ac       0x20 C:/Program Files (x86)/ARM/arm-gnu-toolchain-15.2.rel1-mingw-w64-i686-arm-none-eabi/bin/../lib/gcc/arm-none-eabi/15.2.1/../../../../arm-none-eabi/lib/thumb/v7e-m+dp/hard\libc_nano.a(libc_a-sbrkr.o)
                0x0800a6ac                _sbrk_r
 .text._realloc_r
                0x0800a6cc       0x5c C:/Program Files (x86)/ARM/arm-gnu-toolchain-15.2.rel1-mingw-w64-i686-arm-none-eabi/bin/../lib/gcc/arm-none-eabi/15.2.1/../../../../arm-none-eabi/lib/thumb/v7e-m+dp/hard\libc_nano.a(libc_a-reallocr.o)
                0x0800a6cc                _realloc_r
 .text._strtol_l.isra.0
                0x0800a728       0xf4 C:/Program Files (x86)/ARM/arm-gnu-toolchain-15.2.rel1-mingw-w64-i686-arm-none-eabi/bin/../lib/gcc/arm-none-eabi/15.2.1/../../../../arm-none-eabi/lib/thumb/v7e-m+dp/hard\libc_nano.a(libc_a-strtol.o)
 .text._strtol_r
                0x0800a81c        0x4 C:/Program Files (x86)/ARM/arm-gnu-toolchain-15.2.rel1-mingw-w64-i686-arm-none-eabi/bin/../lib/gcc/arm-none-eabi/15.2.1/../../../../arm-none-eabi/lib/thumb/v7e-m+dp/hard\libc_nano.a(libc_a-strtol.o)
                0x0800a81c                _strtol_r
 .text._malloc_usable_size_r
                0x0800a820       0x10 C:/Program Files (x86)/ARM/arm-gnu-toolchain-15.2.rel1-mingw-w64-i686-arm-none-eabi/bin/../lib/gcc/arm-none-eabi/15.2.1/../../../../arm-none-eabi/lib/thumb/v7e-m+dp/hard\libc_nano.a(libc_a-msizer.o)
                0x0800a820                _malloc_usable_size_r
 .text.__udivmoddi4
                0x0800a830      0x320 C:/Program Files (x86)/ARM/arm-gnu-toolchain-15.2.rel1-mingw-w64-i686-arm-none-eabi/bin/../lib/gcc/arm-none-eabi/15.2.1/thumb/v7e-m+dp/hard\libgcc.a(_udivmoddi4.o)
                0x0800a830                __udivmoddi4
 *(.glue_7)
 .glue_7        0x0800ab50        0x0 linker stubs
 *(.glue_7t)
 .glue_7t       0x0800ab50        0x0 linker stubs
 *(.eh_frame)
 .eh_frame      0x0800ab50        0x0 C:/Program Files (x86)/ARM/arm-gnu-toolchain-15.2.rel1-mingw-w64-i686-arm-none-eabi/bin/../lib/gcc/arm-none-eabi/15.2.1/thumb/v7e-m+dp/hard/crtbegin.o
 *(.init)
 .init          0x0800ab50        0x4 C:/Program Files (x86)/ARM/arm-gnu-toolchain-15.2.rel1-mingw-w64-i686-arm-none-eabi/bin/../lib/gcc/arm-none-eabi/15.2.1/thumb/v7e-m+dp/hard/crti.o
                0x0800ab50                _init
 .init          0x0800ab54        0x8 C:/Program Files (x86)/ARM/arm-gnu-toolchain-15.2.rel1-mingw-w64-i686-arm-none-eabi/bin/../lib/gcc/arm-none-eabi/15.2.1/thumb/v7e-m+dp/hard/crtn.o
 *(.fini)
 .fini          0x0800ab5c        0x4 C:/Program Files (x86)/ARM/arm-gnu-toolchain-15.2.rel1-mingw-w64-i686-arm-none-eabi/bin/../lib/gcc/arm-none-eabi/15.2.1/thumb/v7e-m+dp/hard/crti.o
                0x0800ab5c                _fini
 .fini          0x0800ab60        0x8 C:/Program Files (x86)/ARM/arm-gnu-toolchain-15.2.rel1-mingw-w64-i686-arm-none-eabi/bin/../lib/gcc/arm-none-eabi/15.2.1/thumb/v7e-m+dp/hard/crtn.o
                0x0800ab68                        . = ALIGN (0x4)
                0x0800ab68                        _etext = .

.vfp11_veneer   0x0800ab68        0x0
 .vfp11_veneer  0x0800ab68        0x0 linker stubs

.v4_bx          0x0800ab68        0x0
 .v4_bx         0x0800ab68        0x0 linker stubs

.iplt           0x0800ab68        0x0
 .iplt          0x0800ab68        0x0 C:/Program Files (x86)/ARM/arm-gnu-toolchain-15.2.rel1-mingw-w64-i686-arm-none-eabi/bin/../lib/gcc/arm-none-eabi/15.2.1/thumb/v7e-m+dp/hard/crtbegin.o

.rodata         0x0800ab68      0x828
                0x0800ab68                        . = ALIGN (0x4)
 *(.rodata)
 .rodata        0x0800ab68        0xc C:/Program Files (x86)/ARM/arm-gnu-toolchain-15.2.rel1-mingw-w64-i686-arm-none-eabi/bin/../lib/gcc/arm-none-eabi/15.2.1/../../../../arm-none-eabi/lib/thumb/v7e-m+dp/hard\libc_nano.a(libc_a-nano-vfscanf_i.o)
 *(.rodata*)
 .rodata.main.str1.4
                0x0800ab74      0x66c build/main.o
                                0x110 (size before relaxing)
 .rodata.StartDefaultTask.str1.4
                0x0800b1e0        0x0 build/freertos.o
                                 0x68 (size before relaxing)
 .rodata.str1.4
                0x0800b1e0        0x0 build/freertos.o
                                  0xc (size before relaxing)
 .rodata.defaultTask_attributes
                0x0800b1e0       0x24 build/freertos.o
                0x0800b1e0                defaultTask_attributes
 .rodata.FaultCommand_WriteTextHelp.str1.4
                0x0800b204        0x0 build/fault_command.o
                                0x157 (size before relaxing)
 .rodata.FaultCommand_FindJsonKey.str1.4
                0x0800b204        0x0 build/fault_command.o
                                  0x5 (size before relaxing)
 .rodata.FaultCommand_WriteJsonStatus.str1.4
                0x0800b204        0x0 build/fault_command.o
                                 0x9d (size before relaxing)
 .rodata.FaultCommand_WriteJsonResult.str1.4
                0x0800b204        0x0 build/fault_command.o
                                 0x27 (size before relaxing)
 .rodata.FaultCommand_WriteTextStatus.str1.4
                0x0800b204        0x0 build/fault_command.o
                                 0x73 (size before relaxing)
 .rodata.FaultCommand_WriteTextResult.str1.4
                0x0800b204        0x0 build/fault_command.o
                                 0x16 (size before relaxing)
 .rodata.FaultCommand_ExecuteJson.str1.4
                0x0800b204        0x0 build/fault_command.o
                                0x141 (size before relaxing)
 .rodata.FaultCommand_ExecuteText.str1.4
                0x0800b204        0x0 build/fault_command.o
                                 0x84 (size before relaxing)
 .rodata.FaultConsole_Write.str1.4
                0x0800b204        0x0 build/fault_console.o
                                  0x3 (size before relaxing)
 .rodata.FaultConsole_Init.str1.4
                0x0800b204        0x0 build/fault_console.o
                                 0x39 (size before relaxing)
 .rodata.FaultConsole_Process.str1.4
                0x0800b204        0x0 build/fault_console.o
                                 0x15 (size before relaxing)
 .rodata.VoltageSim_GetFaultTypeName.str1.4
                0x0800b204        0x0 build/voltage_sim.o
                                  0xd (size before relaxing)
 .rodata.UARTPrescTable
                0x0800b204       0x18 build/stm32h7xx_hal_uart.o
                0x0800b204                UARTPrescTable
 .rodata.denominator.0
                0x0800b21c        0x8 build/stm32h7xx_hal_uart_ex.o
 .rodata.numerator.1
                0x0800b224        0x8 build/stm32h7xx_hal_uart_ex.o
 .rodata.D1CorePrescTable
                0x0800b22c       0x10 build/system_stm32h7xx.o
                0x0800b22c                D1CorePrescTable
 .rodata.vTaskStartScheduler.str1.4
                0x0800b23c        0x0 build/tasks.o
                                  0x5 (size before relaxing)
 .rodata.uxTopUsedPriority
                0x0800b23c        0x4 build/tasks.o
                0x0800b23c                uxTopUsedPriority
 .rodata.prvCheckForValidListAndQueue.str1.4
                0x0800b240        0x0 build/timers.o
                                  0x5 (size before relaxing)
 .rodata.xTimerCreateTimerTask.str1.4
                0x0800b240        0x0 build/timers.o
                                  0x8 (size before relaxing)
 .rodata._ctype_
                0x0800b240      0x101 C:/Program Files (x86)/ARM/arm-gnu-toolchain-15.2.rel1-mingw-w64-i686-arm-none-eabi/bin/../lib/gcc/arm-none-eabi/15.2.1/../../../../arm-none-eabi/lib/thumb/v7e-m+dp/hard\libc_nano.a(libc_a-ctype_.o)
                0x0800b240                _ctype_
 .rodata._svfprintf_r.str1.1
                0x0800b341       0x4e C:/Program Files (x86)/ARM/arm-gnu-toolchain-15.2.rel1-mingw-w64-i686-arm-none-eabi/bin/../lib/gcc/arm-none-eabi/15.2.1/../../../../arm-none-eabi/lib/thumb/v7e-m+dp/hard\libc_nano.a(libc_a-nano-svfprintf.o)
                                 0x11 (size before relaxing)
 .rodata.__ssvfscanf_r.str1.1
                0x0800b38f        0x0 C:/Program Files (x86)/ARM/arm-gnu-toolchain-15.2.rel1-mingw-w64-i686-arm-none-eabi/bin/../lib/gcc/arm-none-eabi/15.2.1/../../../../arm-none-eabi/lib/thumb/v7e-m+dp/hard\libc_nano.a(libc_a-nano-svfscanf.o)
                                  0x4 (size before relaxing)
 .rodata._vfprintf_r.str1.1
                0x0800b38f        0x0 C:/Program Files (x86)/ARM/arm-gnu-toolchain-15.2.rel1-mingw-w64-i686-arm-none-eabi/bin/../lib/gcc/arm-none-eabi/15.2.1/../../../../arm-none-eabi/lib/thumb/v7e-m+dp/hard\libc_nano.a(libc_a-nano-vfprintf.o)
                                 0x11 (size before relaxing)
 .rodata._printf_i.str1.1
                0x0800b38f        0x0 C:/Program Files (x86)/ARM/arm-gnu-toolchain-15.2.rel1-mingw-w64-i686-arm-none-eabi/bin/../lib/gcc/arm-none-eabi/15.2.1/../../../../arm-none-eabi/lib/thumb/v7e-m+dp/hard\libc_nano.a(libc_a-nano-vfprintf_i.o)
                                 0x22 (size before relaxing)
 .rodata._scanf_i.str1.1
                0x0800b38f        0x0 C:/Program Files (x86)/ARM/arm-gnu-toolchain-15.2.rel1-mingw-w64-i686-arm-none-eabi/bin/../lib/gcc/arm-none-eabi/15.2.1/../../../../arm-none-eabi/lib/thumb/v7e-m+dp/hard\libc_nano.a(libc_a-nano-vfscanf_i.o)
                                 0x12 (size before relaxing)
 .rodata.str1.1
                0x0800b38f        0x0 C:/Program Files (x86)/ARM/arm-gnu-toolchain-15.2.rel1-mingw-w64-i686-arm-none-eabi/bin/../lib/gcc/arm-none-eabi/15.2.1/../../../../arm-none-eabi/lib/thumb/v7e-m+dp/hard\libc_nano.a(libc_a-nano-vfscanf_i.o)
                                  0x9 (size before relaxing)
                0x0800b390                        . = ALIGN (0x4)
 *fill*         0x0800b38f        0x1 

.ARM.extab      0x0800b390        0x0
                0x0800b390                        . = ALIGN (0x4)
 *(.ARM.extab* .gnu.linkonce.armextab.*)
                0x0800b390                        . = ALIGN (0x4)

.ARM            0x0800b390        0x8
                0x0800b390                        . = ALIGN (0x4)
                0x0800b390                        __exidx_start = .
 *(.ARM.exidx*)
 .ARM.exidx     0x0800b390        0x8 C:/Program Files (x86)/ARM/arm-gnu-toolchain-15.2.rel1-mingw-w64-i686-arm-none-eabi/bin/../lib/gcc/arm-none-eabi/15.2.1/../../../../arm-none-eabi/lib/thumb/v7e-m+dp/hard\libc_nano.a(libc_a-strcmp.o)
 .ARM.exidx     0x0800b398        0x0 C:/Program Files (x86)/ARM/arm-gnu-toolchain-15.2.rel1-mingw-w64-i686-arm-none-eabi/bin/../lib/gcc/arm-none-eabi/15.2.1/../../../../arm-none-eabi/lib/thumb/v7e-m+dp/hard\libc_nano.a(libc_a-strlen.o)
                                  0x8 (size before relaxing)
 .ARM.exidx     0x0800b398        0x0 C:/Program Files (x86)/ARM/arm-gnu-toolchain-15.2.rel1-mingw-w64-i686-arm-none-eabi/bin/../lib/gcc/arm-none-eabi/15.2.1/../../../../arm-none-eabi/lib/thumb/v7e-m+dp/hard\libc_nano.a(libc_a-memchr.o)
                                  0x8 (size before relaxing)
 .ARM.exidx.text.__udivmoddi4
                0x0800b398        0x0 C:/Program Files (x86)/ARM/arm-gnu-toolchain-15.2.rel1-mingw-w64-i686-arm-none-eabi/bin/../lib/gcc/arm-none-eabi/15.2.1/thumb/v7e-m+dp/hard\libgcc.a(_udivmoddi4.o)
                                  0x8 (size before relaxing)
                0x0800b398                        __exidx_end = .
                0x0800b398                        . = ALIGN (0x4)

.preinit_array  0x0800b398        0x0
                0x0800b398                        . = ALIGN (0x4)
                0x0800b398                        PROVIDE (__preinit_array_start = .)
 *(.preinit_array*)
                0x0800b398                        PROVIDE (__preinit_array_end = .)
                0x0800b398                        . = ALIGN (0x4)

.init_array     0x0800b398        0x4
                0x0800b398                        . = ALIGN (0x4)
                0x0800b398                        PROVIDE (__init_array_start = .)
 *(SORT_BY_NAME(.init_array.*))
 *(.init_array*)
 .init_array    0x0800b398        0x4 C:/Program Files (x86)/ARM/arm-gnu-toolchain-15.2.rel1-mingw-w64-i686-arm-none-eabi/bin/../lib/gcc/arm-none-eabi/15.2.1/thumb/v7e-m+dp/hard/crtbegin.o
                0x0800b39c                        PROVIDE (__init_array_end = .)
                0x0800b39c                        . = ALIGN (0x4)

.fini_array     0x0800b39c        0x4
                0x0800b39c                        . = ALIGN (0x4)
                [!provide]                        PROVIDE (__fini_array_start = .)
 *(SORT_BY_NAME(.fini_array.*))
 *(.fini_array*)
 .fini_array    0x0800b39c        0x4 C:/Program Files (x86)/ARM/arm-gnu-toolchain-15.2.rel1-mingw-w64-i686-arm-none-eabi/bin/../lib/gcc/arm-none-eabi/15.2.1/thumb/v7e-m+dp/hard/crtbegin.o
                [!provide]                        PROVIDE (__fini_array_end = .)
                0x0800b3a0                        . = ALIGN (0x4)
                0x0800b3a0                        _sidata = LOADADDR (.data)

.rel.dyn        0x0800b3a0        0x0
 .rel.iplt      0x0800b3a0        0x0 C:/Program Files (x86)/ARM/arm-gnu-toolchain-15.2.rel1-mingw-w64-i686-arm-none-eabi/bin/../lib/gcc/arm-none-eabi/15.2.1/thumb/v7e-m+dp/hard/crtbegin.o

.data           0x20000000       0x74 load address 0x0800b3a0
                0x20000000                        . = ALIGN (0x4)
                0x20000000                        _sdata = .
 *(.data)
 *(.data*)
 .data.dacSpiTimeoutMs
                0x20000000        0x4 build/bsp_dac81416.o
 .data.uwTickFreq
                0x20000004        0x1 build/stm32h7xx_hal.o
                0x20000004                uwTickFreq
 *fill*         0x20000005        0x3 
 .data.uwTickPrio
                0x20000008        0x4 build/stm32h7xx_hal.o
                0x20000008                uwTickPrio
 .data.SystemD2Clock
                0x2000000c        0x4 build/system_stm32h7xx.o
                0x2000000c                SystemD2Clock
 .data.SystemCoreClock
                0x20000010        0x4 build/system_stm32h7xx.o
                0x20000010                SystemCoreClock
 .data.uxCriticalNesting
                0x20000014        0x4 build/port.o
 .data.__sglue  0x20000018        0xc C:/Program Files (x86)/ARM/arm-gnu-toolchain-15.2.rel1-mingw-w64-i686-arm-none-eabi/bin/../lib/gcc/arm-none-eabi/15.2.1/../../../../arm-none-eabi/lib/thumb/v7e-m+dp/hard\libc_nano.a(libc_a-findfp.o)
                0x20000018                __sglue
 .data._impure_ptr
                0x20000024        0x4 C:/Program Files (x86)/ARM/arm-gnu-toolchain-15.2.rel1-mingw-w64-i686-arm-none-eabi/bin/../lib/gcc/arm-none-eabi/15.2.1/../../../../arm-none-eabi/lib/thumb/v7e-m+dp/hard\libc_nano.a(libc_a-impure.o)
                0x20000024                _impure_ptr
 .data._impure_data
                0x20000028       0x4c C:/Program Files (x86)/ARM/arm-gnu-toolchain-15.2.rel1-mingw-w64-i686-arm-none-eabi/bin/../lib/gcc/arm-none-eabi/15.2.1/../../../../arm-none-eabi/lib/thumb/v7e-m+dp/hard\libc_nano.a(libc_a-impure.o)
                0x20000028                _impure_data
 *(.RamFunc)
 *(.RamFunc*)
                0x20000074                        . = ALIGN (0x4)
                0x20000074                        _edata = .

.tm_clone_table
                0x20000074        0x0 load address 0x0800b414
 .tm_clone_table
                0x20000074        0x0 C:/Program Files (x86)/ARM/arm-gnu-toolchain-15.2.rel1-mingw-w64-i686-arm-none-eabi/bin/../lib/gcc/arm-none-eabi/15.2.1/thumb/v7e-m+dp/hard/crtbegin.o
 .tm_clone_table
                0x20000074        0x0 C:/Program Files (x86)/ARM/arm-gnu-toolchain-15.2.rel1-mingw-w64-i686-arm-none-eabi/bin/../lib/gcc/arm-none-eabi/15.2.1/thumb/v7e-m+dp/hard/crtend.o

.igot.plt       0x20000074        0x0 load address 0x0800b414
 .igot.plt      0x20000074        0x0 C:/Program Files (x86)/ARM/arm-gnu-toolchain-15.2.rel1-mingw-w64-i686-arm-none-eabi/bin/../lib/gcc/arm-none-eabi/15.2.1/thumb/v7e-m+dp/hard/crtbegin.o

.TxDescripSection
                0x20000074       0x60 load address 0x0800b414
 .TxDescripSection
                0x20000074       0x60 build/eth.o
                0x20000074                DMATxDscrTab

.RxDescripSection
                0x200000d4       0x60 load address 0x0800b474
 .RxDescripSection
                0x200000d4       0x60 build/eth.o
                0x200000d4                DMARxDscrTab
                0x20000134                        . = ALIGN (0x4)

.bss            0x20000134     0x4f40 load address 0x0800b4d4
                0x20000134                        _sbss = .
                0x20000134                        __bss_start__ = _sbss
 *(.bss)
 *(.bss*)
 .bss.completed.1
                0x20000134        0x1 C:/Program Files (x86)/ARM/arm-gnu-toolchain-15.2.rel1-mingw-w64-i686-arm-none-eabi/bin/../lib/gcc/arm-none-eabi/15.2.1/thumb/v7e-m+dp/hard/crtbegin.o
 *fill*         0x20000135        0x3 
 .bss.object.0  0x20000138       0x18 C:/Program Files (x86)/ARM/arm-gnu-toolchain-15.2.rel1-mingw-w64-i686-arm-none-eabi/bin/../lib/gcc/arm-none-eabi/15.2.1/thumb/v7e-m+dp/hard/crtbegin.o
 .bss.defaultTaskHandle
                0x20000150        0x4 build/freertos.o
                0x20000150                defaultTaskHandle
 .bss.MACAddr.0
                0x20000154        0x6 build/eth.o
 *fill*         0x2000015a        0x2 
 .bss.heth      0x2000015c       0xb0 build/eth.o
                0x2000015c                heth
 .bss.FMC_Initialized
                0x2000020c        0x4 build/fmc.o
 .bss.hsram1    0x20000210       0x4c build/fmc.o
                0x20000210                hsram1
 .bss.hspi1     0x2000025c       0x88 build/spi.o
                0x2000025c                hspi1
 .bss.huart1    0x200002e4       0x94 build/usart.o
                0x200002e4                huart1
 .bss.consoleLineLength
                0x20000378        0x2 build/fault_console.o
 *fill*         0x2000037a        0x2 
 .bss.consoleLine
                0x2000037c       0xa0 build/fault_console.o
 .bss.faultRestoring
                0x2000041c        0xd build/voltage_sim.o
 *fill*         0x20000429        0x3 
 .bss.faultHoldStartedMs
                0x2000042c       0x34 build/voltage_sim.o
 .bss.faultLastUpdateMs
                0x20000460       0x34 build/voltage_sim.o
 .bss.cellFaultInfo
                0x20000494       0xd0 build/voltage_sim.o
 .bss.cellVoltageMv
                0x20000564       0x1a build/voltage_sim.o
 *fill*         0x2000057e        0x2 
 .bss.dacSpiMutex
                0x20000580        0x4 build/bsp_dac81416.o
 .bss.dacLastStatus
                0x20000584        0x1 build/dac81416.o
 *fill*         0x20000585        0x3 
 .bss.uwTick    0x20000588        0x4 build/stm32h7xx_hal.o
                0x20000588                uwTick
 .bss.xQueueRegistry
                0x2000058c       0x40 build/queue.o
                0x2000058c                xQueueRegistry
 .bss.uxSchedulerSuspended
                0x200005cc        0x4 build/tasks.o
 .bss.xIdleTaskHandle
                0x200005d0        0x4 build/tasks.o
 .bss.xNextTaskUnblockTime
                0x200005d4        0x4 build/tasks.o
 .bss.uxTaskNumber
                0x200005d8        0x4 build/tasks.o
 .bss.xNumOfOverflows
                0x200005dc        0x4 build/tasks.o
 .bss.xYieldPending
                0x200005e0        0x4 build/tasks.o
 .bss.xPendedTicks
                0x200005e4        0x4 build/tasks.o
 .bss.xSchedulerRunning
                0x200005e8        0x4 build/tasks.o
 .bss.uxTopReadyPriority
                0x200005ec        0x4 build/tasks.o
 .bss.xTickCount
                0x200005f0        0x4 build/tasks.o
 .bss.uxCurrentNumberOfTasks
                0x200005f4        0x4 build/tasks.o
 .bss.xSuspendedTaskList
                0x200005f8       0x14 build/tasks.o
 .bss.uxDeletedTasksWaitingCleanUp
                0x2000060c        0x4 build/tasks.o
 .bss.xTasksWaitingTermination
                0x20000610       0x14 build/tasks.o
 .bss.xPendingReadyList
                0x20000624       0x14 build/tasks.o
 .bss.pxOverflowDelayedTaskList
                0x20000638        0x4 build/tasks.o
 .bss.pxDelayedTaskList
                0x2000063c        0x4 build/tasks.o
 .bss.xDelayedTaskList2
                0x20000640       0x14 build/tasks.o
 .bss.xDelayedTaskList1
                0x20000654       0x14 build/tasks.o
 .bss.pxReadyTasksLists
                0x20000668      0x460 build/tasks.o
 .bss.pxCurrentTCB
                0x20000ac8        0x4 build/tasks.o
                0x20000ac8                pxCurrentTCB
 .bss.xStaticTimerQueue.0
                0x20000acc       0x50 build/timers.o
 .bss.ucStaticTimerQueueStorage.1
                0x20000b1c       0xa0 build/timers.o
 .bss.xLastTime.2
                0x20000bbc        0x4 build/timers.o
 .bss.xTimerTaskHandle
                0x20000bc0        0x4 build/timers.o
 .bss.xTimerQueue
                0x20000bc4        0x4 build/timers.o
 .bss.pxOverflowTimerList
                0x20000bc8        0x4 build/timers.o
 .bss.pxCurrentTimerList
                0x20000bcc        0x4 build/timers.o
 .bss.xActiveTimerList2
                0x20000bd0       0x14 build/timers.o
 .bss.xActiveTimerList1
                0x20000be4       0x14 build/timers.o
 .bss.Timer_Stack.0
                0x20000bf8      0x400 build/cmsis_os2.o
 .bss.Timer_TCB.1
                0x20000ff8       0x5c build/cmsis_os2.o
 .bss.Idle_Stack.2
                0x20001054      0x200 build/cmsis_os2.o
 .bss.Idle_TCB.3
                0x20001254       0x5c build/cmsis_os2.o
 .bss.KernelState
                0x200012b0        0x4 build/cmsis_os2.o
 .bss.xNumberOfSuccessfulFrees
                0x200012b4        0x4 build/heap_4.o
 .bss.xNumberOfSuccessfulAllocations
                0x200012b8        0x4 build/heap_4.o
 .bss.xMinimumEverFreeBytesRemaining
                0x200012bc        0x4 build/heap_4.o
 .bss.xFreeBytesRemaining
                0x200012c0        0x4 build/heap_4.o
 .bss.pxEnd     0x200012c4        0x4 build/heap_4.o
 .bss.xStart    0x200012c8        0x8 build/heap_4.o
 .bss.ucHeap    0x200012d0     0x3c00 build/heap_4.o
 .bss.ulMaxPRIGROUPValue
                0x20004ed0        0x4 build/port.o
 .bss.ucMaxSysCallPriority
                0x20004ed4        0x1 build/port.o
 *fill*         0x20004ed5        0x3 
 .bss.__sbrk_heap_end
                0x20004ed8        0x4 build/sysmem.o
 .bss.htim1     0x20004edc       0x4c build/stm32h7xx_hal_timebase_tim.o
                0x20004edc                htim1
 .bss.__sf      0x20004f28      0x138 C:/Program Files (x86)/ARM/arm-gnu-toolchain-15.2.rel1-mingw-w64-i686-arm-none-eabi/bin/../lib/gcc/arm-none-eabi/15.2.1/../../../../arm-none-eabi/lib/thumb/v7e-m+dp/hard\libc_nano.a(libc_a-findfp.o)
                0x20004f28                __sf
 .bss.__stdio_exit_handler