Archive member included to satisfy reference by file (symbol)

C:/Program Files (x86)/ARM/arm-gnu-toolchain-15.2.rel1-mingw-w64-i686-arm-none-eabi/bin/../lib/gcc/arm-none-eabi/15.2.1/../../../../arm-none-eabi/lib/thumb/v7e-m+dp/hard\libc_nano.a(libc_a-atoi.o)
                              build/netif.o (atoi)
C:/Program Files (x86)/ARM/arm-gnu-toolchain-15.2.rel1-mingw-w64-i686-arm-none-eabi/bin/../lib/gcc/arm-none-eabi/15.2.1/../../../../arm-none-eabi/lib/thumb/v7e-m+dp/hard\libc_nano.a(libc_a-exit.o)
                              C:/Program Files (x86)/ARM/arm-gnu-toolchain-15.2.rel1-mingw-w64-i686-arm-none-eabi/bin/../lib/gcc/arm-none-eabi/15.2.1/../../../../arm-none-eabi/lib/thumb/v7e-m+dp/hard/crt0.o (exit)
C:/Program Files (x86)/ARM/arm-gnu-toolchain-15.2.rel1-mingw-w64-i686-arm-none-eabi/bin/../lib/gcc/arm-none-eabi/15.2.1/../../../../arm-none-eabi/lib/thumb/v7e-m+dp/hard\libc_nano.a(libc_a-rand.o)
                              build/tcp.o (rand)
C:/Program Files (x86)/ARM/arm-gnu-toolchain-15.2.rel1-mingw-w64-i686-arm-none-eabi/bin/../lib/gcc/arm-none-eabi/15.2.1/../../../../arm-none-eabi/lib/thumb/v7e-m+dp/hard\libc_nano.a(libc_a-strtol.o)
                              C:/Program Files (x86)/ARM/arm-gnu-toolchain-15.2.rel1-mingw-w64-i686-arm-none-eabi/bin/../lib/gcc/arm-none-eabi/15.2.1/../../../../arm-none-eabi/lib/thumb/v7e-m+dp/hard\libc_nano.a(libc_a-atoi.o) (_strtol_r)
C:/Program Files (x86)/ARM/arm-gnu-toolchain-15.2.rel1-mingw-w64-i686-arm-none-eabi/bin/../lib/gcc/arm-none-eabi/15.2.1/../../../../arm-none-eabi/lib/thumb/v7e-m+dp/hard\libc_nano.a(libc_a-strtoul.o)
                              build/fault_command.o (strtoul)
C:/Program Files (x86)/ARM/arm-gnu-toolchain-15.2.rel1-mingw-w64-i686-arm-none-eabi/bin/../lib/gcc/arm-none-eabi/15.2.1/../../../../arm-none-eabi/lib/thumb/v7e-m+dp/hard\libc_nano.a(libc_a-ctype_.o)
                              build/ip4_addr.o (_ctype_)
C:/Program Files (x86)/ARM/arm-gnu-toolchain-15.2.rel1-mingw-w64-i686-arm-none-eabi/bin/../lib/gcc/arm-none-eabi/15.2.1/../../../../arm-none-eabi/lib/thumb/v7e-m+dp/hard\libc_nano.a(libc_a-findfp.o)
                              C:/Program Files (x86)/ARM/arm-gnu-toolchain-15.2.rel1-mingw-w64-i686-arm-none-eabi/bin/../lib/gcc/arm-none-eabi/15.2.1/../../../../arm-none-eabi/lib/thumb/v7e-m+dp/hard\libc_nano.a(libc_a-exit.o) (__stdio_exit_handler)
C:/Program Files (x86)/ARM/arm-gnu-toolchain-15.2.rel1-mingw-w64-i686-arm-none-eabi/bin/../lib/gcc/arm-none-eabi/15.2.1/../../../../arm-none-eabi/lib/thumb/v7e-m+dp/hard\libc_nano.a(libc_a-fwalk.o)
                              C:/Program Files (x86)/ARM/arm-gnu-toolchain-15.2.rel1-mingw-w64-i686-arm-none-eabi/bin/../lib/gcc/arm-none-eabi/15.2.1/../../../../arm-none-eabi/lib/thumb/v7e-m+dp/hard\libc_nano.a(libc_a-findfp.o) (_fwalk_sglue)
C:/Program Files (x86)/ARM/arm-gnu-toolchain-15.2.rel1-mingw-w64-i686-arm-none-eabi/bin/../lib/gcc/arm-none-eabi/15.2.1/../../../../arm-none-eabi/lib/thumb/v7e-m+dp/hard\libc_nano.a(libc_a-printf.o)
                              build/main.o (printf)
C:/Program Files (x86)/ARM/arm-gnu-toolchain-15.2.rel1-mingw-w64-i686-arm-none-eabi/bin/../lib/gcc/arm-none-eabi/15.2.1/../../../../arm-none-eabi/lib/thumb/v7e-m+dp/hard\libc_nano.a(libc_a-puts.o)
                              build/main.o (puts)
C:/Program Files (x86)/ARM/arm-gnu-toolchain-15.2.rel1-mingw-w64-i686-arm-none-eabi/bin/../lib/gcc/arm-none-eabi/15.2.1/../../../../arm-none-eabi/lib/thumb/v7e-m+dp/hard\libc_nano.a(libc_a-setvbuf.o)
                              build/main.o (setvbuf)
C:/Program Files (x86)/ARM/arm-gnu-toolchain-15.2.rel1-mingw-w64-i686-arm-none-eabi/bin/../lib/gcc/arm-none-eabi/15.2.1/../../../../arm-none-eabi/lib/thumb/v7e-m+dp/hard\libc_nano.a(libc_a-snprintf.o)
                              build/fault_command.o (snprintf)
C:/Program Files (x86)/ARM/arm-gnu-toolchain-15.2.rel1-mingw-w64-i686-arm-none-eabi/bin/../lib/gcc/arm-none-eabi/15.2.1/../../../../arm-none-eabi/lib/thumb/v7e-m+dp/hard\libc_nano.a(libc_a-sscanf.o)
                              build/fault_command.o (sscanf)
C:/Program Files (x86)/ARM/arm-gnu-toolchain-15.2.rel1-mingw-w64-i686-arm-none-eabi/bin/../lib/gcc/arm-none-eabi/15.2.1/../../../../arm-none-eabi/lib/thumb/v7e-m+dp/hard\libc_nano.a(libc_a-stdio.o)
                              C:/Program Files (x86)/ARM/arm-gnu-toolchain-15.2.rel1-mingw-w64-i686-arm-none-eabi/bin/../lib/gcc/arm-none-eabi/15.2.1/../../../../arm-none-eabi/lib/thumb/v7e-m+dp/hard\libc_nano.a(libc_a-findfp.o) (__sread)
C:/Program Files (x86)/ARM/arm-gnu-toolchain-15.2.rel1-mingw-w64-i686-arm-none-eabi/bin/../lib/gcc/arm-none-eabi/15.2.1/../../../../arm-none-eabi/lib/thumb/v7e-m+dp/hard\libc_nano.a(libc_a-vsnprintf.o)
                              build/fault_command.o (vsnprintf)
C:/Program Files (x86)/ARM/arm-gnu-toolchain-15.2.rel1-mingw-w64-i686-arm-none-eabi/bin/../lib/gcc/arm-none-eabi/15.2.1/../../../../arm-none-eabi/lib/thumb/v7e-m+dp/hard\libc_nano.a(libc_a-wbuf.o)
[...]
Memory Configuration

Name             Origin             Length             Attributes
DTCMRAM          0x20000000         0x00020000         xrw
RAM              0x24000000         0x00080000         xrw
RAM_D2           0x30000000         0x00048000         xrw
RAM_D3           0x38000000         0x00010000         xrw
ITCMRAM          0x00000000         0x00010000         xrw
FLASH            0x08000000         0x00200000         xr
*default*        0x00000000         0xffffffff

Linker script and memory map

LOAD C:/Program Files (x86)/ARM/arm-gnu-toolchain-15.2.rel1-mingw-w64-i686-arm-none-eabi/bin/../lib/gcc/arm-none-eabi/15.2.1/thumb/v7e-m+dp/hard/crti.o
LOAD C:/Program Files (x86)/ARM/arm-gnu-toolchain-15.2.rel1-mingw-w64-i686-arm-none-eabi/bin/../lib/gcc/arm-none-eabi/15.2.1/thumb/v7e-m+dp/hard/crtbegin.o
LOAD C:/Program Files (x86)/ARM/arm-gnu-toolchain-15.2.rel1-mingw-w64-i686-arm-none-eabi/bin/../lib/gcc/arm-none-eabi/15.2.1/../../../../arm-none-eabi/lib/thumb/v7e-m+dp/hard/crt0.o
LOAD build/main.o
LOAD build/gpio.o
LOAD build/freertos.o
LOAD build/fmc.o
LOAD build/spi.o
LOAD build/usart.o
LOAD build/stm32h7xx_it.o
LOAD build/stm32h7xx_hal_msp.o
LOAD build/bms_response_log.o
LOAD build/dac_safety.o
LOAD build/fault_command.o
LOAD build/fault_console.o
LOAD build/tcp_json_server.o
LOAD build/voltage_sim.o
LOAD build/waveform_gen.o
LOAD build/bsp_eth.o
LOAD build/bsp_can.o
LOAD build/bsp_sram.o
LOAD build/bsp_dac81416.o
LOAD build/dac81416.o
LOAD build/stm32h7xx_hal_cortex.o
LOAD build/stm32h7xx_hal_rcc.o
LOAD build/stm32h7xx_hal_rcc_ex.o
LOAD build/stm32h7xx_hal_flash.o
LOAD build/stm32h7xx_hal_flash_ex.o
LOAD build/stm32h7xx_hal_gpio.o
LOAD build/stm32h7xx_hal_hsem.o
LOAD build/stm32h7xx_hal_dma.o
LOAD build/stm32h7xx_hal_dma_ex.o
LOAD build/stm32h7xx_hal_mdma.o
LOAD build/stm32h7xx_hal_pwr.o
LOAD build/stm32h7xx_hal_pwr_ex.o
LOAD build/stm32h7xx_hal.o
LOAD build/stm32h7xx_hal_i2c.o
LOAD build/stm32h7xx_hal_i2c_ex.o
LOAD build/stm32h7xx_hal_exti.o
LOAD build/stm32h7xx_hal_eth.o
LOAD build/stm32h7xx_hal_eth_ex.o
LOAD build/stm32h7xx_ll_fmc.o
LOAD build/stm32h7xx_hal_nor.o
LOAD build/stm32h7xx_hal_sram.o
LOAD build/stm32h7xx_hal_nand.o
LOAD build/stm32h7xx_hal_sdram.o
LOAD build/stm32h7xx_hal_spi.o
LOAD build/stm32h7xx_hal_spi_ex.o
LOAD build/stm32h7xx_hal_tim.o
LOAD build/stm32h7xx_hal_tim_ex.o
LOAD build/stm32h7xx_hal_uart.o
LOAD build/stm32h7xx_hal_uart_ex.o
LOAD build/system_stm32h7xx.o
LOAD build/mpu_wrappers_v2.o
LOAD build/croutine.o
LOAD build/event_groups.o
LOAD build/list.o
LOAD build/queue.o
LOAD build/stream_buffer.o
LOAD build/tasks.o
LOAD build/timers.o
LOAD build/cmsis_os2.o
LOAD build/heap_4.o
LOAD build/port.o
LOAD build/sysmem.o
LOAD build/syscalls.o
LOAD build/stm32h7xx_hal_timebase_tim.o
LOAD build/ethernetif.o
LOAD build/lwip.o
LOAD build/auth.o
LOAD build/ccp.o
LOAD build/chap_ms.o
LOAD build/chap-md5.o
LOAD build/chap-new.o
LOAD build/demand.o
LOAD build/eap.o
LOAD build/eui64.o
LOAD build/fsm.o
LOAD build/ipcp.o
LOAD build/ipv6cp.o
LOAD build/lcp.o
LOAD build/magic.o
LOAD build/mppe.o
LOAD build/multilink.o
LOAD build/ppp.o
LOAD build/pppapi.o
LOAD build/pppcrypt.o
LOAD build/pppoe.o
LOAD build/pppol2tp.o
LOAD build/pppos.o
LOAD build/upap.o
LOAD build/utils.o
LOAD build/vj.o
LOAD build/bridgeif.o
LOAD build/bridgeif_fdb.o
LOAD build/ethernet.o
LOAD build/lowpan6.o
LOAD build/lowpan6_ble.o
LOAD build/lowpan6_common.o
LOAD build/slipif.o
LOAD build/zepif.o
LOAD build/ecp.o
LOAD build/api_lib.o
LOAD build/api_msg.o
LOAD build/err.o
LOAD build/if_api.o
LOAD build/netbuf.o
LOAD build/netdb.o
LOAD build/netifapi.o
LOAD build/sockets.o
LOAD build/tcpip.o
LOAD build/altcp.o
LOAD build/altcp_alloc.o
LOAD build/altcp_tcp.o
LOAD build/def.o
LOAD build/dns.o
LOAD build/inet_chksum.o
LOAD build/init.o
LOAD build/ip.o
LOAD build/mem.o
LOAD build/memp.o
LOAD build/netif.o
LOAD build/pbuf.o
LOAD build/raw.o
LOAD build/stats.o
LOAD build/sys.o
LOAD build/tcp.o
LOAD build/tcp_in.o
LOAD build/tcp_out.o
LOAD build/timeouts.o
LOAD build/udp.o
LOAD build/acd.o
LOAD build/autoip.o
LOAD build/dhcp.o
LOAD build/etharp.o
LOAD build/icmp.o
LOAD build/igmp.o
LOAD build/ip4.o
LOAD build/ip4_addr.o
LOAD build/ip4_frag.o
LOAD build/dhcp6.o
LOAD build/ethip6.o
LOAD build/icmp6.o
LOAD build/inet6.o
LOAD build/ip6.o
LOAD build/ip6_addr.o
LOAD build/ip6_frag.o
LOAD build/mld6.o
LOAD build/nd6.o
LOAD build/sys_arch.o
LOAD build/mqtt.o
LOAD build/fdcan.o
LOAD build/stm32h7xx_hal_fdcan.o
LOAD build/startup_stm32h743xx.o
LOAD C:/Program Files (x86)/ARM/arm-gnu-toolchain-15.2.rel1-mingw-w64-i686-arm-none-eabi/bin/../lib/gcc/arm-none-eabi/15.2.1/../../../../arm-none-eabi/lib/thumb/v7e-m+dp/hard\libc_nano.a
LOAD C:/Program Files (x86)/ARM/arm-gnu-toolchain-15.2.rel1-mingw-w64-i686-arm-none-eabi/bin/../lib/gcc/arm-none-eabi/15.2.1/../../../../arm-none-eabi/lib/thumb/v7e-m+dp/hard\libm.a
LOAD C:/Program Files (x86)/ARM/arm-gnu-toolchain-15.2.rel1-mingw-w64-i686-arm-none-eabi/bin/../lib/gcc/arm-none-eabi/15.2.1/../../../../arm-none-eabi/lib/thumb/v7e-m+dp/hard\libnosys.a
START GROUP
LOAD C:/Program Files (x86)/ARM/arm-gnu-toolchain-15.2.rel1-mingw-w64-i686-arm-none-eabi/bin/../lib/gcc/arm-none-eabi/15.2.1/thumb/v7e-m+dp/hard\libgcc.a
LOAD C:/Program Files (x86)/ARM/arm-gnu-toolchain-15.2.rel1-mingw-w64-i686-arm-none-eabi/bin/../lib/gcc/arm-none-eabi/15.2.1/../../../../arm-none-eabi/lib/thumb/v7e-m+dp/hard\libc_nano.a
END GROUP
START GROUP
LOAD C:/Program Files (x86)/ARM/arm-gnu-toolchain-15.2.rel1-mingw-w64-i686-arm-none-eabi/bin/../lib/gcc/arm-none-eabi/15.2.1/thumb/v7e-m+dp/hard\libgcc.a
LOAD C:/Program Files (x86)/ARM/arm-gnu-toolchain-15.2.rel1-mingw-w64-i686-arm-none-eabi/bin/../lib/gcc/arm-none-eabi/15.2.1/../../../../arm-none-eabi/lib/thumb/v7e-m+dp/hard\libc_nano.a
END GROUP
LOAD C:/Program Files (x86)/ARM/arm-gnu-toolchain-15.2.rel1-mingw-w64-i686-arm-none-eabi/bin/../lib/gcc/arm-none-eabi/15.2.1/thumb/v7e-m+dp/hard/crtend.o
LOAD C:/Program Files (x86)/ARM/arm-gnu-toolchain-15.2.rel1-mingw-w64-i686-arm-none-eabi/bin/../lib/gcc/arm-none-eabi/15.2.1/thumb/v7e-m+dp/hard/crtn.o
                0x20020000                        _estack = (ORIGIN (DTCMRAM) + LENGTH (DTCMRAM))
                0x2001fc00                        _sstack = (_estack - _Min_Stack_Size)
                0x00000200                        _Min_Heap_Size = 0x200
                0x00000400                        _Min_Stack_Size = 0x400

.isr_vector     0x08000000      0x298
                0x08000000                        . = ALIGN (0x4)
 *(.isr_vector)
 .isr_vector    0x08000000      0x298 build/startup_stm32h743xx.o
                0x08000000                g_pfnVectors
                0x08000298                        . = ALIGN (0x4)

.text           0x080002a0    0x17f44
                0x080002a0                        . = ALIGN (0x4)
 *(.text)
 .text          0x080002a0       0x14 C:/Program Files (x86)/ARM/arm-gnu-toolchain-15.2.rel1-mingw-w64-i686-arm-none-eabi/bin/../lib/gcc/arm-none-eabi/15.2.1/../../../../arm-none-eabi/lib/thumb/v7e-m+dp/hard\libc_nano.a(libc_a-strcmp.o)
                0x080002a0                strcmp
 .text          0x080002b4       0x10 C:/Program Files (x86)/ARM/arm-gnu-toolchain-15.2.rel1-mingw-w64-i686-arm-none-eabi/bin/../lib/gcc/arm-none-eabi/15.2.1/../../../../arm-none-eabi/lib/thumb/v7e-m+dp/hard\libc_nano.a(libc_a-strlen.o)
                0x080002b4                strlen
 *fill*         0x080002c4        0xc 
 .text          0x080002d0       0xa0 C:/Program Files (x86)/ARM/arm-gnu-toolchain-15.2.rel1-mingw-w64-i686-arm-none-eabi/bin/../lib/gcc/arm-none-eabi/15.2.1/../../../../arm-none-eabi/lib/thumb/v7e-m+dp/hard\libc_nano.a(libc_a-memchr.o)
                0x080002d0                memchr
 .text          0x08000370       0x30 C:/Program Files (x86)/ARM/arm-gnu-toolchain-15.2.rel1-mingw-w64-i686-arm-none-eabi/bin/../lib/gcc/arm-none-eabi/15.2.1/thumb/v7e-m+dp/hard\libgcc.a(_aeabi_uldivmod.o)
                0x08000370                __aeabi_uldivmod
 .text          0x080003a0        0x4 C:/Program Files (x86)/ARM/arm-gnu-toolchain-15.2.rel1-mingw-w64-i686-arm-none-eabi/bin/../lib/gcc/arm-none-eabi/15.2.1/thumb/v7e-m+dp/hard\libgcc.a(_dvmd_tls.o)
                0x080003a0                __aeabi_idiv0
                0x080003a0                __aeabi_ldiv0
 *(.text*)
 .text.deregister_tm_clones
                0x080003a4       0x1c C:/Program Files (x86)/ARM/arm-gnu-toolchain-15.2.rel1-mingw-w64-i686-arm-none-eabi/bin/../lib/gcc/arm-none-eabi/15.2.1/thumb/v7e-m+dp/hard/crtbegin.o
 .text.register_tm_clones
                0x080003c0       0x24 C:/Program Files (x86)/ARM/arm-gnu-toolchain-15.2.rel1-mingw-w64-i686-arm-none-eabi/bin/../lib/gcc/arm-none-eabi/15.2.1/thumb/v7e-m+dp/hard/crtbegin.o
 .text.__do_global_dtors_aux
                0x080003e4       0x28 C:/Program Files (x86)/ARM/arm-gnu-toolchain-15.2.rel1-mingw-w64-i686-arm-none-eabi/bin/../lib/gcc/arm-none-eabi/15.2.1/thumb/v7e-m+dp/hard/crtbegin.o
 .text.frame_dummy
                0x0800040c       0x24 C:/Program Files (x86)/ARM/arm-gnu-toolchain-15.2.rel1-mingw-w64-i686-arm-none-eabi/bin/../lib/gcc/arm-none-eabi/15.2.1/thumb/v7e-m+dp/hard/crtbegin.o
 .text.MPU_Config
                0x08000430       0x8a build/main.o
 *fill*         0x080004ba        0x2 
 .text.__io_putchar
                0x080004bc       0x24 build/main.o
                0x080004bc                __io_putchar
 .text.HAL_TIM_PeriodElapsedCallback
                0x080004e0       0x18 build/main.o
                0x080004e0                HAL_TIM_PeriodElapsedCallback
 .text.Error_Handler
                0x080004f8        0x4 build/main.o
                0x080004f8                Error_Handler
 .text.SystemClock_Config
                0x080004fc       0xbc build/main.o
                0x080004fc                SystemClock_Config
 .text.main     0x080005b8       0xf4 build/main.o
                0x080005b8                main
 .text.MX_GPIO_Init
                0x080006ac      0x1dc build/gpio.o
                0x080006ac                MX_GPIO_Init
 .text.StartDefaultTask
                0x08000888       0x90 build/freertos.o
                0x08000888                StartDefaultTask
 .text.MX_FREERTOS_Init
                0x08000918       0x20 build/freertos.o
                0x08000918                MX_FREERTOS_Init
 .text.HAL_FMC_MspInit
                0x08000938       0xfc build/fmc.o
 .text.MX_FMC_Init
                0x08000a34       0x7c build/fmc.o
                0x08000a34                MX_FMC_Init
 .text.HAL_SRAM_MspInit
                0x08000ab0        0x8 build/fmc.o
                0x08000ab0                HAL_SRAM_MspInit
 .text.MX_SPI1_Init
                0x08000ab8       0x5c build/spi.o
                0x08000ab8                MX_SPI1_Init
 .text.HAL_SPI_MspInit
                0x08000b14       0xcc build/spi.o
                0x08000b14                HAL_SPI_MspInit
 .text.MX_USART1_UART_Init
                0x08000be0       0x68 build/usart.o
                0x08000be0                MX_USART1_UART_Init
 .text.HAL_UART_MspInit
                0x08000c48       0x98 build/usart.o
                0x08000c48                HAL_UART_MspInit
 .text.NMI_Handler
                0x08000ce0        0x2 build/stm32h7xx_it.o
                0x08000ce0                NMI_Handler
 .text.HardFault_Handler
                0x08000ce2        0x2 build/stm32h7xx_it.o
                0x08000ce2                HardFault_Handler
 .text.MemManage_Handler
                0x08000ce4        0x2 build/stm32h7xx_it.o
                0x08000ce4                MemManage_Handler
 .text.BusFault_Handler
                0x08000ce6        0x2 build/stm32h7xx_it.o
                0x08000ce6                BusFault_Handler
 .text.UsageFault_Handler
                0x08000ce8        0x2 build/stm32h7xx_it.o
                0x08000ce8                UsageFault_Handler
 .text.DebugMon_Handler
                0x08000cea        0x2 build/stm32h7xx_it.o
                0x08000cea                DebugMon_Handler
 .text.TIM1_UP_IRQHandler
                0x08000cec       0x10 build/stm32h7xx_it.o
                0x08000cec                TIM1_UP_IRQHandler
 .text.HAL_MspInit
                0x08000cfc       0x34 build/stm32h7xx_hal_msp.o
                0x08000cfc                HAL_MspInit
 .text.HAL_ETH_MspInit
                0x08000d30      0x108 build/stm32h7xx_hal_msp.o
                0x08000d30                HAL_ETH_MspInit
 .text.BmsResponseLog_FrameMatchesFilter
                0x08000e38       0x70 build/bms_response_log.o
 .text.BmsResponseLog_RecordFaultTrigger
                0x08000ea8       0x5c build/bms_response_log.o
                0x08000ea8                BmsResponseLog_RecordFaultTrigger
 .text.BmsResponseLog_Clear
                0x08000f04       0x44 build/bms_response_log.o
                0x08000f04                BmsResponseLog_Clear
 .text.BmsResponseLog_GetStatus
                0x08000f48       0x14 build/bms_response_log.o
                0x08000f48                BmsResponseLog_GetStatus
 .text.BmsResponseLog_GetTriggerName
                0x08000f5c       0x2c build/bms_response_log.o
                0x08000f5c                BmsResponseLog_GetTriggerName
 .text.BmsResponseLog_SetFilter
                0x08000f88       0x68 build/bms_response_log.o
                0x08000f88                BmsResponseLog_SetFilter
 .text.BmsResponseLog_DisableFilter
                0x08000ff0       0x28 build/bms_response_log.o
                0x08000ff0                BmsResponseLog_DisableFilter
 .text.BmsResponseLog_SetDataFilter
                0x08001018       0x48 build/bms_response_log.o
                0x08001018                BmsResponseLog_SetDataFilter
 .text.BmsResponseLog_ClearDataFilter
                0x08001060       0x34 build/bms_response_log.o
                0x08001060                BmsResponseLog_ClearDataFilter
 .text.BspCan_OnRxFrame
                0x08001094       0x60 build/bms_response_log.o
                0x08001094                BspCan_OnRxFrame
 .text.DacSafety_IsValidSafeVoltage
                0x080010f4       0x16 build/dac_safety.o
 *fill*         0x0800110a        0x2 
 .text.DacSafety_Init
                0x0800110c       0x2c build/dac_safety.o
                0x0800110c                DacSafety_Init
 .text.DacSafety_EmergencyStop
                0x08001138       0x4c build/dac_safety.o
                0x08001138                DacSafety_EmergencyStop
 .text.DacSafety_Process
                0x08001184       0x5c build/dac_safety.o
                0x08001184                DacSafety_Process
 .text.DacSafety_Release
                0x080011e0       0x1c build/dac_safety.o
                0x080011e0                DacSafety_Release
 .text.DacSafety_IsOutputAllowed
                0x080011fc       0x14 build/dac_safety.o
                0x080011fc                DacSafety_IsOutputAllowed
 .text.DacSafety_GetStatus
                0x08001210       0x14 build/dac_safety.o
                0x08001210                DacSafety_GetStatus
 .text.FaultCommand_Write
                0x08001224       0x14 build/fault_command.o
 .text.FaultCommand_SkipSpaces
                0x08001238        0xe build/fault_command.o
 *fill*         0x08001246        0x2 
 .text.FaultCommand_WriteTextHelp
                0x08001248      0x1f0 build/fault_command.o
 .text.FaultCommand_RunCalibrationTrim
                0x08001438       0x2a build/fault_command.o
 .text.FaultCommand_RunSet
                0x08001462       0x1e build/fault_command.o
 .text.FaultCommand_RunOverVoltage
                0x08001480       0x48 build/fault_command.o
 .text.FaultCommand_RunUnderVoltage
                0x080014c8       0x48 build/fault_command.o
 .text.FaultCommand_RunDiff
                0x08001510       0x54 build/fault_command.o
 .text.FaultCommand_WriteFormat
                0x08001564       0x36 build/fault_command.o
 *fill*         0x0800159a        0x2 
 .text.FaultCommand_WriteJsonStatus
                0x0800159c       0xfc build/fault_command.o
 .text.FaultCommand_WriteJsonSafetyStatus
                0x08001698       0x44 build/fault_command.o
 .text.FaultCommand_WriteJsonResult
                0x080016dc       0x24 build/fault_command.o
 .text.FaultCommand_WriteTextStatus
                0x08001700       0xe0 build/fault_command.o
 .text.FaultCommand_WriteTextWaveStatus
                0x080017e0       0x40 build/fault_command.o
 .text.FaultCommand_WriteTextCalibrationStatus
                0x08001820       0x3c build/fault_command.o
 .text.FaultCommand_WriteTextSafetyStatus
                0x0800185c       0x44 build/fault_command.o
 .text.FaultCommand_WriteTextResult
                0x080018a0       0x28 build/fault_command.o
 .text.FaultCommand_FindJsonKey
                0x080018c8       0x24 build/fault_command.o
 .text.FaultCommand_JsonGetInt
                0x080018ec       0x36 build/fault_command.o
 .text.FaultCommand_JsonGetString
                0x08001922       0x70 build/fault_command.o
 .text.FaultCommand_RunNormal
                0x08001992       0x1a build/fault_command.o
 .text.FaultCommand_WriteJsonCanStatus
                0x080019ac       0x8c build/fault_command.o
 .text.FaultCommand_WriteTextCanStatus
                0x08001a38       0x88 build/fault_command.o
 .text.FaultCommand_WriteJsonBmsResponseLog
                0x08001ac0      0x120 build/fault_command.o
 .text.FaultCommand_WriteTextBmsResponseLog
                0x08001be0      0x138 build/fault_command.o
 .text.FaultCommand_WriteJsonSramStatus
                0x08001d18       0xa4 build/fault_command.o
 .text.FaultCommand_WriteTextSramStatus
                0x08001dbc       0x80 build/fault_command.o
 .text.FaultCommand_JsonGetUint
                0x08001e3c       0x36 build/fault_command.o
 .text.FaultCommand_JsonGetUintDefault
                0x08001e72       0x12 build/fault_command.o
 .text.FaultCommand_ExecuteJson
                0x08001e84      0xae0 build/fault_command.o
 .text.FaultCommand_ParseCanSendText
                0x08002964       0x90 build/fault_command.o
 .text.FaultCommand_ParseLogFilterText
                0x080029f4       0x80 build/fault_command.o
 .text.FaultCommand_ParseLogDataText
                0x08002a74       0x64 build/fault_command.o
 .text.FaultCommand_ExecuteText
                0x08002ad8      0x82c build/fault_command.o
 .text.FaultCommand_ExecuteLine
                0x08003304       0x26 build/fault_command.o
                0x08003304                FaultCommand_ExecuteLine
 *fill*         0x0800332a        0x2 
 .text.FaultConsole_Write
                0x0800332c       0x10 build/fault_console.o
 .text.FaultConsole_Init
                0x0800333c       0x18 build/fault_console.o
                0x0800333c                FaultConsole_Init
 .text.FaultConsole_Process
                0x08003354       0x80 build/fault_console.o
                0x08003354                FaultConsole_Process
 .text.TcpJsonServer_Write
                0x080033d4       0x28 build/tcp_json_server.o
 .text.TcpJsonServer_HandleLine
                0x080033fc       0x1c build/tcp_json_server.o
 .text.TcpJsonServer_HandleClient
                0x08003418       0x98 build/tcp_json_server.o
 .text.TcpJsonServer_Task
                0x080034b0       0xc0 build/tcp_json_server.o
 .text.TcpJsonServer_Start
                0x08003570       0x28 build/tcp_json_server.o
                0x08003570                TcpJsonServer_Start
 .text.VoltageSim_IsValidCell
                0x08003598       0x10 build/voltage_sim.o
 .text.VoltageSim_IsValidVoltage
                0x080035a8       0x16 build/voltage_sim.o
 *fill*         0x080035be        0x2 
 .text.VoltageSim_ApplyCalibration
                0x080035c0       0x2c build/voltage_sim.o
 .text.VoltageSim_ClearFaultRecord
                0x080035ec       0x40 build/voltage_sim.o
 .text.VoltageSim_CalculateNextVoltage
                0x0800362c       0x28 build/voltage_sim.o
 .text.VoltageSim_MillivoltsToDacCode
                0x08003654       0x28 build/voltage_sim.o
                0x08003654                VoltageSim_MillivoltsToDacCode
 .text.VoltageSim_WriteCellVoltageMv
                0x0800367c       0x58 build/voltage_sim.o
 .text.VoltageSim_SetCellVoltageMv
                0x080036d4       0x1a build/voltage_sim.o
                0x080036d4                VoltageSim_SetCellVoltageMv
 .text.VoltageSim_SetAllCellsVoltageMv
                0x080036ee       0x38 build/voltage_sim.o
                0x080036ee                VoltageSim_SetAllCellsVoltageMv
 .text.VoltageSim_Init
                0x08003726        0x8 build/voltage_sim.o
                0x08003726                VoltageSim_Init
 *fill*         0x0800372e        0x2 
 .text.VoltageSim_InjectCellFault
                0x08003730       0xdc build/voltage_sim.o
 .text.VoltageSim_InjectCellOverVoltageRamp
                0x0800380c       0x12 build/voltage_sim.o
                0x0800380c                VoltageSim_InjectCellOverVoltageRamp
 .text.VoltageSim_InjectCellUnderVoltageRamp
                0x0800381e       0x12 build/voltage_sim.o
                0x0800381e                VoltageSim_InjectCellUnderVoltageRamp
 .text.VoltageSim_ClearCellFault
                0x08003830       0x3c build/voltage_sim.o
                0x08003830                VoltageSim_ClearCellFault
 .text.VoltageSim_InjectVoltageDifference
                0x0800386c       0x48 build/voltage_sim.o
                0x0800386c                VoltageSim_InjectVoltageDifference
 .text.VoltageSim_ClearAllFaults
                0x080038b4       0x1e build/voltage_sim.o
                0x080038b4                VoltageSim_ClearAllFaults
 *fill*         0x080038d2        0x2 
 .text.VoltageSim_Process
                0x080038d4      0x13c build/voltage_sim.o
                0x080038d4                VoltageSim_Process
 .text.VoltageSim_SetCellCalibrationOffsetMv
                0x08003a10       0x40 build/voltage_sim.o
                0x08003a10                VoltageSim_SetCellCalibrationOffsetMv
 .text.VoltageSim_ClearCellCalibrationOffset
                0x08003a50        0xa build/voltage_sim.o
                0x08003a50                VoltageSim_ClearCellCalibrationOffset
 *fill*         0x08003a5a        0x2 
 .text.VoltageSim_ClearAllCalibrationOffsets
                0x08003a5c       0x34 build/voltage_sim.o
                0x08003a5c                VoltageSim_ClearAllCalibrationOffsets
 .text.VoltageSim_GetCellCalibrationOffsetMv
                0x08003a90       0x18 build/voltage_sim.o
                0x08003a90                VoltageSim_GetCellCalibrationOffsetMv
 .text.VoltageSim_GetLastCellVoltageMv
                0x08003aa8       0x18 build/voltage_sim.o
                0x08003aa8                VoltageSim_GetLastCellVoltageMv
 .text.VoltageSim_GetCellFaultInfo
                0x08003ac0       0x3c build/voltage_sim.o
                0x08003ac0                VoltageSim_GetCellFaultInfo
 .text.VoltageSim_GetActiveFaultCount
                0x08003afc       0x24 build/voltage_sim.o
                0x08003afc                VoltageSim_GetActiveFaultCount
 .text.VoltageSim_GetFaultTypeName
                0x08003b20       0x20 build/voltage_sim.o
                0x08003b20                VoltageSim_GetFaultTypeName
 .text.WaveformGen_IsValidCell
                0x08003b40       0x10 build/waveform_gen.o
 .text.WaveformGen_IsValidVoltage
                0x08003b50       0x16 build/waveform_gen.o
 *fill*         0x08003b66        0x2 
 .text.WaveformGen_Start
                0x08003b68       0x28 build/waveform_gen.o
 .text.WaveformGen_StartSquare
                0x08003b90       0x60 build/waveform_gen.o
                0x08003b90                WaveformGen_StartSquare
 .text.WaveformGen_StartSine
                0x08003bf0       0x80 build/waveform_gen.o
                0x08003bf0                WaveformGen_StartSine
 .text.WaveformGen_StartSineAll
                0x08003c70       0x74 build/waveform_gen.o
                0x08003c70                WaveformGen_StartSineAll
 .text.WaveformGen_Stop
                0x08003ce4       0x10 build/waveform_gen.o
                0x08003ce4                WaveformGen_Stop
 .text.WaveformGen_Process
                0x08003cf4       0xd0 build/waveform_gen.o
                0x08003cf4                WaveformGen_Process
 .text.WaveformGen_GetStatus
                0x08003dc4       0x24 build/waveform_gen.o
                0x08003dc4                WaveformGen_GetStatus
 .text.WaveformGen_GetTypeName
                0x08003de8       0x2c build/waveform_gen.o
                0x08003de8                WaveformGen_GetTypeName
 .text.BSP_ETH_PHY_Reset
                0x08003e14        0x2 build/bsp_eth.o
                0x08003e14                BSP_ETH_PHY_Reset
 .text.BspCan_LengthToDlc
                0x08003e16       0x44 build/bsp_can.o
 .text.BspCan_DlcToLength
                0x08003e5a       0x44 build/bsp_can.o
 *fill*         0x08003e9e        0x2 
 .text.BspCan_ConfigAcceptAllFilters
                0x08003ea0       0x5c build/bsp_can.o
 .text.BspCan_Init
                0x08003efc       0x54 build/bsp_can.o
                0x08003efc                BspCan_Init
 .text.BspCan_SendClassic
                0x08003f50       0xb4 build/bsp_can.o
                0x08003f50                BspCan_SendClassic
 .text.BspCan_Process
                0x08004004      0x12c build/bsp_can.o
                0x08004004                BspCan_Process
 .text.BspCan_GetStatus
                0x08004130       0x2c build/bsp_can.o
                0x08004130                BspCan_GetStatus
 .text.BspSram_RecordFailure
                0x0800415c       0x20 build/bsp_sram.o
 .text.BspSram_WriteAndVerifyPattern
                0x0800417c       0x3e build/bsp_sram.o
 .text.BspSram_WriteAndVerifyAddressPattern
                0x080041ba       0x4e build/bsp_sram.o
 .text.BspSram_Init
                0x08004208       0x24 build/bsp_sram.o
                0x08004208                BspSram_Init
 .text.BspSram_RunSelfTest
                0x0800422c       0x88 build/bsp_sram.o
                0x0800422c                BspSram_RunSelfTest
 .text.BspSram_GetStatus
                0x080042b4       0x2c build/bsp_sram.o
                0x080042b4                BspSram_GetStatus
 .text.BspSram_GetResultName
                0x080042e0       0x3c build/bsp_sram.o
                0x080042e0                BspSram_GetResultName
 .text.DAC_SPI_EnsureMutex
                0x0800431c       0x30 build/bsp_dac81416.o
 .text.DAC_SPI_Lock
                0x0800434c       0x30 build/bsp_dac81416.o
 .text.DAC_SPI_Unlock
                0x0800437c       0x20 build/bsp_dac81416.o
 .text.DAC_SPI_TransmitFrames24
                0x0800439c       0x58 build/bsp_dac81416.o
                0x0800439c                DAC_SPI_TransmitFrames24
 .text.DAC_SPI_TransmitReceiveFrames24
                0x080043f4       0x68 build/bsp_dac81416.o
                0x080043f4                DAC_SPI_TransmitReceiveFrames24
 .text.DAC_SetResetPin
                0x0800445c       0x14 build/bsp_dac81416.o
                0x0800445c                DAC_SetResetPin
 .text.DAC_ResetHardware
                0x08004470       0x1c build/bsp_dac81416.o
                0x08004470                DAC_ResetHardware
 .text.DAC_SetLDACPin
                0x0800448c       0x14 build/bsp_dac81416.o
                0x0800448c                DAC_SetLDACPin
 .text.BSP_DAC81416_Init
                0x080044a0       0x20 build/bsp_dac81416.o
                0x080044a0                BSP_DAC81416_Init
 .text.DAC_LDAC_Update
                0x080044c0       0x16 build/bsp_dac81416.o
                0x080044c0                DAC_LDAC_Update
 *fill*         0x080044d6        0x2 
 .text.DAC_ReadAlarmPin
                0x080044d8       0x18 build/bsp_dac81416.o
                0x080044d8                DAC_ReadAlarmPin
 .text.DAC81416_IsValidRange
                0x080044f0       0x34 build/dac81416.o
 .text.DAC81416_BuildRangeRegister
                0x08004524       0x12 build/dac81416.o
 .text.DAC81416_BuildFrame
                0x08004536       0x10 build/dac81416.o
 *fill*         0x08004546        0x2 
 .text.DAC_WriteRegister
                0x08004548       0x28 build/dac81416.o
                0x08004548                DAC_WriteRegister
 .text.DAC_ReadRegister
                0x08004570       0x44 build/dac81416.o
                0x08004570                DAC_ReadRegister
 .text.DAC_WriteChannel
                0x080045b4       0x24 build/dac81416.o
                0x080045b4                DAC_WriteChannel
 .text.DAC_EnableInternalRef
                0x080045d8       0x38 build/dac81416.o
                0x080045d8                DAC_EnableInternalRef
 .text.DAC_SetAllChannelsRange
                0x08004610       0x44 build/dac81416.o
                0x08004610                DAC_SetAllChannelsRange
 .text.DAC_ConfigAllChannels0To5V
                0x08004654        0xa build/dac81416.o
                0x08004654                DAC_ConfigAllChannels0To5V
 *fill*         0x0800465e        0x2 
 .text.DAC_PowerDownChannels
                0x08004660       0x18 build/dac81416.o
                0x08004660                DAC_PowerDownChannels
 .text.DAC81416_Init
                0x08004678       0x4c build/dac81416.o
                0x08004678                DAC81416_Init
 .text.__NVIC_EnableIRQ
                0x080046c4       0x1c build/stm32h7xx_hal_cortex.o
 .text.__NVIC_SetPriority
                0x080046e0       0x24 build/stm32h7xx_hal_cortex.o
 .text.NVIC_EncodePriority
                0x08004704       0x46 build/stm32h7xx_hal_cortex.o
 *fill*         0x0800474a        0x2 
 .text.HAL_NVIC_SetPriorityGrouping
                0x0800474c       0x24 build/stm32h7xx_hal_cortex.o
                0x0800474c                HAL_NVIC_SetPriorityGrouping
 .text.HAL_NVIC_SetPriority
                0x08004770       0x20 build/stm32h7xx_hal_cortex.o
                0x08004770                HAL_NVIC_SetPriority
 .text.HAL_NVIC_EnableIRQ
                0x08004790        0x8 build/stm32h7xx_hal_cortex.o
                0x08004790                HAL_NVIC_EnableIRQ
 .text.HAL_MPU_Disable
                0x08004798       0x1c build/stm32h7xx_hal_cortex.o
                0x08004798                HAL_MPU_Disable
 .text.HAL_MPU_Enable
                0x080047b4       0x20 build/stm32h7xx_hal_cortex.o
                0x080047b4                HAL_MPU_Enable
 .text.HAL_MPU_ConfigRegion
                0x080047d4       0x58 build/stm32h7xx_hal_cortex.o
                0x080047d4                HAL_MPU_ConfigRegion
 .text.HAL_RCC_OscConfig
                0x0800482c      0x6b4 build/stm32h7xx_hal_rcc.o
                0x0800482c                HAL_RCC_OscConfig
 .text.HAL_RCC_GetSysClockFreq
                0x08004ee0      0x1f4 build/stm32h7xx_hal_rcc.o
                0x08004ee0                HAL_RCC_GetSysClockFreq
 .text.HAL_RCC_ClockConfig
                0x080050d4      0x294 build/stm32h7xx_hal_rcc.o
                0x080050d4                HAL_RCC_ClockConfig
 .text.HAL_RCC_GetHCLKFreq
                0x08005368       0x44 build/stm32h7xx_hal_rcc.o
                0x08005368                HAL_RCC_GetHCLKFreq
 .text.HAL_RCC_GetPCLK1Freq
                0x080053ac       0x24 build/stm32h7xx_hal_rcc.o
                0x080053ac                HAL_RCC_GetPCLK1Freq
 .text.HAL_RCC_GetPCLK2Freq
                0x080053d0       0x24 build/stm32h7xx_hal_rcc.o
                0x080053d0                HAL_RCC_GetPCLK2Freq
 .text.HAL_RCC_GetClockConfig
                0x080053f4       0x54 build/stm32h7xx_hal_rcc.o
                0x080053f4                HAL_RCC_GetClockConfig
 .text.RCCEx_PLL2_Config
                0x08005448      0x108 build/stm32h7xx_hal_rcc_ex.o
 .text.RCCEx_PLL3_Config
                0x08005550      0x108 build/stm32h7xx_hal_rcc_ex.o
 .text.HAL_RCCEx_PeriphCLKConfig
                0x08005658      0xaf0 build/stm32h7xx_hal_rcc_ex.o
                0x08005658                HAL_RCCEx_PeriphCLKConfig
 .text.HAL_RCCEx_GetD3PCLK1Freq
                0x08006148       0x24 build/stm32h7xx_hal_rcc_ex.o
                0x08006148                HAL_RCCEx_GetD3PCLK1Freq
 .text.HAL_RCCEx_GetPLL2ClockFreq
                0x0800616c      0x200 build/stm32h7xx_hal_rcc_ex.o
                0x0800616c                HAL_RCCEx_GetPLL2ClockFreq
 .text.HAL_RCCEx_GetPLL3ClockFreq
                0x0800636c      0x200 build/stm32h7xx_hal_rcc_ex.o
                0x0800636c                HAL_RCCEx_GetPLL3ClockFreq
 .text.HAL_GPIO_Init
                0x0800656c      0x240 build/stm32h7xx_hal_gpio.o
                0x0800656c                HAL_GPIO_Init
 .text.HAL_GPIO_ReadPin
                0x080067ac        0xe build/stm32h7xx_hal_gpio.o
                0x080067ac                HAL_GPIO_ReadPin
 .text.HAL_GPIO_WritePin
                0x080067ba        0xc build/stm32h7xx_hal_gpio.o
                0x080067ba                HAL_GPIO_WritePin
 .text.HAL_GPIO_TogglePin
                0x080067c6       0x12 build/stm32h7xx_hal_gpio.o
                0x080067c6                HAL_GPIO_TogglePin
 .text.HAL_PWREx_ConfigSupply
                0x080067d8       0x54 build/stm32h7xx_hal_pwr_ex.o
                0x080067d8                HAL_PWREx_ConfigSupply
 .text.HAL_Init
                0x0800682c       0x60 build/stm32h7xx_hal.o
                0x0800682c                HAL_Init
 .text.HAL_IncTick
                0x0800688c       0x18 build/stm32h7xx_hal.o
                0x0800688c                HAL_IncTick
 .text.HAL_GetTick
                0x080068a4        0xc build/stm32h7xx_hal.o
                0x080068a4                HAL_GetTick
 .text.HAL_Delay
                0x080068b0       0x28 build/stm32h7xx_hal.o
                0x080068b0                HAL_Delay
 .text.HAL_GetREVID
                0x080068d8        0xc build/stm32h7xx_hal.o
                0x080068d8                HAL_GetREVID
 .text.HAL_SYSCFG_ETHInterfaceSelect
                0x080068e4       0x14 build/stm32h7xx_hal.o
                0x080068e4                HAL_SYSCFG_ETHInterfaceSelect
 .text.HAL_I2CEx_EnableFastModePlus
                0x080068f8       0x30 build/stm32h7xx_hal_i2c_ex.o
                0x080068f8                HAL_I2CEx_EnableFastModePlus
 .text.ETH_UpdateDescriptor
                0x08006928       0xa2 build/stm32h7xx_hal_eth.o
 *fill*         0x080069ca        0x2 
 .text.ETH_SetMACConfig
                0x080069cc      0x1c8 build/stm32h7xx_hal_eth.o
 .text.ETH_SetDMAConfig
                0x08006b94       0xb4 build/stm32h7xx_hal_eth.o
 .text.ETH_MACDMAConfig
                0x08006c48       0xdc build/stm32h7xx_hal_eth.o
 .text.ETH_DMATxDescListInit
                0x08006d24       0x58 build/stm32h7xx_hal_eth.o
 .text.ETH_DMARxDescListInit
                0x08006d7c       0x6a build/stm32h7xx_hal_eth.o
 .text.ETH_Prepare_Tx_Descriptors
                0x08006de6      0x32a build/stm32h7xx_hal_eth.o
 .text.HAL_ETH_Start_IT
                0x08007110       0x98 build/stm32h7xx_hal_eth.o
                0x08007110                HAL_ETH_Start_IT
 .text.HAL_ETH_Stop_IT
                0x080071a8       0x98 build/stm32h7xx_hal_eth.o
                0x080071a8                HAL_ETH_Stop_IT
 .text.HAL_ETH_Transmit_IT
                0x08007240       0x68 build/stm32h7xx_hal_eth.o
                0x08007240                HAL_ETH_Transmit_IT
 .text.HAL_ETH_ReadData
                0x080072a8      0x124 build/stm32h7xx_hal_eth.o
                0x080072a8                HAL_ETH_ReadData
 .text.HAL_ETH_ReleaseTxPacket
                0x080073cc       0x60 build/stm32h7xx_hal_eth.o
                0x080073cc                HAL_ETH_ReleaseTxPacket
 .text.HAL_ETH_ReadPHYRegister
                0x0800742c       0x60 build/stm32h7xx_hal_eth.o
                0x0800742c                HAL_ETH_ReadPHYRegister
 .text.HAL_ETH_WritePHYRegister
                0x0800748c       0x68 build/stm32h7xx_hal_eth.o
                0x0800748c                HAL_ETH_WritePHYRegister
 .text.HAL_ETH_GetMACConfig
                0x080074f4      0x1d8 build/stm32h7xx_hal_eth.o
                0x080074f4                HAL_ETH_GetMACConfig
 .text.HAL_ETH_SetMACConfig
                0x080076cc       0x1c build/stm32h7xx_hal_eth.o
                0x080076cc                HAL_ETH_SetMACConfig
 .text.HAL_ETH_SetMDIOClockRange
                0x080076e8       0x68 build/stm32h7xx_hal_eth.o
                0x080076e8                HAL_ETH_SetMDIOClockRange
 .text.HAL_ETH_Init
                0x08007750      0x16c build/stm32h7xx_hal_eth.o
                0x08007750                HAL_ETH_Init
 .text.HAL_ETH_GetError
                0x080078bc        0x6 build/stm32h7xx_hal_eth.o
                0x080078bc                HAL_ETH_GetError
 *fill*         0x080078c2        0x2 
 .text.FMC_NORSRAM_Init
                0x080078c4       0x9c build/stm32h7xx_ll_fmc.o
                0x080078c4                FMC_NORSRAM_Init
 .text.FMC_NORSRAM_Timing_Init
                0x08007960       0x5a build/stm32h7xx_ll_fmc.o
                0x08007960                FMC_NORSRAM_Timing_Init
 *fill*         0x080079ba        0x2 
 .text.FMC_NORSRAM_Extended_Timing_Init
                0x080079bc       0x48 build/stm32h7xx_ll_fmc.o
                0x080079bc                FMC_NORSRAM_Extended_Timing_Init
 .text.HAL_SRAM_Init
                0x08007a04       0x68 build/stm32h7xx_hal_sram.o
                0x08007a04                HAL_SRAM_Init
 .text.SPI_CloseTransfer
                0x08007a6c       0xc8 build/stm32h7xx_hal_spi.o
 .text.SPI_GetPacketSize
                0x08007b34       0x10 build/stm32h7xx_hal_spi.o
 .text.SPI_WaitOnFlagUntilTimeout
                0x08007b44       0x46 build/stm32h7xx_hal_spi.o
 *fill*         0x08007b8a        0x2 
 .text.HAL_SPI_Init
                0x08007b8c      0x190 build/stm32h7xx_hal_spi.o
                0x08007b8c                HAL_SPI_Init
 .text.HAL_SPI_Transmit
                0x08007d1c      0x2c0 build/stm32h7xx_hal_spi.o
                0x08007d1c                HAL_SPI_Transmit
 .text.HAL_SPI_TransmitReceive
                0x08007fdc      0x490 build/stm32h7xx_hal_spi.o
                0x08007fdc                HAL_SPI_TransmitReceive
 .text.HAL_TIM_Base_MspInit
                0x0800846c        0x2 build/stm32h7xx_hal_tim.o
                0x0800846c                HAL_TIM_Base_MspInit
 *fill*         0x0800846e        0x2 
 .text.HAL_TIM_Base_Start_IT
                0x08008470       0x90 build/stm32h7xx_hal_tim.o
                0x08008470                HAL_TIM_Base_Start_IT
 .text.HAL_TIM_OC_DelayElapsedCallback
                0x08008500        0x2 build/stm32h7xx_hal_tim.o
                0x08008500                HAL_TIM_OC_DelayElapsedCallback
 .text.HAL_TIM_IC_CaptureCallback
                0x08008502        0x2 build/stm32h7xx_hal_tim.o
                0x08008502                HAL_TIM_IC_CaptureCallback
 .text.HAL_TIM_PWM_PulseFinishedCallback
                0x08008504        0x2 build/stm32h7xx_hal_tim.o
                0x08008504                HAL_TIM_PWM_PulseFinishedCallback
 .text.HAL_TIM_TriggerCallback
                0x08008506        0x2 build/stm32h7xx_hal_tim.o
                0x08008506                HAL_TIM_TriggerCallback
 .text.HAL_TIM_IRQHandler
                0x08008508      0x180 build/stm32h7xx_hal_tim.o
                0x08008508                HAL_TIM_IRQHandler
 .text.TIM_Base_SetConfig
                0x08008688      0x124 build/stm32h7xx_hal_tim.o
                0x08008688                TIM_Base_SetConfig
 .text.HAL_TIM_Base_Init
                0x080087ac       0x60 build/stm32h7xx_hal_tim.o
                0x080087ac                HAL_TIM_Base_Init
 .text.HAL_TIMEx_CommutCallback
                0x0800880c        0x2 build/stm32h7xx_hal_tim_ex.o
                0x0800880c                HAL_TIMEx_CommutCallback
 .text.HAL_TIMEx_BreakCallback
                0x0800880e        0x2 build/stm32h7xx_hal_tim_ex.o
                0x0800880e                HAL_TIMEx_BreakCallback
 .text.HAL_TIMEx_Break2Callback
                0x08008810        0x2 build/stm32h7xx_hal_tim_ex.o
                0x08008810                HAL_TIMEx_Break2Callback
 *fill*         0x08008812        0x2 
 .text.UART_EndRxTransfer
                0x08008814       0x58 build/stm32h7xx_hal_uart.o
 .text.UART_SetConfig
                0x0800886c      0x5c4 build/stm32h7xx_hal_uart.o
                0x0800886c                UART_SetConfig
 .text.UART_AdvFeatureConfig
                0x08008e30       0xca build/stm32h7xx_hal_uart.o
                0x08008e30                UART_AdvFeatureConfig
 .text.UART_WaitOnFlagUntilTimeout
                0x08008efa       0xa4 build/stm32h7xx_hal_uart.o
                0x08008efa                UART_WaitOnFlagUntilTimeout
 .text.HAL_UART_Transmit
                0x08008f9e       0xe6 build/stm32h7xx_hal_uart.o
                0x08008f9e                HAL_UART_Transmit
 .text.HAL_UART_Receive
                0x08009084      0x12c build/stm32h7xx_hal_uart.o
                0x08009084                HAL_UART_Receive
 .text.UART_CheckIdleState
                0x080091b0       0xc6 build/stm32h7xx_hal_uart.o
                0x080091b0                UART_CheckIdleState
 .text.HAL_UART_Init
                0x08009276       0x66 build/stm32h7xx_hal_uart.o
                0x08009276                HAL_UART_Init
 .text.UARTEx_SetNbDataToProcess
                0x080092dc       0x54 build/stm32h7xx_hal_uart_ex.o
 .text.HAL_UARTEx_DisableFifoMode
                0x08009330       0x3e build/stm32h7xx_hal_uart_ex.o
                0x08009330                HAL_UARTEx_DisableFifoMode
 .text.HAL_UARTEx_SetTxFifoThreshold
                0x0800936e       0x4a build/stm32h7xx_hal_uart_ex.o
                0x0800936e                HAL_UARTEx_SetTxFifoThreshold
 .text.HAL_UARTEx_SetRxFifoThreshold
                0x080093b8       0x4a build/stm32h7xx_hal_uart_ex.o
                0x080093b8                HAL_UARTEx_SetRxFifoThreshold
 *fill*         0x08009402        0x2 
 .text.SystemInit
                0x08009404       0xf0 build/system_stm32h7xx.o
                0x08009404                SystemInit
 .text.ExitRun0Mode
                0x080094f4       0x18 build/system_stm32h7xx.o
                0x080094f4                ExitRun0Mode
 .text.vListInitialise
                0x0800950c       0x16 build/list.o
                0x0800950c                vListInitialise
 .text.vListInitialiseItem
                0x08009522        0x6 build/list.o
                0x08009522                vListInitialiseItem
 .text.vListInsertEnd
                0x08009528       0x16 build/list.o
                0x08009528                vListInsertEnd
 .text.vListInsert
                0x0800953e       0x38 build/list.o
                0x0800953e                vListInsert
 .text.uxListRemove
                0x08009576       0x26 build/list.o
                0x08009576                uxListRemove
 .text.prvGetDisinheritPriorityAfterTimeout
                0x0800959c       0x10 build/queue.o
 .text.prvIsQueueFull
                0x080095ac       0x1e build/queue.o
 .text.prvIsQueueEmpty
                0x080095ca       0x1e build/queue.o
 .text.prvCopyDataToQueue
                0x080095e8       0x76 build/queue.o
 .text.prvCopyDataFromQueue
                0x0800965e       0x24 build/queue.o
 .text.prvUnlockQueue
                0x08009682       0x6e build/queue.o
 .text.xQueueGenericReset
                0x080096f0       0xaa build/queue.o
                0x080096f0                xQueueGenericReset
 .text.prvInitialiseNewQueue
                0x0800979a       0x22 build/queue.o
 .text.xQueueGenericCreateStatic
                0x080097bc       0x82 build/queue.o
                0x080097bc                xQueueGenericCreateStatic
 .text.xQueueGenericCreate
                0x0800983e       0x5c build/queue.o
                0x0800983e                xQueueGenericCreate
 .text.xQueueCreateCountingSemaphoreStatic
                0x0800989a       0x40 build/queue.o
                0x0800989a                xQueueCreateCountingSemaphoreStatic
 .text.xQueueCreateCountingSemaphore
                0x080098da       0x36 build/queue.o
                0x080098da                xQueueCreateCountingSemaphore
 .text.xQueueGenericSend
                0x08009910      0x188 build/queue.o
                0x08009910                xQueueGenericSend
 .text.prvInitialiseMutex
                0x08009a98       0x18 build/queue.o
 .text.xQueueCreateMutex
                0x08009ab0       0x16 build/queue.o
                0x08009ab0                xQueueCreateMutex
 .text.xQueueCreateMutexStatic
                0x08009ac6       0x1e build/queue.o
                0x08009ac6                xQueueCreateMutexStatic
 .text.xQueueGiveMutexRecursive
                0x08009ae4       0x42 build/queue.o
                0x08009ae4                xQueueGiveMutexRecursive
 .text.xQueueGenericSendFromISR
                0x08009b26       0xf4 build/queue.o
                0x08009b26                xQueueGenericSendFromISR
 .text.xQueueGiveFromISR
                0x08009c1a       0xda build/queue.o
                0x08009c1a                xQueueGiveFromISR
 .text.xQueueReceive
                0x08009cf4      0x15e build/queue.o
                0x08009cf4                xQueueReceive
 .text.xQueueSemaphoreTake
                0x08009e52      0x194 build/queue.o
                0x08009e52                xQueueSemaphoreTake
 .text.xQueueTakeMutexRecursive
                0x08009fe6       0x42 build/queue.o
                0x08009fe6                xQueueTakeMutexRecursive
 .text.xQueueReceiveFromISR
                0x0800a028       0xd2 build/queue.o
                0x0800a028                xQueueReceiveFromISR
 .text.uxQueueMessagesWaiting
                0x0800a0fa       0x28 build/queue.o
                0x0800a0fa                uxQueueMessagesWaiting
 .text.uxQueueMessagesWaitingFromISR
                0x0800a122       0x18 build/queue.o
                0x0800a122                uxQueueMessagesWaitingFromISR
 *fill*         0x0800a13a        0x2 
 .text.vQueueAddToRegistry
                0x0800a13c       0x60 build/queue.o
                0x0800a13c                vQueueAddToRegistry
 .text.vQueueUnregisterQueue
                0x0800a19c       0x44 build/queue.o
                0x0800a19c                vQueueUnregisterQueue
 .text.vQueueDelete
                0x0800a1e0       0x2c build/queue.o
                0x0800a1e0                vQueueDelete
 .text.vQueueWaitForMessageRestricted
                0x0800a20c       0x52 build/queue.o
                0x0800a20c                vQueueWaitForMessageRestricted
 *fill*         0x0800a25e        0x2 
 .text.prvResetNextTaskUnblockTime
                0x0800a260       0x28 build/tasks.o
 .text.prvInitialiseNewTask
                0x0800a288       0x92 build/tasks.o
 *fill*         0x0800a31a        0x2 
 .text.prvInitialiseTaskLists
                0x0800a31c       0x68 build/tasks.o
 .text.prvAddNewTaskToReadyList
                0x0800a384       0xc8 build/tasks.o
 .text.prvDeleteTCB
                0x0800a44c       0x38 build/tasks.o
 .text.prvCheckTasksWaitingTermination
                0x0800a484       0x4c build/tasks.o
 .text.prvIdleTask
                0x0800a4d0       0x28 build/tasks.o
 .text.prvAddCurrentTaskToDelayedList
                0x0800a4f8       0xa4 build/tasks.o
 .text.xTaskCreateStatic
                0x0800a59c       0x94 build/tasks.o
                0x0800a59c                xTaskCreateStatic
 .text.xTaskCreate
                0x0800a630       0x66 build/tasks.o
                0x0800a630                xTaskCreate
 *fill*         0x0800a696        0x2 
 .text.vTaskDelete
                0x0800a698       0xc0 build/tasks.o
                0x0800a698                vTaskDelete
 .text.vTaskStartScheduler
                0x0800a758       0xa0 build/tasks.o
                0x0800a758                vTaskStartScheduler
 .text.vTaskSuspendAll
                0x0800a7f8       0x10 build/tasks.o
                0x0800a7f8                vTaskSuspendAll
 .text.xTaskGetTickCount
                0x0800a808        0xc build/tasks.o
                0x0800a808                xTaskGetTickCount
 .text.xTaskGetTickCountFromISR
                0x0800a814       0x10 build/tasks.o
                0x0800a814                xTaskGetTickCountFromISR
 .text.uxTaskGetNumberOfTasks
                0x0800a824        0xc build/tasks.o
                0x0800a824                uxTaskGetNumberOfTasks
 .text.xTaskIncrementTick
                0x0800a830      0x180 build/tasks.o
                0x0800a830                xTaskIncrementTick
 .text.xTaskResumeAll
                0x0800a9b0      0x164 build/tasks.o
                0x0800a9b0                xTaskResumeAll
 .text.vTaskDelay
                0x0800ab14       0x4c build/tasks.o
                0x0800ab14                vTaskDelay
 .text.vTaskSwitchContext
                0x0800ab60       0x94 build/tasks.o
                0x0800ab60                vTaskSwitchContext
 .text.vTaskPlaceOnEventList
                0x0800abf4       0x30 build/tasks.o
                0x0800abf4                vTaskPlaceOnEventList
 .text.vTaskPlaceOnEventListRestricted
                0x0800ac24       0x58 build/tasks.o
                0x0800ac24                vTaskPlaceOnEventListRestricted
 .text.xTaskRemoveFromEventList
                0x0800ac7c      0x100 build/tasks.o
                0x0800ac7c                xTaskRemoveFromEventList
 .text.vTaskInternalSetTimeOutState
                0x0800ad7c       0x18 build/tasks.o
                0x0800ad7c                vTaskInternalSetTimeOutState
 .text.xTaskCheckForTimeOut
                0x0800ad94       0x8c build/tasks.o
                0x0800ad94                xTaskCheckForTimeOut
 .text.vTaskMissedYield
                0x0800ae20        0xc build/tasks.o
                0x0800ae20                vTaskMissedYield
 .text.xTaskGetCurrentTaskHandle
                0x0800ae2c        0xc build/tasks.o
                0x0800ae2c                xTaskGetCurrentTaskHandle
 .text.xTaskGetSchedulerState
                0x0800ae38       0x20 build/tasks.o
                0x0800ae38                xTaskGetSchedulerState
 .text.xTaskPriorityInherit
                0x0800ae58       0xb0 build/tasks.o
                0x0800ae58                xTaskPriorityInherit
 .text.xTaskPriorityDisinherit
                0x0800af08       0xac build/tasks.o
                0x0800af08                xTaskPriorityDisinherit
 .text.vTaskPriorityDisinheritAfterTimeout
                0x0800afb4       0xbc build/tasks.o
                0x0800afb4                vTaskPriorityDisinheritAfterTimeout
 .text.pvTaskIncrementMutexHeldCount
                0x0800b070       0x1c build/tasks.o
                0x0800b070                pvTaskIncrementMutexHeldCount
 .text.prvGetNextExpireTime
                0x0800b08c       0x20 build/timers.o
 .text.prvInsertTimerInActiveList
                0x0800b0ac       0x50 build/timers.o
 .text.prvReloadTimer
                0x0800b0fc       0x28 build/timers.o
 .text.prvProcessExpiredTimer
                0x0800b124       0x40 build/timers.o
 .text.prvSwitchTimerLists
                0x0800b164       0x30 build/timers.o
 .text.prvSampleTimeNow
                0x0800b194       0x2c build/timers.o
 .text.prvProcessTimerOrBlockTask
                0x0800b1c0       0x78 build/timers.o
 .text.prvProcessReceivedCommands
                0x0800b238      0x118 build/timers.o
 .text.prvTimerTask
                0x0800b350       0x16 build/timers.o
 *fill*         0x0800b366        0x2 
 .text.prvCheckForValidListAndQueue
                0x0800b368       0x70 build/timers.o
 .text.xTimerCreateTimerTask
                0x0800b3d8       0x64 build/timers.o
                0x0800b3d8                xTimerCreateTimerTask
 .text.IRQ_Context
                0x0800b43c       0x2c build/cmsis_os2.o
 .text.SysTick_Handler
                0x0800b468       0x18 build/cmsis_os2.o
                0x0800b468                SysTick_Handler
 .text.osKernelInitialize
                0x0800b480       0x34 build/cmsis_os2.o
                0x0800b480                osKernelInitialize
 .text.osKernelGetState
                0x0800b4b4       0x24 build/cmsis_os2.o
                0x0800b4b4                osKernelGetState
 .text.osKernelStart
                0x0800b4d8       0x48 build/cmsis_os2.o
                0x0800b4d8                osKernelStart
 .text.osKernelLock
                0x0800b520       0x2a build/cmsis_os2.o
                0x0800b520                osKernelLock
 .text.osKernelRestoreLock
                0x0800b54a       0x4c build/cmsis_os2.o
                0x0800b54a                osKernelRestoreLock
 .text.osKernelGetTickCount
                0x0800b596       0x14 build/cmsis_os2.o
                0x0800b596                osKernelGetTickCount
 .text.osThreadNew
                0x0800b5aa       0xc2 build/cmsis_os2.o
                0x0800b5aa                osThreadNew
 .text.osThreadExit
                0x0800b66c        0xa build/cmsis_os2.o
                0x0800b66c                osThreadExit
 .text.osDelay  0x0800b676       0x20 build/cmsis_os2.o
                0x0800b676                osDelay
 .text.osMutexNew
                0x0800b696       0xa0 build/cmsis_os2.o
                0x0800b696                osMutexNew
 .text.osMutexAcquire
                0x0800b736       0x62 build/cmsis_os2.o
                0x0800b736                osMutexAcquire
 .text.osMutexRelease
                0x0800b798       0x52 build/cmsis_os2.o
                0x0800b798                osMutexRelease
 .text.osSemaphoreNew
                0x0800b7ea       0xc4 build/cmsis_os2.o
                0x0800b7ea                osSemaphoreNew
 .text.osSemaphoreAcquire
                0x0800b8ae       0x70 build/cmsis_os2.o
                0x0800b8ae                osSemaphoreAcquire
 .text.osSemaphoreRelease
                0x0800b91e       0x62 build/cmsis_os2.o
                0x0800b91e                osSemaphoreRelease
 .text.osSemaphoreDelete
                0x0800b980       0x28 build/cmsis_os2.o
                0x0800b980                osSemaphoreDelete
 .text.osMessageQueueNew
                0x0800b9a8       0xaa build/cmsis_os2.o
                0x0800b9a8                osMessageQueueNew
 .text.osMessageQueuePut
                0x0800ba52       0x8c build/cmsis_os2.o
                0x0800ba52                osMessageQueuePut
 .text.osMessageQueueGet
                0x0800bade       0x88 build/cmsis_os2.o
                0x0800bade                osMessageQueueGet
 .text.osMessageQueueGetCount
                0x0800bb66       0x1e build/cmsis_os2.o
                0x0800bb66                osMessageQueueGetCount
 .text.osMessageQueueDelete
                0x0800bb84       0x28 build/cmsis_os2.o
                0x0800bb84                osMessageQueueDelete
 .text.vApplicationGetIdleTaskMemory
                0x0800bbac       0x18 build/cmsis_os2.o
                0x0800bbac                vApplicationGetIdleTaskMemory
 .text.vApplicationGetTimerTaskMemory
                0x0800bbc4       0x18 build/cmsis_os2.o
                0x0800bbc4                vApplicationGetTimerTaskMemory
 .text.prvHeapInit
                0x0800bbdc       0x58 build/heap_4.o
 .text.prvInsertBlockIntoFreeList
                0x0800bc34       0x5c build/heap_4.o
 .text.pvPortMalloc
                0x0800bc90      0x104 build/heap_4.o
                0x0800bc90                pvPortMalloc
 .text.vPortFree
                0x0800bd94       0x74 build/heap_4.o
                0x0800bd94                vPortFree
 .text.prvTaskExitError
                0x0800be08       0x40 build/port.o
 .text.prvPortStartFirstTask
                0x0800be48       0x28 build/port.o
 .text.vPortEnableVFP
                0x0800be70       0x14 build/port.o
 .text.pxPortInitialiseStack
                0x0800be84       0x2c build/port.o
                0x0800be84                pxPortInitialiseStack
 .text.SVC_Handler
                0x0800beb0       0x24 build/port.o
                0x0800beb0                SVC_Handler
 .text.vPortEnterCritical
                0x0800bed4       0x44 build/port.o
                0x0800bed4                vPortEnterCritical
 .text.vPortExitCritical
                0x0800bf18       0x2c build/port.o
                0x0800bf18                vPortExitCritical
 *fill*         0x0800bf44        0xc 
 .text.PendSV_Handler
                0x0800bf50       0x64 build/port.o
                0x0800bf50                PendSV_Handler
 .text.xPortSysTickHandler
                0x0800bfb4       0x2c build/port.o
                0x0800bfb4                xPortSysTickHandler
 .text.vPortSetupTimerInterrupt
                0x0800bfe0       0x28 build/port.o
                0x0800bfe0                vPortSetupTimerInterrupt
 .text.xPortStartScheduler
                0x0800c008      0x14c build/port.o
                0x0800c008                xPortStartScheduler
 .text.vPortValidateInterruptPriority
                0x0800c154       0x5c build/port.o
                0x0800c154                vPortValidateInterruptPriority
 .text._sbrk    0x0800c1b0       0x4c build/sysmem.o
                0x0800c1b0                _sbrk
 .text._getpid  0x0800c1fc        0x4 build/syscalls.o
                0x0800c1fc                _getpid
 .text._kill    0x0800c200       0x10 build/syscalls.o
                0x0800c200                _kill
 .text._exit    0x0800c210        0xc build/syscalls.o
                0x0800c210                _exit
 .text._read    0x0800c21c       0x20 build/syscalls.o
                0x0800c21c                _read
 .text._write   0x0800c23c       0x1c build/syscalls.o
                0x0800c23c                _write
 .text._close   0x0800c258        0x6 build/syscalls.o
                0x0800c258                _close
 .text._fstat   0x0800c25e        0xa build/syscalls.o
                0x0800c25e                _fstat
 .text._isatty  0x0800c268        0x4 build/syscalls.o
                0x0800c268                _isatty
 .text._lseek   0x0800c26c        0x4 build/syscalls.o
                0x0800c26c                _lseek
 .text.HAL_InitTick
                0x0800c270       0x90 build/stm32h7xx_hal_timebase_tim.o
                0x0800c270                HAL_InitTick
 .text.low_level_input
                0x0800c300       0x28 build/ethernetif.o
 .text.ethernetif_input
                0x0800c328       0x3c build/ethernetif.o
                0x0800c328                ethernetif_input
 .text.low_level_output
                0x0800c364       0xf4 build/ethernetif.o
 .text.low_level_init
                0x0800c458      0x108 build/ethernetif.o
 .text.pbuf_free_custom
                0x0800c560       0x30 build/ethernetif.o
                0x0800c560                pbuf_free_custom
 .text.LAN8720_ReadReg
                0x0800c590       0x14 build/ethernetif.o
 .text.LAN8720_FindPhyAddress
                0x0800c5a4       0x48 build/ethernetif.o
 .text.LAN8720_IsLinkUp
                0x0800c5ec       0x34 build/ethernetif.o
 .text.LAN8720_WriteReg
                0x0800c620       0x14 build/ethernetif.o
 .text.LAN8720_SoftwareReset
                0x0800c634       0x6c build/ethernetif.o
 .text.LAN8720_ApplyLinkMode
                0x0800c6a0       0xc0 build/ethernetif.o
 .text.ethernetif_init
                0x0800c760       0x48 build/ethernetif.o
                0x0800c760                ethernetif_init
 .text.sys_now  0x0800c7a8        0x8 build/ethernetif.o
                0x0800c7a8                sys_now
 .text.ethernet_link_thread
                0x0800c7b0       0xd0 build/ethernetif.o
                0x0800c7b0                ethernet_link_thread
 .text.HAL_ETH_RxAllocateCallback
                0x0800c880       0x48 build/ethernetif.o
                0x0800c880                HAL_ETH_RxAllocateCallback
 .text.HAL_ETH_RxLinkCallback
                0x0800c8c8       0x64 build/ethernetif.o
                0x0800c8c8                HAL_ETH_RxLinkCallback
 .text.HAL_ETH_TxFreeCallback
                0x0800c92c        0x8 build/ethernetif.o
                0x0800c92c                HAL_ETH_TxFreeCallback
 .text.ethernet_link_status_updated
                0x0800c934        0x2 build/lwip.o
 *fill*         0x0800c936        0x2 
 .text.MX_LWIP_Init
                0x0800c938      0x144 build/lwip.o
                0x0800c938                MX_LWIP_Init
 .text.ethernet_input
                0x0800ca7c       0xac build/ethernet.o
                0x0800ca7c                ethernet_input
 .text.ethernet_output
                0x0800cb28       0x70 build/ethernet.o
                0x0800cb28                ethernet_output
 .text.netconn_apimsg
                0x0800cb98       0x16 build/api_lib.o
 *fill*         0x0800cbae        0x2 
 .text.netconn_tcp_recvd_msg
                0x0800cbb0       0x30 build/api_lib.o
 .text.netconn_close_shutdown
                0x0800cbe0       0x28 build/api_lib.o
 .text.netconn_new_with_proto_and_callback
                0x0800cc08       0xbc build/api_lib.o
                0x0800cc08                netconn_new_with_proto_and_callback
 .text.netconn_prepare_delete
                0x0800ccc4       0x20 build/api_lib.o
                0x0800ccc4                netconn_prepare_delete
 .text.netconn_delete
                0x0800cce4       0x1e build/api_lib.o
                0x0800cce4                netconn_delete
 *fill*         0x0800cd02        0x2 
 .text.netconn_bind
                0x0800cd04       0x30 build/api_lib.o
                0x0800cd04                netconn_bind
 .text.netconn_listen_with_backlog
                0x0800cd34       0x20 build/api_lib.o
                0x0800cd34                netconn_listen_with_backlog
 .text.netconn_write_vectors_partly
                0x0800cd54       0xe4 build/api_lib.o
                0x0800cd54                netconn_write_vectors_partly
 .text.netconn_write_partly
                0x0800ce38       0x18 build/api_lib.o
                0x0800ce38                netconn_write_partly
 .text.netconn_close
                0x0800ce50        0xa build/api_lib.o
                0x0800ce50                netconn_close
 .text.netconn_err
                0x0800ce5a       0x20 build/api_lib.o
                0x0800ce5a                netconn_err
 .text.netconn_accept
                0x0800ce7a       0xa4 build/api_lib.o
                0x0800ce7a                netconn_accept
 .text.netconn_recv_data
                0x0800cf1e       0xc4 build/api_lib.o
 .text.netconn_recv_data_tcp
                0x0800cfe2       0xa8 build/api_lib.o
 *fill*         0x0800d08a        0x2 
 .text.netconn_recv
                0x0800d08c       0x80 build/api_lib.o
                0x0800d08c                netconn_recv
 .text.lwip_netconn_err_to_msg
                0x0800d10c       0x4c build/api_msg.o
 .text.setup_tcp
                0x0800d158       0x40 build/api_msg.o
 .text.pcb_new  0x0800d198       0x58 build/api_msg.o
 .text.err_tcp  0x0800d1f0      0x124 build/api_msg.o
 .text.lwip_netconn_do_writemore
                0x0800d314      0x298 build/api_msg.o
 .text.lwip_netconn_do_close_internal
                0x0800d5ac      0x210 build/api_msg.o
 .text.poll_tcp
                0x0800d7bc       0x80 build/api_msg.o
 .text.sent_tcp
                0x0800d83c       0x6c build/api_msg.o
 .text.recv_tcp
                0x0800d8a8       0xcc build/api_msg.o
 .text.lwip_netconn_is_err_msg
                0x0800d974       0x5c build/api_msg.o
                0x0800d974                lwip_netconn_is_err_msg
 .text.lwip_netconn_do_newconn
                0x0800d9d0       0x14 build/api_msg.o
                0x0800d9d0                lwip_netconn_do_newconn
 .text.netconn_alloc
                0x0800d9e4       0x84 build/api_msg.o
                0x0800d9e4                netconn_alloc
 .text.netconn_free
                0x0800da68       0x78 build/api_msg.o
                0x0800da68                netconn_free
 .text.netconn_drain
                0x0800dae0       0xaa build/api_msg.o
 *fill*         0x0800db8a        0x2 
 .text.accept_function
                0x0800db8c      0x108 build/api_msg.o
 .text.lwip_netconn_do_delconn
                0x0800dc94      0x130 build/api_msg.o
                0x0800dc94                lwip_netconn_do_delconn
 .text.lwip_netconn_do_bind
                0x0800ddc4       0x2c build/api_msg.o
                0x0800ddc4                lwip_netconn_do_bind
 .text.lwip_netconn_do_listen
                0x0800ddf0       0xd8 build/api_msg.o
                0x0800ddf0                lwip_netconn_do_listen
 .text.lwip_netconn_do_recv
                0x0800dec8       0x3c build/api_msg.o
                0x0800dec8                lwip_netconn_do_recv
 .text.lwip_netconn_do_write
                0x0800df04       0xd0 build/api_msg.o
                0x0800df04                lwip_netconn_do_write
 .text.lwip_netconn_do_close
                0x0800dfd4       0xcc build/api_msg.o
                0x0800dfd4                lwip_netconn_do_close
 .text.netbuf_delete
                0x0800e0a0       0x20 build/netbuf.o
                0x0800e0a0                netbuf_delete
 .text.netbuf_data
                0x0800e0c0       0x32 build/netbuf.o
                0x0800e0c0                netbuf_data
 .text.netbuf_next
                0x0800e0f2       0x22 build/netbuf.o
                0x0800e0f2                netbuf_next
 .text.tcpip_mbox_fetch
                0x0800e114       0x60 build/tcpip.o
 .text.tcpip_thread_handle_msg
                0x0800e174       0x60 build/tcpip.o
 .text.tcpip_thread
                0x0800e1d4       0x54 build/tcpip.o
 .text.tcpip_inpkt
                0x0800e228       0x64 build/tcpip.o
                0x0800e228                tcpip_inpkt
 .text.tcpip_input
                0x0800e28c       0x24 build/tcpip.o
                0x0800e28c                tcpip_input
 .text.tcpip_try_callback
                0x0800e2b0       0x60 build/tcpip.o
                0x0800e2b0                tcpip_try_callback
 .text.tcpip_send_msg_wait_sem
                0x0800e310       0x20 build/tcpip.o
                0x0800e310                tcpip_send_msg_wait_sem
 .text.tcpip_init
                0x0800e330       0x84 build/tcpip.o
                0x0800e330                tcpip_init
 .text.lwip_htons
                0x0800e3b4        0xa build/def.o
                0x0800e3b4                lwip_htons
 .text.lwip_htonl
                0x0800e3be       0x18 build/def.o
                0x0800e3be                lwip_htonl
 .text.lwip_standard_chksum
                0x0800e3d6       0x60 build/inet_chksum.o
                0x0800e3d6                lwip_standard_chksum
 .text.inet_chksum
                0x0800e436        0xc build/inet_chksum.o
                0x0800e436                inet_chksum
 .text.inet_chksum_pbuf
                0x0800e442       0x48 build/inet_chksum.o
                0x0800e442                inet_chksum_pbuf
 .text.lwip_init
                0x0800e48a       0x1c build/init.o
                0x0800e48a                lwip_init
 *fill*         0x0800e4a6        0x2 
 .text.ptr_to_mem
                0x0800e4a8        0xc build/mem.o
 .text.mem_to_ptr
                0x0800e4b4       0x10 build/mem.o
 .text.mem_link_valid
                0x0800e4c4       0x5c build/mem.o
 .text.plug_holes
                0x0800e520       0xfc build/mem.o
 .text.mem_init
                0x0800e61c       0x68 build/mem.o
                0x0800e61c                mem_init
 .text.mem_free
                0x0800e684       0xf4 build/mem.o
                0x0800e684                mem_free
 .text.mem_trim
                0x0800e778      0x1a4 build/mem.o
                0x0800e778                mem_trim
 .text.mem_malloc
                0x0800e91c      0x17c build/mem.o
                0x0800e91c                mem_malloc
 .text.do_memp_malloc_pool
                0x0800ea98       0x48 build/memp.o
 .text.do_memp_free_pool
                0x0800eae0       0x3c build/memp.o
 .text.memp_init_pool
                0x0800eb1c       0x28 build/memp.o
                0x0800eb1c                memp_init_pool
 .text.memp_init
                0x0800eb44       0x20 build/memp.o
                0x0800eb44                memp_init
 .text.memp_malloc_pool
                0x0800eb64       0x2c build/memp.o
                0x0800eb64                memp_malloc_pool
 .text.memp_malloc
                0x0800eb90       0x1c build/memp.o
                0x0800eb90                memp_malloc
 .text.memp_free_pool
                0x0800ebac       0x38 build/memp.o
                0x0800ebac                memp_free_pool
 .text.memp_free
                0x0800ebe4       0x1c build/memp.o
                0x0800ebe4                memp_free
 .text.netif_do_set_netmask
                0x0800ec00       0x12 build/netif.o
 .text.netif_do_set_gw
                0x0800ec12       0x12 build/netif.o
 .text.netif_null_output_ip4
                0x0800ec24        0x6 build/netif.o
 .text.netif_do_ip_addr_changed
                0x0800ec2a        0x8 build/netif.o
 *fill*         0x0800ec32        0x2 
 .text.netif_issue_reports
                0x0800ec34       0x50 build/netif.o
 .text.netif_do_set_ipaddr
                0x0800ec84       0x6c build/netif.o
 .text.netif_init
                0x0800ecf0        0x2 build/netif.o
                0x0800ecf0                netif_init
 *fill*         0x0800ecf2        0x2 
 .text.netif_set_addr
                0x0800ecf4       0x68 build/netif.o
                0x0800ecf4                netif_set_addr
 .text.netif_add
                0x0800ed5c       0xf8 build/netif.o
                0x0800ed5c                netif_add
 .text.netif_set_default
                0x0800ee54        0xc build/netif.o
                0x0800ee54                netif_set_default
 .text.netif_set_up
                0x0800ee60       0x22 build/netif.o
                0x0800ee60                netif_set_up
 .text.netif_set_link_up
                0x0800ee82       0x2a build/netif.o
                0x0800ee82                netif_set_link_up
 .text.netif_set_link_down
                0x0800eeac       0x20 build/netif.o
                0x0800eeac                netif_set_link_down
 .text.netif_set_link_callback
                0x0800eecc        0x6 build/netif.o
                0x0800eecc                netif_set_link_callback
 *fill*         0x0800eed2        0x2 
 .text.netif_get_by_index
                0x0800eed4       0x20 build/netif.o
                0x0800eed4                netif_get_by_index
 .text.pbuf_init_alloced_pbuf
                0x0800eef4       0x24 build/pbuf.o
 .text.pbuf_add_header_impl
                0x0800ef18       0x7c build/pbuf.o
 .text.pbuf_pool_is_empty
                0x0800ef94       0x3c build/pbuf.o
 .text.pbuf_free_ooseq
                0x0800efd0       0x30 build/pbuf.o
 .text.pbuf_free_ooseq_callback
                0x0800f000        0x8 build/pbuf.o
 .text.pbuf_alloc_reference
                0x0800f008       0x50 build/pbuf.o
                0x0800f008                pbuf_alloc_reference
 .text.pbuf_alloced_custom
                0x0800f058       0x3e build/pbuf.o
                0x0800f058                pbuf_alloced_custom
 .text.pbuf_add_header
                0x0800f096        0xa build/pbuf.o
                0x0800f096                pbuf_add_header
 .text.pbuf_remove_header
                0x0800f0a0       0x58 build/pbuf.o
                0x0800f0a0                pbuf_remove_header
 .text.pbuf_header_impl
                0x0800f0f8       0x14 build/pbuf.o
 .text.pbuf_header_force
                0x0800f10c        0xa build/pbuf.o
                0x0800f10c                pbuf_header_force
 *fill*         0x0800f116        0x2 
 .text.pbuf_free
                0x0800f118       0xd0 build/pbuf.o
                0x0800f118                pbuf_free
 .text.pbuf_alloc
                0x0800f1e8      0x158 build/pbuf.o
                0x0800f1e8                pbuf_alloc
 .text.pbuf_realloc
                0x0800f340       0xc0 build/pbuf.o
                0x0800f340                pbuf_realloc
 .text.pbuf_clen
                0x0800f400       0x12 build/pbuf.o
                0x0800f400                pbuf_clen
 *fill*         0x0800f412        0x2 
 .text.pbuf_ref
                0x0800f414       0x38 build/pbuf.o
                0x0800f414                pbuf_ref
 .text.pbuf_cat
                0x0800f44c       0x80 build/pbuf.o
                0x0800f44c                pbuf_cat
 .text.pbuf_copy_partial_pbuf
                0x0800f4cc      0x12c build/pbuf.o
                0x0800f4cc                pbuf_copy_partial_pbuf
 .text.pbuf_copy
                0x0800f5f8       0x14 build/pbuf.o
                0x0800f5f8                pbuf_copy
 .text.pbuf_copy_partial
                0x0800f60c       0x6c build/pbuf.o
                0x0800f60c                pbuf_copy_partial
 .text.pbuf_clone
                0x0800f678       0x38 build/pbuf.o
                0x0800f678                pbuf_clone
 .text.tcp_new_port
                0x0800f6b0       0x68 build/tcp.o
 .text.tcp_remove_listener
                0x0800f718       0x34 build/tcp.o
 .text.tcp_listen_closed
                0x0800f74c       0x5c build/tcp.o
 .text.tcp_free_listen
                0x0800f7a8       0x30 build/tcp.o
 .text.tcp_close_shutdown_fin
                0x0800f7d8       0x84 build/tcp.o
 .text.tcp_handle_closepend
                0x0800f85c       0x2c build/tcp.o
 .text.tcp_init
                0x0800f888       0x18 build/tcp.o
                0x0800f888                tcp_init
 .text.tcp_free
                0x0800f8a0       0x30 build/tcp.o
                0x0800f8a0                tcp_free
 .text.tcp_bind
                0x0800f8d0       0xa4 build/tcp.o
                0x0800f8d0                tcp_bind
 .text.tcp_listen_with_backlog_and_err
                0x0800f974       0xb8 build/tcp.o
                0x0800f974                tcp_listen_with_backlog_and_err
 .text.tcp_update_rcv_ann_wnd
                0x0800fa2c       0x7c build/tcp.o
                0x0800fa2c                tcp_update_rcv_ann_wnd
 .text.tcp_recved
                0x0800faa8       0x68 build/tcp.o
                0x0800faa8                tcp_recved
 .text.tcp_seg_free
                0x0800fb10       0x1a build/tcp.o
                0x0800fb10                tcp_seg_free
 .text.tcp_segs_free
                0x0800fb2a       0x14 build/tcp.o
                0x0800fb2a                tcp_segs_free
 *fill*         0x0800fb3e        0x2 
 .text.tcp_seg_copy
                0x0800fb40       0x48 build/tcp.o
                0x0800fb40                tcp_seg_copy
 .text.tcp_arg  0x0800fb88        0x6 build/tcp.o
                0x0800fb88                tcp_arg
 *fill*         0x0800fb8e        0x2 
 .text.tcp_recv
                0x0800fb90       0x34 build/tcp.o
                0x0800fb90                tcp_recv
 .text.tcp_sent
                0x0800fbc4       0x34 build/tcp.o
                0x0800fbc4                tcp_sent
 .text.tcp_err  0x0800fbf8       0x34 build/tcp.o
                0x0800fbf8                tcp_err
 .text.tcp_accept
                0x0800fc2c        0xe build/tcp.o
                0x0800fc2c                tcp_accept
 *fill*         0x0800fc3a        0x2 
 .text.tcp_poll
                0x0800fc3c       0x38 build/tcp.o
                0x0800fc3c                tcp_poll
 .text.tcp_next_iss
                0x0800fc74       0x38 build/tcp.o
                0x0800fc74                tcp_next_iss
 .text.tcp_eff_send_mss_netif
                0x0800fcac       0x44 build/tcp.o
                0x0800fcac                tcp_eff_send_mss_netif
 .text.tcp_free_ooseq
                0x0800fcf0       0x12 build/tcp.o
                0x0800fcf0                tcp_free_ooseq
 .text.tcp_pcb_purge
                0x0800fd02       0x4a build/tcp.o
                0x0800fd02                tcp_pcb_purge
 .text.tcp_pcb_remove
                0x0800fd4c       0xd0 build/tcp.o
                0x0800fd4c                tcp_pcb_remove
 .text.tcp_abandon
                0x0800fe1c      0x100 build/tcp.o
                0x0800fe1c                tcp_abandon
 .text.tcp_abort
                0x0800ff1c        0xa build/tcp.o
                0x0800ff1c                tcp_abort
 *fill*         0x0800ff26        0x2 
 .text.tcp_accept_null
                0x0800ff28       0x30 build/tcp.o
 .text.tcp_kill_timewait
                0x0800ff58       0x34 build/tcp.o
 .text.tcp_kill_prio
                0x0800ff8c       0x5c build/tcp.o
 .text.tcp_netif_ip_addr_changed_pcblist
                0x0800ffe8       0x40 build/tcp.o
 .text.tcp_netif_ip_addr_changed
                0x08010028       0x54 build/tcp.o
                0x08010028                tcp_netif_ip_addr_changed
 .text.tcp_kill_state
                0x0801007c       0x64 build/tcp.o
 .text.tcp_alloc
                0x080100e0       0xc4 build/tcp.o
                0x080100e0                tcp_alloc
 .text.tcp_new_ip_type
                0x080101a4        0xa build/tcp.o
                0x080101a4                tcp_new_ip_type
 *fill*         0x080101ae        0x2 
 .text.tcp_close_shutdown
                0x080101b0      0x150 build/tcp.o
 .text.tcp_close
                0x08010300       0x24 build/tcp.o
                0x08010300                tcp_close
 .text.tcp_recv_null
                0x08010324       0x2c build/tcp.o
                0x08010324                tcp_recv_null
 .text.tcp_process_refused_data
                0x08010350       0x74 build/tcp.o
                0x08010350                tcp_process_refused_data
 .text.tcp_fasttmr
                0x080103c4       0x80 build/tcp.o
                0x080103c4                tcp_fasttmr
 .text.tcp_shutdown
                0x08010444       0x66 build/tcp.o
                0x08010444                tcp_shutdown
 *fill*         0x080104aa        0x2 
 .text.tcp_slowtmr
                0x080104ac      0x4ac build/tcp.o
                0x080104ac                tcp_slowtmr
 .text.tcp_tmr  0x08010958       0x24 build/tcp.o
                0x08010958                tcp_tmr
 .text.tcp_get_next_optbyte
                0x0801097c       0x3c build/tcp_in.o
 .text.tcp_parseopt
                0x080109b8       0xa4 build/tcp_in.o
 .text.tcp_input_delayed_close
                0x08010a5c       0x60 build/tcp_in.o
 .text.tcp_timewait_input
                0x08010abc       0xbc build/tcp_in.o
 .text.tcp_listen_input
                0x08010b78      0x154 build/tcp_in.o
 .text.tcp_free_acked_segments
                0x08010ccc       0xc8 build/tcp_in.o
 .text.tcp_oos_insert_segment
                0x08010d94       0xa8 build/tcp_in.o
 .text.tcp_receive
                0x08010e3c      0x938 build/tcp_in.o
 .text.tcp_process
                0x08011774      0x630 build/tcp_in.o
 .text.tcp_input
                0x08011da4      0x594 build/tcp_in.o
                0x08011da4                tcp_input
 .text.tcp_trigger_input_pcb_close
                0x08012338       0x10 build/tcp_in.o
                0x08012338                tcp_trigger_input_pcb_close
 .text.tcp_write_checks
                0x08012348       0xbc build/tcp_out.o
 .text.tcp_output_segment_busy
                0x08012404       0x34 build/tcp_out.o
 .text.tcp_output_fill_options
                0x08012438       0x40 build/tcp_out.o
 .text.tcp_pbuf_prealloc
                0x08012478       0xc0 build/tcp_out.o
 .text.tcp_create_segment
                0x08012538       0xe0 build/tcp_out.o
 .text.tcp_output_alloc_header_common
                0x08012618       0x98 build/tcp_out.o
 .text.tcp_output_alloc_header
                0x080126b0       0x54 build/tcp_out.o
 .text.tcp_rst_common
                0x08012704       0x80 build/tcp_out.o
 .text.tcp_route
                0x08012784       0x16 build/tcp_out.o
 *fill*         0x0801279a        0x2 
 .text.tcp_output_segment
                0x0801279c      0x144 build/tcp_out.o
 .text.tcp_output_control_segment_netif
                0x080128e0       0x5c build/tcp_out.o
 .text.tcp_output_control_segment
                0x0801293c       0x54 build/tcp_out.o
 .text.tcp_write
                0x08012990      0x528 build/tcp_out.o
                0x08012990                tcp_write
 .text.tcp_split_unsent_seg
                0x08012eb8      0x1bc build/tcp_out.o
                0x08012eb8                tcp_split_unsent_seg
 .text.tcp_enqueue_flags
                0x08013074      0x164 build/tcp_out.o
                0x08013074                tcp_enqueue_flags
 .text.tcp_send_fin
                0x080131d8       0x64 build/tcp_out.o
                0x080131d8                tcp_send_fin
 .text.tcp_rexmit_rto_prepare
                0x0801323c       0x9c build/tcp_out.o
                0x0801323c                tcp_rexmit_rto_prepare
 .text.tcp_rexmit
                0x080132d8       0x88 build/tcp_out.o
                0x080132d8                tcp_rexmit
 .text.tcp_rexmit_fast
                0x08013360       0x78 build/tcp_out.o
                0x08013360                tcp_rexmit_fast
 .text.tcp_rst  0x080133d8       0x32 build/tcp_out.o
                0x080133d8                tcp_rst
 .text.tcp_rst_netif
                0x0801340a       0x38 build/tcp_out.o
                0x0801340a                tcp_rst_netif
 *fill*         0x08013442        0x2 
 .text.tcp_send_empty_ack
                0x08013444       0x74 build/tcp_out.o
                0x08013444                tcp_send_empty_ack
 .text.tcp_output
                0x080134b8      0x298 build/tcp_out.o
                0x080134b8                tcp_output
 .text.tcp_rexmit_rto_commit
                0x08013750       0x38 build/tcp_out.o
                0x08013750                tcp_rexmit_rto_commit
 .text.tcp_rexmit_rto
                0x08013788       0x34 build/tcp_out.o
                0x08013788                tcp_rexmit_rto
 .text.tcp_keepalive
                0x080137bc       0x5c build/tcp_out.o
                0x080137bc                tcp_keepalive
 .text.tcp_zero_window_probe
                0x08013818       0xe0 build/tcp_out.o
                0x08013818                tcp_zero_window_probe
 .text.sys_timeout_abs
                0x080138f8       0x74 build/timeouts.o
 .text.lwip_cyclic_timer
                0x0801396c       0x40 build/timeouts.o
 .text.sys_timeout
                0x080139ac       0x3c build/timeouts.o
                0x080139ac                sys_timeout
 .text.tcp_timer_needed
                0x080139e8       0x3c build/timeouts.o
                0x080139e8                tcp_timer_needed
 .text.tcpip_tcp_timer
                0x08013a24       0x38 build/timeouts.o
 .text.sys_timeouts_init
                0x08013a5c       0x28 build/timeouts.o
                0x08013a5c                sys_timeouts_init
 .text.sys_check_timeouts
                0x08013a84       0x40 build/timeouts.o
                0x08013a84                sys_check_timeouts
 .text.sys_timeouts_sleeptime
                0x08013ac4       0x48 build/timeouts.o
                0x08013ac4                sys_timeouts_sleeptime
 .text.etharp_free_entry
                0x08013b0c       0x34 build/etharp.o
 .text.etharp_find_entry
                0x08013b40      0x1a4 build/etharp.o
 .text.etharp_update_arp_entry
                0x08013ce4       0xc0 build/etharp.o
 .text.etharp_raw
                0x08013da4       0xe4 build/etharp.o
 .text.etharp_request_dst
                0x08013e88       0x2c build/etharp.o
 .text.etharp_input
                0x08013eb4       0xb8 build/etharp.o
                0x08013eb4                etharp_input
 .text.etharp_request
                0x08013f6c       0x10 build/etharp.o
                0x08013f6c                etharp_request
 .text.etharp_tmr
                0x08013f7c       0x88 build/etharp.o
                0x08013f7c                etharp_tmr
 .text.etharp_output_to_arp_index
                0x08014004       0xd8 build/etharp.o
 .text.etharp_query
                0x080140dc      0x1c0 build/etharp.o
                0x080140dc                etharp_query
 .text.etharp_output
                0x0801429c      0x16c build/etharp.o
                0x0801429c                etharp_output
 .text.icmp_send_response
                0x08014408       0xb4 build/icmp.o
 .text.icmp_input
                0x080144bc      0x16c build/icmp.o
                0x080144bc                icmp_input
 .text.icmp_dest_unreach
                0x08014628        0xc build/icmp.o
                0x08014628                icmp_dest_unreach
 .text.icmp_time_exceeded
                0x08014634        0xc build/icmp.o
                0x08014634                icmp_time_exceeded
 .text.ip4_input_accept
                0x08014640       0x30 build/ip4.o
 .text.ip4_route
                0x08014670       0xb4 build/ip4.o
                0x08014670                ip4_route
 .text.ip4_input
                0x08014724      0x184 build/ip4.o
                0x08014724                ip4_input
 .text.ip4_output_if_src
                0x080148a8       0xf8 build/ip4.o
                0x080148a8                ip4_output_if_src
 .text.ip4_output_if
                0x080149a0       0x30 build/ip4.o
                0x080149a0                ip4_output_if
 .text.ip4_addr_isbroadcast_u32
                0x080149d0       0x40 build/ip4_addr.o
                0x080149d0                ip4_addr_isbroadcast_u32
 .text.ip_reass_dequeue_datagram
                0x08014a10       0x48 build/ip4_frag.o
 .text.ip_reass_free_complete_datagram
                0x08014a58       0xfc build/ip4_frag.o
 .text.ip_reass_remove_oldest_datagram
                0x08014b54       0x80 build/ip4_frag.o
 .text.ip_frag_free_pbuf_custom_ref
                0x08014bd4       0x2c build/ip4_frag.o
 .text.ipfrag_free_pbuf_custom
                0x08014c00       0x34 build/ip4_frag.o
 .text.ip_reass_chain_frag_into_datagram_and_validate
                0x08014c34      0x1b0 build/ip4_frag.o
 .text.ip_frag_alloc_pbuf_custom_ref
                0x08014de4        0xa build/ip4_frag.o
 *fill*         0x08014dee        0x2 
 .text.ip_reass_enqueue_new_datagram
                0x08014df0       0x60 build/ip4_frag.o
 .text.ip_reass_tmr
                0x08014e50       0x2c build/ip4_frag.o
                0x08014e50                ip_reass_tmr
 .text.ip4_reass
                0x08014e7c      0x21c build/ip4_frag.o
                0x08014e7c                ip4_reass
 .text.ip4_frag
                0x08015098      0x1f0 build/ip4_frag.o
                0x08015098                ip4_frag
 .text.sys_mbox_new
                0x08015288       0x1c build/sys_arch.o
                0x08015288                sys_mbox_new
 .text.sys_mbox_free
                0x080152a4       0x12 build/sys_arch.o
                0x080152a4                sys_mbox_free
 .text.sys_mbox_trypost
                0x080152b6       0x1e build/sys_arch.o
                0x080152b6                sys_mbox_trypost
 .text.sys_arch_mbox_fetch
                0x080152d4       0x42 build/sys_arch.o
                0x080152d4                sys_arch_mbox_fetch
 .text.sys_arch_mbox_tryfetch
                0x08015316       0x16 build/sys_arch.o
                0x08015316                sys_arch_mbox_tryfetch
 .text.sys_mbox_valid
                0x0801532c        0xc build/sys_arch.o
                0x0801532c                sys_mbox_valid
 .text.sys_mbox_set_invalid
                0x08015338        0x6 build/sys_arch.o
                0x08015338                sys_mbox_set_invalid
 .text.sys_sem_new
                0x0801533e       0x2a build/sys_arch.o
                0x0801533e                sys_sem_new
 .text.sys_arch_sem_wait
                0x08015368       0x3c build/sys_arch.o
                0x08015368                sys_arch_sem_wait
 .text.sys_sem_signal
                0x080153a4        0xa build/sys_arch.o
                0x080153a4                sys_sem_signal
 .text.sys_sem_free
                0x080153ae        0xa build/sys_arch.o
                0x080153ae                sys_sem_free
 .text.sys_sem_valid
                0x080153b8        0xc build/sys_arch.o
                0x080153b8                sys_sem_valid
 .text.sys_sem_set_invalid
                0x080153c4        0x6 build/sys_arch.o
                0x080153c4                sys_sem_set_invalid
 *fill*         0x080153ca        0x2 
 .text.sys_init
                0x080153cc       0x18 build/sys_arch.o
                0x080153cc                sys_init
 .text.sys_mutex_new
                0x080153e4       0x1c build/sys_arch.o
                0x080153e4                sys_mutex_new
 .text.sys_mutex_lock
                0x08015400        0xe build/sys_arch.o
                0x08015400                sys_mutex_lock
 .text.sys_mutex_unlock
                0x0801540e        0xa build/sys_arch.o
                0x0801540e                sys_mutex_unlock
 .text.sys_thread_new
                0x08015418       0x34 build/sys_arch.o
                0x08015418                sys_thread_new
 .text.sys_arch_protect
                0x0801544c       0x18 build/sys_arch.o
                0x0801544c                sys_arch_protect
 .text.sys_arch_unprotect
                0x08015464       0x10 build/sys_arch.o
                0x08015464                sys_arch_unprotect
 .text.MX_FDCAN1_Init
                0x08015474       0x6c build/fdcan.o
                0x08015474                MX_FDCAN1_Init
 .text.HAL_FDCAN_MspInit
                0x080154e0       0xa0 build/fdcan.o
                0x080154e0                HAL_FDCAN_MspInit
 .text.FDCAN_CalculateRamBlockAddresses
                0x08015580      0x1ec build/stm32h7xx_hal_fdcan.o
 .text.FDCAN_CopyMessageToRAM
                0x0801576c       0x9c build/stm32h7xx_hal_fdcan.o
 .text.HAL_FDCAN_Init
                0x08015808      0x294 build/stm32h7xx_hal_fdcan.o
                0x08015808                HAL_FDCAN_Init
 .text.HAL_FDCAN_ConfigFilter
                0x08015a9c       0x88 build/stm32h7xx_hal_fdcan.o
                0x08015a9c                HAL_FDCAN_ConfigFilter
 .text.HAL_FDCAN_ConfigGlobalFilter
                0x08015b24       0x32 build/stm32h7xx_hal_fdcan.o
                0x08015b24                HAL_FDCAN_ConfigGlobalFilter
 .text.HAL_FDCAN_Start
                0x08015b56       0x32 build/stm32h7xx_hal_fdcan.o
                0x08015b56                HAL_FDCAN_Start
 .text.HAL_FDCAN_AddMessageToTxFifoQ
                0x08015b88       0x74 build/stm32h7xx_hal_fdcan.o
                0x08015b88                HAL_FDCAN_AddMessageToTxFifoQ
 .text.HAL_FDCAN_GetRxMessage
                0x08015bfc      0x200 build/stm32h7xx_hal_fdcan.o
                0x08015bfc                HAL_FDCAN_GetRxMessage
 .text.HAL_FDCAN_GetRxFifoFillLevel
                0x08015dfc       0x1c build/stm32h7xx_hal_fdcan.o
                0x08015dfc                HAL_FDCAN_GetRxFifoFillLevel
 .text.Reset_Handler
                0x08015e18       0x54 build/startup_stm32h743xx.o
                0x08015e18                Reset_Handler
 .text.Default_Handler
                0x08015e6c        0x2 build/startup_stm32h743xx.o
                0x08015e6c                RTC_Alarm_IRQHandler
                0x08015e6c                EXTI2_IRQHandler
                0x08015e6c                TIM8_CC_IRQHandler
                0x08015e6c                HRTIM1_Master_IRQHandler
                0x08015e6c                UART8_IRQHandler
                0x08015e6c                SPI4_IRQHandler
                0x08015e6c                TIM1_CC_IRQHandler
                0x08015e6c                BDMA_Channel6_IRQHandler
                0x08015e6c                DMA2_Stream5_IRQHandler
                0x08015e6c                HRTIM1_FLT_IRQHandler
                0x08015e6c                JPEG_IRQHandler
                0x08015e6c                DMA1_Stream5_IRQHandler
                0x08015e6c                BDMA_Channel1_IRQHandler
                0x08015e6c                HRTIM1_TIMD_IRQHandler
                0x08015e6c                TAMP_STAMP_IRQHandler
                0x08015e6c                EXTI3_IRQHandler
                0x08015e6c                LPTIM4_IRQHandler
                0x08015e6c                TIM8_TRG_COM_TIM14_IRQHandler
                0x08015e6c                LPTIM2_IRQHandler
                0x08015e6c                DFSDM1_FLT1_IRQHandler
                0x08015e6c                DMAMUX2_OVR_IRQHandler
                0x08015e6c                TIM8_UP_TIM13_IRQHandler
                0x08015e6c                I2C3_ER_IRQHandler
                0x08015e6c                DFSDM1_FLT2_IRQHandler
                0x08015e6c                MDMA_IRQHandler
                0x08015e6c                LPTIM3_IRQHandler
                0x08015e6c                HSEM1_IRQHandler
                0x08015e6c                EXTI0_IRQHandler
                0x08015e6c                I2C2_EV_IRQHandler
                0x08015e6c                DMA1_Stream2_IRQHandler
                0x08015e6c                FPU_IRQHandler
                0x08015e6c                OTG_HS_WKUP_IRQHandler
                0x08015e6c                FDCAN1_IT1_IRQHandler
                0x08015e6c                LTDC_ER_IRQHandler
                0x08015e6c                DMA2_Stream2_IRQHandler
                0x08015e6c                HRTIM1_TIME_IRQHandler
                0x08015e6c                SPI1_IRQHandler
                0x08015e6c                TIM6_DAC_IRQHandler
                0x08015e6c                DCMI_IRQHandler
                0x08015e6c                HRTIM1_TIMC_IRQHandler
                0x08015e6c                DMA2_Stream3_IRQHandler
                0x08015e6c                SAI2_IRQHandler
                0x08015e6c                DFSDM1_FLT3_IRQHandler
                0x08015e6c                USART6_IRQHandler
                0x08015e6c                TIM17_IRQHandler
                0x08015e6c                USART3_IRQHandler
                0x08015e6c                BDMA_Channel7_IRQHandler
                0x08015e6c                LPTIM5_IRQHandler
                0x08015e6c                UART5_IRQHandler
                0x08015e6c                ADC3_IRQHandler
                0x08015e6c                DMA2_Stream0_IRQHandler